******************************************************************************
            TI ARM Clang Linker PC v4.0.4                      
******************************************************************************
>> Linked Sat Jul 18 21:58:23 2026

OUTPUT FILE NAME:   <11_PID_car.out>
ENTRY POINT SYMBOL: "_c_int00_noargs"  address: 00002539


MEMORY CONFIGURATION

         name            origin    length      used     unused   attr    fill
----------------------  --------  ---------  --------  --------  ----  --------
  FLASH                 00000000   00020000  00002d10  0001d2f0  R  X
  SRAM                  20200000   00008000  00000794  0000786c  RW X
  BCR_CONFIG            41c00000   000000ff  00000000  000000ff  R   
  BSL_CONFIG            41c00100   00000080  00000000  00000080  R   


SEGMENT ALLOCATION MAP

run origin  load origin   length   init length attrs members
----------  ----------- ---------- ----------- ----- -------
00000000    00000000    00002d10   00002d10    r-x
  00000000    00000000    000000c0   000000c0    r-- .intvecs
  000000c0    000000c0    00002b60   00002b60    r-x .text
  00002c20    00002c20    00000098   00000098    r-- .rodata
  00002cb8    00002cb8    00000058   00000058    r-- .cinit
20200000    20200000    00000594   00000000    rw-
  20200000    20200000    0000053c   00000000    rw- .bss
  2020053c    2020053c    00000058   00000000    rw- .data
20207e00    20207e00    00000200   00000000    rw-
  20207e00    20207e00    00000200   00000000    rw- .stack


SECTION ALLOCATION MAP

 output                                  attributes/
section   page    origin      length       input sections
--------  ----  ----------  ----------   ----------------
.intvecs   0    00000000    000000c0     
                  00000000    000000c0     startup_mspm0g350x_ticlang.o (.intvecs)

.text      0    000000c0    00002b60     
                  000000c0    000003d4     huidu.o (.text.adjust_motor)
                  00000494    00000284     libc.a : _printfi.c.obj (.text:__TI_printfi_minimal)
                  00000718    000001e4     ti_msp_dl_config.o (.text.SYSCFG_DL_GPIO_init)
                  000008fc    000001bc     motor.o (.text.DC_MOTOR_PID)
                  00000ab8    00000130     main.o (.text.main)
                  00000be8    0000010c     motor.o (.text.motor_set_direction)
                  00000cf4    00000104     driverlib.a : dl_timer.o (.text.DL_Timer_initFourCCPWMMode)
                  00000df8    000000fc                 : dl_timer.o (.text.DL_Timer_initTimerMode)
                  00000ef4    000000f8     oled.o (.text.OLED_Init)
                  00000fec    000000e8     ti_msp_dl_config.o (.text.SYSCFG_DL_SYSCTL_SYSPLL_init)
                  000010d4    000000e4     libclang_rt.builtins.a : muldf3.S.obj (.text.__muldf3)
                  000011b8    000000dc     driverlib.a : dl_sysctl_mspm0g1x0x_g3x0x.o (.text.DL_SYSCTL_configSYSPLL)
                  00001294    000000d8     libclang_rt.builtins.a : addsf3.S.obj (.text)
                  0000136c    000000c4     motor.o (.text.calculate_speed)
                  00001430    00000098     huidu.o (.text.huidu_get_value)
                  000014c8    0000008c     key.o (.text.GROUP1_IRQHandler)
                  00001554    0000008c     ti_msp_dl_config.o (.text.SYSCFG_DL_PWMAB_init)
                  000015e0    0000008c     libclang_rt.builtins.a : mulsf3.S.obj (.text.__mulsf3)
                  0000166c    00000082                            : divsf3.S.obj (.text.__divsf3)
                  000016ee    00000002                            : aeabi_div0.c.obj (.text.__aeabi_idiv0)
                  000016f0    0000007c     oled.o (.text.OLED_Refresh)
                  0000176c    0000007c     ti_msp_dl_config.o (.text.SYSCFG_DL_initPower)
                  000017e8    0000007c     motor.o (.text.motor_init)
                  00001864    0000007c     libc.a : copy_decompress_lzss.c.obj (.text:decompress:lzss)
                  000018e0    00000074     oled.o (.text.OLED_WR_Byte)
                  00001954    00000074     ti_msp_dl_config.o (.text.SYSCFG_DL_SYSCTL_init)
                  000019c8    00000074     libclang_rt.builtins.a : comparedf2.c.obj (.text.__gedf2)
                  00001a3c    00000004     startup_mspm0g350x_ticlang.o (.text.Default_Handler)
                  00001a40    00000074     libclang_rt.builtins.a : truncdfsf2.S.obj (.text.__truncdfsf2)
                  00001ab4    00000068                            : comparedf2.c.obj (.text.__ledf2)
                  00001b1c    00000064     driverlib.a : dl_sysctl_mspm0g1x0x_g3x0x.o (.text.DL_SYSCTL_setHFCLKSourceHFXTParams)
                  00001b80    00000062     libclang_rt.builtins.a : aeabi_dcmp.S.obj (.text.__aeabi_dcmp)
                  00001be2    00000002     --HOLE-- [fill = 0]
                  00001be4    00000062                            : aeabi_fcmp.S.obj (.text.__aeabi_fcmp)
                  00001c46    00000002     --HOLE-- [fill = 0]
                  00001c48    00000060     oled.o (.text.OLED_Clear)
                  00001ca8    00000060     ti_msp_dl_config.o (.text.SYSCFG_DL_OLED_init)
                  00001d08    0000005e     driverlib.a : dl_i2c.o (.text.DL_I2C_fillControllerTXFIFO)
                  00001d66    00000002     --HOLE-- [fill = 0]
                  00001d68    00000058     motor.o (.text.motor_set_duty)
                  00001dc0    00000056     libclang_rt.builtins.a : aeabi_idivmod.S.obj (.text.__aeabi_idivmod)
                  00001e16    00000002     --HOLE-- [fill = 0]
                  00001e18    00000050     ti_msp_dl_config.o (.text.DL_GPIO_initPeripheralInputFunctionFeatures)
                  00001e68    00000050     oled.o (.text.DL_I2C_startControllerTransfer)
                  00001eb8    0000004c     ti_msp_dl_config.o (.text.DL_GPIO_initDigitalInputFeatures)
                  00001f04    0000004c     ti_msp_dl_config.o (.text.DL_UART_setBaudRateDivisor)
                  00001f50    00000048     driverlib.a : dl_uart.o (.text.DL_UART_init)
                  00001f98    00000048     oled.o (.text.OLED_DisplayTurn)
                  00001fe0    00000048     ti_msp_dl_config.o (.text.SYSCFG_DL_DEBUG_init)
                  00002028    00000044     driverlib.a : dl_sysctl_mspm0g1x0x_g3x0x.o (.text.DL_SYSCTL_switchMCLKfromSYSOSCtoHSCLK)
                  0000206c    00000040     libclang_rt.builtins.a : aeabi_uidivmod.S.obj (.text.__aeabi_uidivmod)
                  000020ac    00000040                            : extendsfdf2.S.obj (.text.__extendsfdf2)
                  000020ec    0000003c     ti_msp_dl_config.o (.text.DL_Timer_setCounterControl)
                  00002128    0000003c     motor.o (.text.TIMA0_IRQHandler)
                  00002164    0000003c     libclang_rt.builtins.a : comparesf2.S.obj (.text.__gtsf2)
                  000021a0    0000003c     libc.a : autoinit.c.obj (.text:__TI_auto_init_nobinit_nopinit)
                  000021dc    0000003a     libclang_rt.builtins.a : comparesf2.S.obj (.text.__eqsf2)
                  00002216    00000002     --HOLE-- [fill = 0]
                  00002218    0000003a                            : muldsi3.S.obj (.text.__muldsi3)
                  00002252    00000002     --HOLE-- [fill = 0]
                  00002254    00000038                            : fixsfsi.S.obj (.text.__fixsfsi)
                  0000228c    00000038     libc.a : sprintf.c.obj (.text.sprintf)
                  000022c4    00000034     oled.o (.text.OLED_ColorTurn)
                  000022f8    00000034     ti_msp_dl_config.o (.text.SYSCFG_DL_MOTOR_PID_init)
                  0000232c    00000034     huidu.o (.text.get_gpio_state)
                  00002360    00000030     driverlib.a : dl_uart.o (.text.DL_UART_transmitDataBlocking)
                  00002390    00000030     motor.o (.text.limit_duty)
                  000023c0    0000002c     ti_msp_dl_config.o (.text.SYSCFG_DL_init)
                  000023ec    0000002c     main.o (.text.__NVIC_EnableIRQ)
                  00002418    0000002c     motor.o (.text.__NVIC_EnableIRQ)
                  00002444    0000002a     uart.o (.text.UART_send_string)
                  0000246e    00000028     oled.o (.text.DL_Common_updateReg)
                  00002496    00000028     ti_msp_dl_config.o (.text.DL_Common_updateReg)
                  000024be    00000002     --HOLE-- [fill = 0]
                  000024c0    00000028     ti_msp_dl_config.o (.text.DL_I2C_setControllerRXFIFOThreshold)
                  000024e8    00000028     ti_msp_dl_config.o (.text.DL_I2C_setControllerTXFIFOThreshold)
                  00002510    00000028     libclang_rt.builtins.a : floatunsisf.S.obj (.text.__floatunsisf)
                  00002538    00000028     libc.a : boot_cortex_m.c.obj (.text:_c_int00_noargs)
                  00002560    00000026     ti_msp_dl_config.o (.text.DL_I2C_setAnalogGlitchFilterPulseWidth)
                  00002586    00000026     driverlib.a : dl_i2c.o (.text.DL_I2C_setClockConfig)
                  000025ac    00000024     ti_msp_dl_config.o (.text.DL_I2C_setDigitalGlitchFilterPulseWidth)
                  000025d0    00000024     libclang_rt.builtins.a : floatunsidf.S.obj (.text.__floatunsidf)
                  000025f4    00000022     libc.a : memccpy.c.obj (.text.memccpy)
                  00002616    00000002     --HOLE-- [fill = 0]
                  00002618    00000020     ti_msp_dl_config.o (.text.DL_GPIO_initPeripheralInputFunction)
                  00002638    00000020     ti_msp_dl_config.o (.text.DL_SYSCTL_setFlashWaitState)
                  00002658    0000001e     ti_msp_dl_config.o (.text.DL_UART_setOversampling)
                  00002676    00000002     --HOLE-- [fill = 0]
                  00002678    0000001c     ti_msp_dl_config.o (.text.DL_GPIO_clearInterruptStatus)
                  00002694    0000001c     ti_msp_dl_config.o (.text.DL_GPIO_enableHiZ)
                  000026b0    0000001c     ti_msp_dl_config.o (.text.DL_GPIO_enableInterrupt)
                  000026cc    0000001c     ti_msp_dl_config.o (.text.DL_GPIO_initPeripheralOutputFunction)
                  000026e8    0000001c     ti_msp_dl_config.o (.text.DL_GPIO_setLowerPinsPolarity)
                  00002704    0000001c     driverlib.a : dl_sysctl_mspm0g1x0x_g3x0x.o (.text.DL_SYSCTL_configFCC)
                  00002720    0000001c     ti_msp_dl_config.o (.text.DL_SYSCTL_setFCCPeriods)
                  0000273c    0000001c     ti_msp_dl_config.o (.text.DL_SYSCTL_setSYSOSCFreq)
                  00002758    0000001c     ti_msp_dl_config.o (.text.DL_SYSCTL_setULPCLKDivider)
                  00002774    0000001c     ti_msp_dl_config.o (.text.DL_Timer_enableInterrupt)
                  00002790    0000001c     driverlib.a : dl_timer.o (.text.DL_Timer_setCaptCompUpdateMethod)
                  000027ac    0000001c                 : dl_timer.o (.text.DL_Timer_setClockConfig)
                  000027c8    0000001c     ti_msp_dl_config.o (.text.DL_UART_enableInterrupt)
                  000027e4    0000001c     uart.o (.text.UART_send_char)
                  00002800    0000001c     delay.o (.text.delay_ms)
                  0000281c    00000018     ti_msp_dl_config.o (.text.DL_GPIO_enableOutput)
                  00002834    00000018     ti_msp_dl_config.o (.text.DL_GPIO_enablePower)
                  0000284c    00000018     ti_msp_dl_config.o (.text.DL_GPIO_initDigitalOutput)
                  00002864    00000018     ti_msp_dl_config.o (.text.DL_GPIO_initPeripheralAnalogFunction)
                  0000287c    00000018     ti_msp_dl_config.o (.text.DL_GPIO_reset)
                  00002894    00000018     motor.o (.text.DL_GPIO_setPins)
                  000028ac    00000018     ti_msp_dl_config.o (.text.DL_GPIO_setUpperPinsPolarity)
                  000028c4    00000018     ti_msp_dl_config.o (.text.DL_I2C_enableAnalogGlitchFilter)
                  000028dc    00000018     ti_msp_dl_config.o (.text.DL_I2C_enableController)
                  000028f4    00000018     ti_msp_dl_config.o (.text.DL_I2C_enableControllerClockStretching)
                  0000290c    00000018     ti_msp_dl_config.o (.text.DL_I2C_enablePower)
                  00002924    00000018     ti_msp_dl_config.o (.text.DL_I2C_reset)
                  0000293c    00000018     ti_msp_dl_config.o (.text.DL_I2C_setTimerPeriod)
                  00002954    00000018     ti_msp_dl_config.o (.text.DL_SYSCTL_setBORThreshold)
                  0000296c    00000018     ti_msp_dl_config.o (.text.DL_Timer_enablePower)
                  00002984    00000018     ti_msp_dl_config.o (.text.DL_Timer_reset)
                  0000299c    00000018     driverlib.a : dl_timer.o (.text.DL_Timer_setCaptureCompareOutCtl)
                  000029b4    00000018     motor.o (.text.DL_Timer_startCounter)
                  000029cc    00000018     ti_msp_dl_config.o (.text.DL_UART_enablePower)
                  000029e4    00000018     ti_msp_dl_config.o (.text.DL_UART_reset)
                  000029fc    00000018     libc.a : sprintf.c.obj (.text._outs)
                  00002a14    00000016     huidu.o (.text.DL_GPIO_readPins)
                  00002a2a    00000016     ti_msp_dl_config.o (.text.DL_UART_enable)
                  00002a40    00000014     motor.o (.text.DL_GPIO_clearPins)
                  00002a54    00000014     ti_msp_dl_config.o (.text.DL_GPIO_clearPins)
                  00002a68    00000014     oled.o (.text.DL_I2C_getControllerStatus)
                  00002a7c    00000014     ti_msp_dl_config.o (.text.DL_I2C_resetControllerTransfer)
                  00002a90    00000014     ti_msp_dl_config.o (.text.DL_SYSCTL_disableSYSPLL)
                  00002aa4    00000014     ti_msp_dl_config.o (.text.DL_SYSCTL_enableSYSPLL)
                  00002ab8    00000014     ti_msp_dl_config.o (.text.DL_Timer_enableClock)
                  00002acc    00000014     ti_msp_dl_config.o (.text.DL_Timer_setCCPDirection)
                  00002ae0    00000014     motor.o (.text.motor_pid_start)
                  00002af4    00000012     key.o (.text.DL_GPIO_getPendingInterrupt)
                  00002b06    00000012     motor.o (.text.DL_Timer_getPendingInterrupt)
                  00002b18    00000012     driverlib.a : dl_uart.o (.text.DL_UART_setClockConfig)
                  00002b2a    00000012     libc.a : memcpy16.S.obj (.text:TI_memcpy_small)
                  00002b3c    00000012            : copy_decompress_none.c.obj (.text:decompress:none)
                  00002b4e    00000002     --HOLE-- [fill = 0]
                  00002b50    00000010     ti_msp_dl_config.o (.text.DL_SYSCTL_disableHFXT)
                  00002b60    00000010     ti_msp_dl_config.o (.text.DL_SYSCTL_isFCCDone)
                  00002b70    00000010     ti_msp_dl_config.o (.text.DL_SYSCTL_startFCC)
                  00002b80    00000010     driverlib.a : dl_timer.o (.text.DL_Timer_setCaptureCompareValue)
                  00002b90    00000010     libc.a : copy_zero_init.c.obj (.text:decompress:ZI)
                  00002ba0    0000000e     libclang_rt.builtins.a : aeabi_memset.S.obj (.text.__aeabi_memset)
                  00002bae    0000000e     libc.a : _printfi.c.obj (.text.strlen)
                  00002bbc    0000000e            : memset16.S.obj (.text:TI_memset_small)
                  00002bca    00000002     --HOLE-- [fill = 0]
                  00002bcc    0000000c     ti_msp_dl_config.o (.text.DL_SYSCTL_getClockStatus)
                  00002bd8    0000000c     ti_msp_dl_config.o (.text.DL_SYSCTL_readFCC)
                  00002be4    0000000c     libclang_rt.builtins.a : aeabi_memset.S.obj (.text.__aeabi_memclr)
                  00002bf0    0000000a     driverlib.a : dl_common.o (.text.DL_Common_delayCycles)
                  00002bfa    0000000a     libc.a : sprintf.c.obj (.text._outc)
                  00002c04    00000008     libclang_rt.builtins.a : aeabi_memcpy.S.obj (.text.__aeabi_memcpy)
                  00002c0c    00000006     libc.a : exit.c.obj (.text:abort)
                  00002c12    00000004     libsysbm.a : hostexit.c.obj (.text.HOSTexit)
                  00002c16    00000004     startup_mspm0g350x_ticlang.o (.text.Reset_Handler)
                  00002c1a    00000004     libc.a : pre_init.c.obj (.text._system_pre_init)
                  00002c1e    00000002     --HOLE-- [fill = 0]

.cinit     0    00002cb8    00000058     
                  00002cb8    0000002e     (.cinit..data.load) [load image, compression = lzss]
                  00002ce6    00000002     --HOLE-- [fill = 0]
                  00002ce8    0000000c     (__TI_handler_table)
                  00002cf4    00000008     (.cinit..bss.load) [load image, compression = zero_init]
                  00002cfc    00000010     (__TI_cinit_table)
                  00002d0c    00000004     --HOLE-- [fill = 0]

.rodata    0    00002c20    00000098     
                  00002c20    00000028     ti_msp_dl_config.o (.rodata.gSYSPLLConfig)
                  00002c48    00000028     main.o (.rodata.str1.15159059442110792349.1)
                  00002c70    00000014     ti_msp_dl_config.o (.rodata.gMOTOR_PIDTimerConfig)
                  00002c84    00000011     libc.a : _printfi.c.obj (.rodata.str1.15363888844622738466.1)
                  00002c95    00000001     --HOLE-- [fill = 0]
                  00002c96    0000000a     ti_msp_dl_config.o (.rodata.gDEBUGConfig)
                  00002ca0    00000008     ti_msp_dl_config.o (.rodata.gPWMABConfig)
                  00002ca8    00000003     ti_msp_dl_config.o (.rodata.gMOTOR_PIDClockConfig)
                  00002cab    00000003     ti_msp_dl_config.o (.rodata.gPWMABClockConfig)
                  00002cae    00000002     ti_msp_dl_config.o (.rodata.gDEBUGClockConfig)
                  00002cb0    00000002     ti_msp_dl_config.o (.rodata.gOLEDClockConfig)
                  00002cb2    00000006     --HOLE-- [fill = 0]

.init_array 
*          0    00000000    00000000     UNINITIALIZED

.binit     0    00000000    00000000     

.bss       0    20200000    0000053c     UNINITIALIZED
                  20200000    00000480     (.common:OLED_GRAM)
                  20200480    000000bc     (.common:gMOTOR_PIDBackup)

.data      0    2020053c    00000058     UNINITIALIZED
                  2020053c    0000001c     huidu.o (.data.spd)
                  20200558    00000008     huidu.o (.data.huidu_value)
                  20200560    00000004     motor.o (.data.PWM_1_duty)
                  20200564    00000004     motor.o (.data.PWM_2_duty)
                  20200568    00000004     key.o (.data.counter_1_A)
                  2020056c    00000004     key.o (.data.counter_2_A)
                  20200570    00000004     motor.o (.data.integral_1)
                  20200574    00000004     motor.o (.data.integral_2)
                  20200578    00000004     motor.o (.data.ki)
                  2020057c    00000004     motor.o (.data.kp)
                  20200580    00000004     motor.o (.data.speed_1)
                  20200584    00000004     motor.o (.data.speed_2)
                  20200588    00000004     main.o (.data.status)
                  2020058c    00000004     motor.o (.data.target_speed_1)
                  20200590    00000004     motor.o (.data.target_speed_2)

.stack     0    20207e00    00000200     UNINITIALIZED
                  20207e00    00000004     libc.a : boot_cortex_m.c.obj (.stack)
                  20207e04    000001fc     --HOLE--

__llvm_prf_cnts 
*          0    20200000    00000000     UNINITIALIZED

__llvm_prf_bits 
*          0    20200000    00000000     UNINITIALIZED

MODULE SUMMARY

       Module                         code    ro data   rw data
       ------                         ----    -------   -------
    .\
       ti_msp_dl_config.o             2842    88        188    
       main.o                         348     40        4      
       startup_mspm0g350x_ticlang.o   8       192       0      
    +--+------------------------------+-------+---------+---------+
       Total:                         3198    320       192    
                                                               
    .\user_driver\
       oled.o                         848     0         1152   
       motor.o                        1378    0         40     
       huidu.o                        1206    0         36     
       key.o                          158     0         8      
       uart.o                         70      0         0      
       delay.o                        28      0         0      
    +--+------------------------------+-------+---------+---------+
       Total:                         3688    0         1236   
                                                               
    C:/TI/mspm0_sdk_2_10_00_04/source/ti/driverlib/lib/ticlang/m0p/mspm0g1x0x_g3x0x/driverlib.a
       dl_timer.o                     608     0         0      
       dl_sysctl_mspm0g1x0x_g3x0x.o   416     0         0      
       dl_uart.o                      138     0         0      
       dl_i2c.o                       132     0         0      
       dl_common.o                    10      0         0      
    +--+------------------------------+-------+---------+---------+
       Total:                         1304    0         0      
                                                               
    D:\vscode\ccs\tools\compiler\ti-cgt-armllvm_4.0.4.LTS\lib\armv6m-ti-none-eabi/c/libc.a
       _printfi.c.obj                 658     17        0      
       copy_decompress_lzss.c.obj     124     0         0      
       sprintf.c.obj                  90      0         0      
       autoinit.c.obj                 60      0         0      
       boot_cortex_m.c.obj            40      0         0      
       memccpy.c.obj                  34      0         0      
       copy_decompress_none.c.obj     18      0         0      
       memcpy16.S.obj                 18      0         0      
       copy_zero_init.c.obj           16      0         0      
       memset16.S.obj                 14      0         0      
       exit.c.obj                     6       0         0      
       pre_init.c.obj                 4       0         0      
    +--+------------------------------+-------+---------+---------+
       Total:                         1082    17        0      
                                                               
    D:\vscode\ccs\tools\compiler\ti-cgt-armllvm_4.0.4.LTS\lib\armv6m-ti-none-eabi/c/libsysbm.a
       hostexit.c.obj                 4       0         0      
    +--+------------------------------+-------+---------+---------+
       Total:                         4       0         0      
                                                               
    D:\vscode\ccs\tools\compiler\ti-cgt-armllvm_4.0.4.LTS\lib\armv6m-ti-none-eabi/libclang_rt.builtins.a
       muldf3.S.obj                   228     0         0      
       comparedf2.c.obj               220     0         0      
       addsf3.S.obj                   216     0         0      
       mulsf3.S.obj                   140     0         0      
       divsf3.S.obj                   130     0         0      
       comparesf2.S.obj               118     0         0      
       truncdfsf2.S.obj               116     0         0      
       aeabi_dcmp.S.obj               98      0         0      
       aeabi_fcmp.S.obj               98      0         0      
       aeabi_idivmod.S.obj            86      0         0      
       aeabi_uidivmod.S.obj           64      0         0      
       extendsfdf2.S.obj              64      0         0      
       muldsi3.S.obj                  58      0         0      
       fixsfsi.S.obj                  56      0         0      
       floatunsisf.S.obj              40      0         0      
       floatunsidf.S.obj              36      0         0      
       aeabi_memset.S.obj             26      0         0      
       aeabi_memcpy.S.obj             8       0         0      
       aeabi_div0.c.obj               2       0         0      
    +--+------------------------------+-------+---------+---------+
       Total:                         1804    0         0      
                                                               
       Stack:                         0       0         512    
       Linker Generated:              0       82        0      
    +--+------------------------------+-------+---------+---------+
       Grand Total:                   11080   419       1940   


LINKER GENERATED COPY TABLES

__TI_cinit_table @ 00002cfc records: 2, size/record: 8, table size: 16
	.data: load addr=00002cb8, load size=0000002e bytes, run addr=2020053c, run size=00000058 bytes, compression=lzss
	.bss: load addr=00002cf4, load size=00000008 bytes, run addr=20200000, run size=0000053c bytes, compression=zero_init


LINKER GENERATED HANDLER TABLE

__TI_handler_table @ 00002ce8 records: 3, size/record: 4, table size: 12
	index: 0, handler: __TI_decompress_lzss
	index: 1, handler: __TI_decompress_none
	index: 2, handler: __TI_zero_init


GLOBAL SYMBOLS: SORTED ALPHABETICALLY BY Name 

address   name                                 
-------   ----                                 
00001a3d  ADC0_IRQHandler                      
00001a3d  ADC1_IRQHandler                      
00001a3d  AES_IRQHandler                       
00002c12  C$$EXIT                              
00001a3d  CANFD0_IRQHandler                    
00001a3d  DAC0_IRQHandler                      
000008fd  DC_MOTOR_PID                         
00002bf1  DL_Common_delayCycles                
00001d09  DL_I2C_fillControllerTXFIFO          
00002587  DL_I2C_setClockConfig                
00002705  DL_SYSCTL_configFCC                  
000011b9  DL_SYSCTL_configSYSPLL               
00001b1d  DL_SYSCTL_setHFCLKSourceHFXTParams   
00002029  DL_SYSCTL_switchMCLKfromSYSOSCtoHSCLK
00000cf5  DL_Timer_initFourCCPWMMode           
00000df9  DL_Timer_initTimerMode               
00002791  DL_Timer_setCaptCompUpdateMethod     
0000299d  DL_Timer_setCaptureCompareOutCtl     
00002b81  DL_Timer_setCaptureCompareValue      
000027ad  DL_Timer_setClockConfig              
00001f51  DL_UART_init                         
00002b19  DL_UART_setClockConfig               
00002361  DL_UART_transmitDataBlocking         
00001a3d  DMA_IRQHandler                       
00001a3d  Default_Handler                      
00001a3d  GROUP0_IRQHandler                    
000014c9  GROUP1_IRQHandler                    
00002c13  HOSTexit                             
00001a3d  HardFault_Handler                    
00001a3d  I2C0_IRQHandler                      
00001a3d  I2C1_IRQHandler                      
00001a3d  NMI_Handler                          
00001c49  OLED_Clear                           
000022c5  OLED_ColorTurn                       
00001f99  OLED_DisplayTurn                     
20200000  OLED_GRAM                            
00000ef5  OLED_Init                            
000016f1  OLED_Refresh                         
000018e1  OLED_WR_Byte                         
20200560  PWM_1_duty                           
20200564  PWM_2_duty                           
00001a3d  PendSV_Handler                       
00001a3d  RTC_IRQHandler                       
00002c17  Reset_Handler                        
00001a3d  SPI0_IRQHandler                      
00001a3d  SPI1_IRQHandler                      
00001a3d  SVC_Handler                          
00001fe1  SYSCFG_DL_DEBUG_init                 
00000719  SYSCFG_DL_GPIO_init                  
000022f9  SYSCFG_DL_MOTOR_PID_init             
00001ca9  SYSCFG_DL_OLED_init                  
00001555  SYSCFG_DL_PWMAB_init                 
00000fed  SYSCFG_DL_SYSCTL_SYSPLL_init         
00001955  SYSCFG_DL_SYSCTL_init                
000023c1  SYSCFG_DL_init                       
0000176d  SYSCFG_DL_initPower                  
00001a3d  SysTick_Handler                      
00002129  TIMA0_IRQHandler                     
00001a3d  TIMA1_IRQHandler                     
00001a3d  TIMG0_IRQHandler                     
00001a3d  TIMG12_IRQHandler                    
00001a3d  TIMG6_IRQHandler                     
00001a3d  TIMG7_IRQHandler                     
00001a3d  TIMG8_IRQHandler                     
00002b2b  TI_memcpy_small                      
00002bbd  TI_memset_small                      
00001a3d  UART0_IRQHandler                     
00001a3d  UART1_IRQHandler                     
00001a3d  UART2_IRQHandler                     
00001a3d  UART3_IRQHandler                     
000027e5  UART_send_char                       
00002445  UART_send_string                     
20208000  __STACK_END                          
00000200  __STACK_SIZE                         
00000000  __TI_ATRegion0_region_sz             
00000000  __TI_ATRegion0_src_addr              
00000000  __TI_ATRegion0_trg_addr              
00000000  __TI_ATRegion1_region_sz             
00000000  __TI_ATRegion1_src_addr              
00000000  __TI_ATRegion1_trg_addr              
00000000  __TI_ATRegion2_region_sz             
00000000  __TI_ATRegion2_src_addr              
00000000  __TI_ATRegion2_trg_addr              
00002cfc  __TI_CINIT_Base                      
00002d0c  __TI_CINIT_Limit                     
00002d0c  __TI_CINIT_Warm                      
00002ce8  __TI_Handler_Table_Base              
00002cf4  __TI_Handler_Table_Limit             
000021a1  __TI_auto_init_nobinit_nopinit       
00001865  __TI_decompress_lzss                 
00002b3d  __TI_decompress_none                 
ffffffff  __TI_pprof_out_hndl                  
00000495  __TI_printfi_minimal                 
ffffffff  __TI_prof_data_size                  
ffffffff  __TI_prof_data_start                 
00000000  __TI_static_base__                   
00002b91  __TI_zero_init                       
0000129f  __addsf3                             
00001a41  __aeabi_d2f                          
00001b81  __aeabi_dcmpeq                       
00001bbd  __aeabi_dcmpge                       
00001bd1  __aeabi_dcmpgt                       
00001ba9  __aeabi_dcmple                       
00001b95  __aeabi_dcmplt                       
000010d5  __aeabi_dmul                         
000020ad  __aeabi_f2d                          
00002255  __aeabi_f2iz                         
0000129f  __aeabi_fadd                         
00001be5  __aeabi_fcmpeq                       
00001c21  __aeabi_fcmpge                       
00001c35  __aeabi_fcmpgt                       
00001c0d  __aeabi_fcmple                       
00001bf9  __aeabi_fcmplt                       
0000166d  __aeabi_fdiv                         
000015e1  __aeabi_fmul                         
00001295  __aeabi_fsub                         
00001dc1  __aeabi_idiv                         
000016ef  __aeabi_idiv0                        
00001dc1  __aeabi_idivmod                      
00002be5  __aeabi_memclr                       
00002be5  __aeabi_memclr4                      
00002be5  __aeabi_memclr8                      
00002c05  __aeabi_memcpy                       
00002c05  __aeabi_memcpy4                      
00002c05  __aeabi_memcpy8                      
00002ba1  __aeabi_memset                       
00002ba1  __aeabi_memset4                      
00002ba1  __aeabi_memset8                      
000025d1  __aeabi_ui2d                         
00002511  __aeabi_ui2f                         
0000206d  __aeabi_uidiv                        
0000206d  __aeabi_uidivmod                     
ffffffff  __binit__                            
00001ab5  __cmpdf2                             
000021dd  __cmpsf2                             
0000166d  __divsf3                             
00001ab5  __eqdf2                              
000021dd  __eqsf2                              
000020ad  __extendsfdf2                        
00002255  __fixsfsi                            
000025d1  __floatunsidf                        
00002511  __floatunsisf                        
000019c9  __gedf2                              
00002165  __gesf2                              
000019c9  __gtdf2                              
00002165  __gtsf2                              
00001ab5  __ledf2                              
000021dd  __lesf2                              
00001ab5  __ltdf2                              
000021dd  __ltsf2                              
UNDEFED   __mpu_init                           
000010d5  __muldf3                             
00002219  __muldsi3                            
000015e1  __mulsf3                             
00001ab5  __nedf2                              
000021dd  __nesf2                              
20207e00  __stack                              
20200000  __start___llvm_prf_bits              
20200000  __start___llvm_prf_cnts              
20200000  __stop___llvm_prf_bits               
20200000  __stop___llvm_prf_cnts               
00001295  __subsf3                             
00001a41  __truncdfsf2                         
00002539  _c_int00_noargs                      
UNDEFED   _system_post_cinit                   
00002c1b  _system_pre_init                     
00002c0d  abort                                
000000c1  adjust_motor                         
ffffffff  binit                                
0000136d  calculate_speed                      
20200568  counter_1_A                          
2020056c  counter_2_A                          
00002801  delay_ms                             
20200480  gMOTOR_PIDBackup                     
0000232d  get_gpio_state                       
00001431  huidu_get_value                      
20200558  huidu_value                          
20200570  integral_1                           
20200574  integral_2                           
00000000  interruptVectors                     
20200578  ki                                   
2020057c  kp                                   
00002391  limit_duty                           
00000ab9  main                                 
000025f5  memccpy                              
000017e9  motor_init                           
00002ae1  motor_pid_start                      
00000be9  motor_set_direction                  
00001d69  motor_set_duty                       
2020053c  spd                                  
20200580  speed_1                              
20200584  speed_2                              
0000228d  sprintf                              
20200588  status                               
2020058c  target_speed_1                       
20200590  target_speed_2                       


GLOBAL SYMBOLS: SORTED BY Symbol Address 

address   name                                 
-------   ----                                 
00000000  __TI_ATRegion0_region_sz             
00000000  __TI_ATRegion0_src_addr              
00000000  __TI_ATRegion0_trg_addr              
00000000  __TI_ATRegion1_region_sz             
00000000  __TI_ATRegion1_src_addr              
00000000  __TI_ATRegion1_trg_addr              
00000000  __TI_ATRegion2_region_sz             
00000000  __TI_ATRegion2_src_addr              
00000000  __TI_ATRegion2_trg_addr              
00000000  __TI_static_base__                   
00000000  interruptVectors                     
000000c1  adjust_motor                         
00000200  __STACK_SIZE                         
00000495  __TI_printfi_minimal                 
00000719  SYSCFG_DL_GPIO_init                  
000008fd  DC_MOTOR_PID                         
00000ab9  main                                 
00000be9  motor_set_direction                  
00000cf5  DL_Timer_initFourCCPWMMode           
00000df9  DL_Timer_initTimerMode               
00000ef5  OLED_Init                            
00000fed  SYSCFG_DL_SYSCTL_SYSPLL_init         
000010d5  __aeabi_dmul                         
000010d5  __muldf3                             
000011b9  DL_SYSCTL_configSYSPLL               
00001295  __aeabi_fsub                         
00001295  __subsf3                             
0000129f  __addsf3                             
0000129f  __aeabi_fadd                         
0000136d  calculate_speed                      
00001431  huidu_get_value                      
000014c9  GROUP1_IRQHandler                    
00001555  SYSCFG_DL_PWMAB_init                 
000015e1  __aeabi_fmul                         
000015e1  __mulsf3                             
0000166d  __aeabi_fdiv                         
0000166d  __divsf3                             
000016ef  __aeabi_idiv0                        
000016f1  OLED_Refresh                         
0000176d  SYSCFG_DL_initPower                  
000017e9  motor_init                           
00001865  __TI_decompress_lzss                 
000018e1  OLED_WR_Byte                         
00001955  SYSCFG_DL_SYSCTL_init                
000019c9  __gedf2                              
000019c9  __gtdf2                              
00001a3d  ADC0_IRQHandler                      
00001a3d  ADC1_IRQHandler                      
00001a3d  AES_IRQHandler                       
00001a3d  CANFD0_IRQHandler                    
00001a3d  DAC0_IRQHandler                      
00001a3d  DMA_IRQHandler                       
00001a3d  Default_Handler                      
00001a3d  GROUP0_IRQHandler                    
00001a3d  HardFault_Handler                    
00001a3d  I2C0_IRQHandler                      
00001a3d  I2C1_IRQHandler                      
00001a3d  NMI_Handler                          
00001a3d  PendSV_Handler                       
00001a3d  RTC_IRQHandler                       
00001a3d  SPI0_IRQHandler                      
00001a3d  SPI1_IRQHandler                      
00001a3d  SVC_Handler                          
00001a3d  SysTick_Handler                      
00001a3d  TIMA1_IRQHandler                     
00001a3d  TIMG0_IRQHandler                     
00001a3d  TIMG12_IRQHandler                    
00001a3d  TIMG6_IRQHandler                     
00001a3d  TIMG7_IRQHandler                     
00001a3d  TIMG8_IRQHandler                     
00001a3d  UART0_IRQHandler                     
00001a3d  UART1_IRQHandler                     
00001a3d  UART2_IRQHandler                     
00001a3d  UART3_IRQHandler                     
00001a41  __aeabi_d2f                          
00001a41  __truncdfsf2                         
00001ab5  __cmpdf2                             
00001ab5  __eqdf2                              
00001ab5  __ledf2                              
00001ab5  __ltdf2                              
00001ab5  __nedf2                              
00001b1d  DL_SYSCTL_setHFCLKSourceHFXTParams   
00001b81  __aeabi_dcmpeq                       
00001b95  __aeabi_dcmplt                       
00001ba9  __aeabi_dcmple                       
00001bbd  __aeabi_dcmpge                       
00001bd1  __aeabi_dcmpgt                       
00001be5  __aeabi_fcmpeq                       
00001bf9  __aeabi_fcmplt                       
00001c0d  __aeabi_fcmple                       
00001c21  __aeabi_fcmpge                       
00001c35  __aeabi_fcmpgt                       
00001c49  OLED_Clear                           
00001ca9  SYSCFG_DL_OLED_init                  
00001d09  DL_I2C_fillControllerTXFIFO          
00001d69  motor_set_duty                       
00001dc1  __aeabi_idiv                         
00001dc1  __aeabi_idivmod                      
00001f51  DL_UART_init                         
00001f99  OLED_DisplayTurn                     
00001fe1  SYSCFG_DL_DEBUG_init                 
00002029  DL_SYSCTL_switchMCLKfromSYSOSCtoHSCLK
0000206d  __aeabi_uidiv                        
0000206d  __aeabi_uidivmod                     
000020ad  __aeabi_f2d                          
000020ad  __extendsfdf2                        
00002129  TIMA0_IRQHandler                     
00002165  __gesf2                              
00002165  __gtsf2                              
000021a1  __TI_auto_init_nobinit_nopinit       
000021dd  __cmpsf2                             
000021dd  __eqsf2                              
000021dd  __lesf2                              
000021dd  __ltsf2                              
000021dd  __nesf2                              
00002219  __muldsi3                            
00002255  __aeabi_f2iz                         
00002255  __fixsfsi                            
0000228d  sprintf                              
000022c5  OLED_ColorTurn                       
000022f9  SYSCFG_DL_MOTOR_PID_init             
0000232d  get_gpio_state                       
00002361  DL_UART_transmitDataBlocking         
00002391  limit_duty                           
000023c1  SYSCFG_DL_init                       
00002445  UART_send_string                     
00002511  __aeabi_ui2f                         
00002511  __floatunsisf                        
00002539  _c_int00_noargs                      
00002587  DL_I2C_setClockConfig                
000025d1  __aeabi_ui2d                         
000025d1  __floatunsidf                        
000025f5  memccpy                              
00002705  DL_SYSCTL_configFCC                  
00002791  DL_Timer_setCaptCompUpdateMethod     
000027ad  DL_Timer_setClockConfig              
000027e5  UART_send_char                       
00002801  delay_ms                             
0000299d  DL_Timer_setCaptureCompareOutCtl     
00002ae1  motor_pid_start                      
00002b19  DL_UART_setClockConfig               
00002b2b  TI_memcpy_small                      
00002b3d  __TI_decompress_none                 
00002b81  DL_Timer_setCaptureCompareValue      
00002b91  __TI_zero_init                       
00002ba1  __aeabi_memset                       
00002ba1  __aeabi_memset4                      
00002ba1  __aeabi_memset8                      
00002bbd  TI_memset_small                      
00002be5  __aeabi_memclr                       
00002be5  __aeabi_memclr4                      
00002be5  __aeabi_memclr8                      
00002bf1  DL_Common_delayCycles                
00002c05  __aeabi_memcpy                       
00002c05  __aeabi_memcpy4                      
00002c05  __aeabi_memcpy8                      
00002c0d  abort                                
00002c12  C$$EXIT                              
00002c13  HOSTexit                             
00002c17  Reset_Handler                        
00002c1b  _system_pre_init                     
00002ce8  __TI_Handler_Table_Base              
00002cf4  __TI_Handler_Table_Limit             
00002cfc  __TI_CINIT_Base                      
00002d0c  __TI_CINIT_Limit                     
00002d0c  __TI_CINIT_Warm                      
20200000  OLED_GRAM                            
20200000  __start___llvm_prf_bits              
20200000  __start___llvm_prf_cnts              
20200000  __stop___llvm_prf_bits               
20200000  __stop___llvm_prf_cnts               
20200480  gMOTOR_PIDBackup                     
2020053c  spd                                  
20200558  huidu_value                          
20200560  PWM_1_duty                           
20200564  PWM_2_duty                           
20200568  counter_1_A                          
2020056c  counter_2_A                          
20200570  integral_1                           
20200574  integral_2                           
20200578  ki                                   
2020057c  kp                                   
20200580  speed_1                              
20200584  speed_2                              
20200588  status                               
2020058c  target_speed_1                       
20200590  target_speed_2                       
20207e00  __stack                              
20208000  __STACK_END                          
ffffffff  __TI_pprof_out_hndl                  
ffffffff  __TI_prof_data_size                  
ffffffff  __TI_prof_data_start                 
ffffffff  __binit__                            
ffffffff  binit                                
UNDEFED   __mpu_init                           
UNDEFED   _system_post_cinit                   

[196 symbols]
