******************************************************************************
            TI ARM Clang Linker PC v4.0.4                      
******************************************************************************
>> Linked Sat Jul 18 16:54:31 2026

OUTPUT FILE NAME:   <11_PID_car.out>
ENTRY POINT SYMBOL: "_c_int00_noargs"  address: 000022b5


MEMORY CONFIGURATION

         name            origin    length      used     unused   attr    fill
----------------------  --------  ---------  --------  --------  ----  --------
  FLASH                 00000000   00020000  00002a58  0001d5a8  R  X
  SRAM                  20200000   00008000  00000778  00007888  RW X
  BCR_CONFIG            41c00000   000000ff  00000000  000000ff  R   
  BSL_CONFIG            41c00100   00000080  00000000  00000080  R   


SEGMENT ALLOCATION MAP

run origin  load origin   length   init length attrs members
----------  ----------- ---------- ----------- ----- -------
00000000    00000000    00002a58   00002a58    r-x
  00000000    00000000    000000c0   000000c0    r-- .intvecs
  000000c0    000000c0    000028e0   000028e0    r-x .text
  000029a0    000029a0    00000080   00000080    r-- .rodata
  00002a20    00002a20    00000038   00000038    r-- .cinit
20200000    20200000    00000578   00000000    rw-
  20200000    20200000    0000053c   00000000    rw- .bss
  2020053c    2020053c    0000003c   00000000    rw- .data
20207e00    20207e00    00000200   00000000    rw-
  20207e00    20207e00    00000200   00000000    rw- .stack


SECTION ALLOCATION MAP

 output                                  attributes/
section   page    origin      length       input sections
--------  ----  ----------  ----------   ----------------
.intvecs   0    00000000    000000c0     
                  00000000    000000c0     startup_mspm0g350x_ticlang.o (.intvecs)

.text      0    000000c0    000028e0     
                  000000c0    00000284     libc.a : _printfi.c.obj (.text:__TI_printfi_minimal)
                  00000344    000001e4     ti_msp_dl_config.o (.text.SYSCFG_DL_GPIO_init)
                  00000528    000001c0     motor.o (.text.DC_MOTOR_PID)
                  000006e8    00000178     huidu.o (.text.adjust_motor)
                  00000860    0000010c     motor.o (.text.motor_set_direction)
                  0000096c    00000104     driverlib.a : dl_timer.o (.text.DL_Timer_initFourCCPWMMode)
                  00000a70    000000fc                 : dl_timer.o (.text.DL_Timer_initTimerMode)
                  00000b6c    000000f8     oled.o (.text.OLED_Init)
                  00000c64    000000e8     ti_msp_dl_config.o (.text.SYSCFG_DL_SYSCTL_SYSPLL_init)
                  00000d4c    000000e4     libclang_rt.builtins.a : muldf3.S.obj (.text.__muldf3)
                  00000e30    000000dc     driverlib.a : dl_sysctl_mspm0g1x0x_g3x0x.o (.text.DL_SYSCTL_configSYSPLL)
                  00000f0c    000000d8     libclang_rt.builtins.a : addsf3.S.obj (.text)
                  00000fe4    000000c4     motor.o (.text.calculate_speed)
                  000010a8    000000b4     main.o (.text.main)
                  0000115c    00000098     huidu.o (.text.huidu_get_value)
                  000011f4    0000008c     key.o (.text.GROUP1_IRQHandler)
                  00001280    0000008c     ti_msp_dl_config.o (.text.SYSCFG_DL_PWMAB_init)
                  0000130c    0000008c     libclang_rt.builtins.a : mulsf3.S.obj (.text.__mulsf3)
                  00001398    0000008c     motor.o (.text.motor_init)
                  00001424    00000082     libclang_rt.builtins.a : divsf3.S.obj (.text.__divsf3)
                  000014a6    00000002                            : aeabi_div0.c.obj (.text.__aeabi_idiv0)
                  000014a8    0000007c     oled.o (.text.OLED_Refresh)
                  00001524    0000007c     ti_msp_dl_config.o (.text.SYSCFG_DL_initPower)
                  000015a0    0000007c     libc.a : copy_decompress_lzss.c.obj (.text:decompress:lzss)
                  0000161c    00000074     oled.o (.text.OLED_WR_Byte)
                  00001690    00000074     ti_msp_dl_config.o (.text.SYSCFG_DL_SYSCTL_init)
                  00001704    00000074     libclang_rt.builtins.a : comparedf2.c.obj (.text.__gedf2)
                  00001778    00000008                            : aeabi_memcpy.S.obj (.text.__aeabi_memcpy)
                  00001780    00000074                            : truncdfsf2.S.obj (.text.__truncdfsf2)
                  000017f4    00000068                            : comparedf2.c.obj (.text.__ledf2)
                  0000185c    00000064     driverlib.a : dl_sysctl_mspm0g1x0x_g3x0x.o (.text.DL_SYSCTL_setHFCLKSourceHFXTParams)
                  000018c0    00000062     libclang_rt.builtins.a : aeabi_dcmp.S.obj (.text.__aeabi_dcmp)
                  00001922    00000002     --HOLE-- [fill = 0]
                  00001924    00000062                            : aeabi_fcmp.S.obj (.text.__aeabi_fcmp)
                  00001986    00000002     --HOLE-- [fill = 0]
                  00001988    00000060     oled.o (.text.OLED_Clear)
                  000019e8    00000060     ti_msp_dl_config.o (.text.SYSCFG_DL_OLED_init)
                  00001a48    0000005e     driverlib.a : dl_i2c.o (.text.DL_I2C_fillControllerTXFIFO)
                  00001aa6    00000002     --HOLE-- [fill = 0]
                  00001aa8    00000058     motor.o (.text.motor_set_duty)
                  00001b00    00000056     libclang_rt.builtins.a : aeabi_idivmod.S.obj (.text.__aeabi_idivmod)
                  00001b56    00000002     --HOLE-- [fill = 0]
                  00001b58    00000050     ti_msp_dl_config.o (.text.DL_GPIO_initPeripheralInputFunctionFeatures)
                  00001ba8    00000050     oled.o (.text.DL_I2C_startControllerTransfer)
                  00001bf8    0000004c     ti_msp_dl_config.o (.text.DL_GPIO_initDigitalInputFeatures)
                  00001c44    0000004c     ti_msp_dl_config.o (.text.DL_UART_setBaudRateDivisor)
                  00001c90    00000048     driverlib.a : dl_uart.o (.text.DL_UART_init)
                  00001cd8    00000048     oled.o (.text.OLED_DisplayTurn)
                  00001d20    00000048     ti_msp_dl_config.o (.text.SYSCFG_DL_DEBUG_init)
                  00001d68    00000044     driverlib.a : dl_sysctl_mspm0g1x0x_g3x0x.o (.text.DL_SYSCTL_switchMCLKfromSYSOSCtoHSCLK)
                  00001dac    00000040     libclang_rt.builtins.a : aeabi_uidivmod.S.obj (.text.__aeabi_uidivmod)
                  00001dec    00000040                            : extendsfdf2.S.obj (.text.__extendsfdf2)
                  00001e2c    0000003c     ti_msp_dl_config.o (.text.DL_Timer_setCounterControl)
                  00001e68    0000003c     motor.o (.text.TIMA0_IRQHandler)
                  00001ea4    0000003c     libclang_rt.builtins.a : floatsisf.S.obj (.text.__floatsisf)
                  00001ee0    0000003c                            : comparesf2.S.obj (.text.__gtsf2)
                  00001f1c    0000003c     libc.a : autoinit.c.obj (.text:__TI_auto_init_nobinit_nopinit)
                  00001f58    0000003a     libclang_rt.builtins.a : comparesf2.S.obj (.text.__eqsf2)
                  00001f92    00000002     --HOLE-- [fill = 0]
                  00001f94    0000003a                            : muldsi3.S.obj (.text.__muldsi3)
                  00001fce    00000002     --HOLE-- [fill = 0]
                  00001fd0    00000038                            : fixsfsi.S.obj (.text.__fixsfsi)
                  00002008    00000038     libc.a : sprintf.c.obj (.text.sprintf)
                  00002040    00000034     oled.o (.text.OLED_ColorTurn)
                  00002074    00000034     ti_msp_dl_config.o (.text.SYSCFG_DL_MOTOR_PID_init)
                  000020a8    00000034     huidu.o (.text.get_gpio_state)
                  000020dc    00000030     driverlib.a : dl_uart.o (.text.DL_UART_transmitDataBlocking)
                  0000210c    00000030     motor.o (.text.limit_duty)
                  0000213c    0000002c     ti_msp_dl_config.o (.text.SYSCFG_DL_init)
                  00002168    0000002c     main.o (.text.__NVIC_EnableIRQ)
                  00002194    0000002c     motor.o (.text.__NVIC_EnableIRQ)
                  000021c0    0000002a     uart.o (.text.UART_send_string)
                  000021ea    00000028     oled.o (.text.DL_Common_updateReg)
                  00002212    00000028     ti_msp_dl_config.o (.text.DL_Common_updateReg)
                  0000223a    00000002     --HOLE-- [fill = 0]
                  0000223c    00000028     ti_msp_dl_config.o (.text.DL_I2C_setControllerRXFIFOThreshold)
                  00002264    00000028     ti_msp_dl_config.o (.text.DL_I2C_setControllerTXFIFOThreshold)
                  0000228c    00000028     libclang_rt.builtins.a : floatunsisf.S.obj (.text.__floatunsisf)
                  000022b4    00000028     libc.a : boot_cortex_m.c.obj (.text:_c_int00_noargs)
                  000022dc    00000026     ti_msp_dl_config.o (.text.DL_I2C_setAnalogGlitchFilterPulseWidth)
                  00002302    00000026     driverlib.a : dl_i2c.o (.text.DL_I2C_setClockConfig)
                  00002328    00000024     ti_msp_dl_config.o (.text.DL_I2C_setDigitalGlitchFilterPulseWidth)
                  0000234c    00000024     libclang_rt.builtins.a : floatunsidf.S.obj (.text.__floatunsidf)
                  00002370    00000022     libc.a : memccpy.c.obj (.text.memccpy)
                  00002392    00000002     --HOLE-- [fill = 0]
                  00002394    00000020     ti_msp_dl_config.o (.text.DL_GPIO_initPeripheralInputFunction)
                  000023b4    00000020     ti_msp_dl_config.o (.text.DL_SYSCTL_setFlashWaitState)
                  000023d4    0000001e     ti_msp_dl_config.o (.text.DL_UART_setOversampling)
                  000023f2    00000002     --HOLE-- [fill = 0]
                  000023f4    0000001c     ti_msp_dl_config.o (.text.DL_GPIO_clearInterruptStatus)
                  00002410    0000001c     ti_msp_dl_config.o (.text.DL_GPIO_enableHiZ)
                  0000242c    0000001c     ti_msp_dl_config.o (.text.DL_GPIO_enableInterrupt)
                  00002448    0000001c     ti_msp_dl_config.o (.text.DL_GPIO_initPeripheralOutputFunction)
                  00002464    0000001c     ti_msp_dl_config.o (.text.DL_GPIO_setLowerPinsPolarity)
                  00002480    0000001c     driverlib.a : dl_sysctl_mspm0g1x0x_g3x0x.o (.text.DL_SYSCTL_configFCC)
                  0000249c    0000001c     ti_msp_dl_config.o (.text.DL_SYSCTL_setFCCPeriods)
                  000024b8    0000001c     ti_msp_dl_config.o (.text.DL_SYSCTL_setSYSOSCFreq)
                  000024d4    0000001c     ti_msp_dl_config.o (.text.DL_SYSCTL_setULPCLKDivider)
                  000024f0    0000001c     ti_msp_dl_config.o (.text.DL_Timer_enableInterrupt)
                  0000250c    0000001c     driverlib.a : dl_timer.o (.text.DL_Timer_setCaptCompUpdateMethod)
                  00002528    0000001c                 : dl_timer.o (.text.DL_Timer_setClockConfig)
                  00002544    0000001c     ti_msp_dl_config.o (.text.DL_UART_enableInterrupt)
                  00002560    0000001c     uart.o (.text.UART_send_char)
                  0000257c    0000001c     delay.o (.text.delay_ms)
                  00002598    00000018     ti_msp_dl_config.o (.text.DL_GPIO_enableOutput)
                  000025b0    00000018     ti_msp_dl_config.o (.text.DL_GPIO_enablePower)
                  000025c8    00000018     ti_msp_dl_config.o (.text.DL_GPIO_initDigitalOutput)
                  000025e0    00000018     ti_msp_dl_config.o (.text.DL_GPIO_initPeripheralAnalogFunction)
                  000025f8    00000018     ti_msp_dl_config.o (.text.DL_GPIO_reset)
                  00002610    00000018     motor.o (.text.DL_GPIO_setPins)
                  00002628    00000018     ti_msp_dl_config.o (.text.DL_GPIO_setUpperPinsPolarity)
                  00002640    00000018     ti_msp_dl_config.o (.text.DL_I2C_enableAnalogGlitchFilter)
                  00002658    00000018     ti_msp_dl_config.o (.text.DL_I2C_enableController)
                  00002670    00000018     ti_msp_dl_config.o (.text.DL_I2C_enableControllerClockStretching)
                  00002688    00000018     ti_msp_dl_config.o (.text.DL_I2C_enablePower)
                  000026a0    00000018     ti_msp_dl_config.o (.text.DL_I2C_reset)
                  000026b8    00000018     ti_msp_dl_config.o (.text.DL_I2C_setTimerPeriod)
                  000026d0    00000018     ti_msp_dl_config.o (.text.DL_SYSCTL_setBORThreshold)
                  000026e8    00000018     ti_msp_dl_config.o (.text.DL_Timer_enablePower)
                  00002700    00000018     ti_msp_dl_config.o (.text.DL_Timer_reset)
                  00002718    00000018     driverlib.a : dl_timer.o (.text.DL_Timer_setCaptureCompareOutCtl)
                  00002730    00000018     motor.o (.text.DL_Timer_startCounter)
                  00002748    00000018     ti_msp_dl_config.o (.text.DL_UART_enablePower)
                  00002760    00000018     ti_msp_dl_config.o (.text.DL_UART_reset)
                  00002778    00000018     libc.a : sprintf.c.obj (.text._outs)
                  00002790    00000016     huidu.o (.text.DL_GPIO_readPins)
                  000027a6    00000016     ti_msp_dl_config.o (.text.DL_UART_enable)
                  000027bc    00000014     motor.o (.text.DL_GPIO_clearPins)
                  000027d0    00000014     ti_msp_dl_config.o (.text.DL_GPIO_clearPins)
                  000027e4    00000014     oled.o (.text.DL_I2C_getControllerStatus)
                  000027f8    00000014     ti_msp_dl_config.o (.text.DL_I2C_resetControllerTransfer)
                  0000280c    00000014     ti_msp_dl_config.o (.text.DL_SYSCTL_disableSYSPLL)
                  00002820    00000014     ti_msp_dl_config.o (.text.DL_SYSCTL_enableSYSPLL)
                  00002834    00000014     ti_msp_dl_config.o (.text.DL_Timer_enableClock)
                  00002848    00000014     ti_msp_dl_config.o (.text.DL_Timer_setCCPDirection)
                  0000285c    00000014     motor.o (.text.motor_pid_start)
                  00002870    00000012     key.o (.text.DL_GPIO_getPendingInterrupt)
                  00002882    00000012     motor.o (.text.DL_Timer_getPendingInterrupt)
                  00002894    00000012     driverlib.a : dl_uart.o (.text.DL_UART_setClockConfig)
                  000028a6    00000012     libc.a : memcpy16.S.obj (.text:TI_memcpy_small)
                  000028b8    00000012            : copy_decompress_none.c.obj (.text:decompress:none)
                  000028ca    00000002     --HOLE-- [fill = 0]
                  000028cc    00000010     ti_msp_dl_config.o (.text.DL_SYSCTL_disableHFXT)
                  000028dc    00000010     ti_msp_dl_config.o (.text.DL_SYSCTL_isFCCDone)
                  000028ec    00000010     ti_msp_dl_config.o (.text.DL_SYSCTL_startFCC)
                  000028fc    00000010     driverlib.a : dl_timer.o (.text.DL_Timer_setCaptureCompareValue)
                  0000290c    00000010     libc.a : copy_zero_init.c.obj (.text:decompress:ZI)
                  0000291c    0000000e     libclang_rt.builtins.a : aeabi_memset.S.obj (.text.__aeabi_memset)
                  0000292a    0000000e     libc.a : _printfi.c.obj (.text.strlen)
                  00002938    0000000e            : memset16.S.obj (.text:TI_memset_small)
                  00002946    00000002     --HOLE-- [fill = 0]
                  00002948    0000000c     ti_msp_dl_config.o (.text.DL_SYSCTL_getClockStatus)
                  00002954    0000000c     ti_msp_dl_config.o (.text.DL_SYSCTL_readFCC)
                  00002960    0000000c     libclang_rt.builtins.a : aeabi_memset.S.obj (.text.__aeabi_memclr)
                  0000296c    0000000a     driverlib.a : dl_common.o (.text.DL_Common_delayCycles)
                  00002976    0000000a     libc.a : sprintf.c.obj (.text._outc)
                  00002980    00000006            : exit.c.obj (.text:abort)
                  00002986    00000004     startup_mspm0g350x_ticlang.o (.text.Default_Handler)
                  0000298a    00000004     libsysbm.a : hostexit.c.obj (.text.HOSTexit)
                  0000298e    00000004     startup_mspm0g350x_ticlang.o (.text.Reset_Handler)
                  00002992    00000004     libc.a : pre_init.c.obj (.text._system_pre_init)
                  00002996    0000000a     --HOLE-- [fill = 0]

.cinit     0    00002a20    00000038     
                  00002a20    00000014     (.cinit..data.load) [load image, compression = lzss]
                  00002a34    0000000c     (__TI_handler_table)
                  00002a40    00000008     (.cinit..bss.load) [load image, compression = zero_init]
                  00002a48    00000010     (__TI_cinit_table)

.rodata    0    000029a0    00000080     
                  000029a0    00000028     ti_msp_dl_config.o (.rodata.gSYSPLLConfig)
                  000029c8    00000014     ti_msp_dl_config.o (.rodata.gMOTOR_PIDTimerConfig)
                  000029dc    00000012     main.o (.rodata.str1.15159059442110792349.1)
                  000029ee    00000011     libc.a : _printfi.c.obj (.rodata.str1.15363888844622738466.1)
                  000029ff    00000001     --HOLE-- [fill = 0]
                  00002a00    0000000a     ti_msp_dl_config.o (.rodata.gDEBUGConfig)
                  00002a0a    00000002     ti_msp_dl_config.o (.rodata.gDEBUGClockConfig)
                  00002a0c    00000008     ti_msp_dl_config.o (.rodata.gPWMABConfig)
                  00002a14    00000003     ti_msp_dl_config.o (.rodata.gMOTOR_PIDClockConfig)
                  00002a17    00000003     ti_msp_dl_config.o (.rodata.gPWMABClockConfig)
                  00002a1a    00000002     ti_msp_dl_config.o (.rodata.gOLEDClockConfig)
                  00002a1c    00000004     --HOLE-- [fill = 0]

.init_array 
*          0    00000000    00000000     UNINITIALIZED

.binit     0    00000000    00000000     

.bss       0    20200000    0000053c     UNINITIALIZED
                  20200000    00000480     (.common:OLED_GRAM)
                  20200480    000000bc     (.common:gMOTOR_PIDBackup)

.data      0    2020053c    0000003c     UNINITIALIZED
                  2020053c    00000008     huidu.o (.data.huidu_value)
                  20200544    00000004     motor.o (.data.PWM_1_duty)
                  20200548    00000004     motor.o (.data.PWM_2_duty)
                  2020054c    00000004     key.o (.data.counter_1_A)
                  20200550    00000004     key.o (.data.counter_2_A)
                  20200554    00000004     motor.o (.data.integral_1)
                  20200558    00000004     motor.o (.data.integral_2)
                  2020055c    00000004     motor.o (.data.ki)
                  20200560    00000004     motor.o (.data.kp)
                  20200564    00000004     motor.o (.data.speed_1)
                  20200568    00000004     motor.o (.data.speed_2)
                  2020056c    00000004     main.o (.data.status)
                  20200570    00000004     motor.o (.data.target_speed_1)
                  20200574    00000004     motor.o (.data.target_speed_2)

.stack     0    20207e00    00000200     UNINITIALIZED
                  20207e00    00000004     libc.a : boot_cortex_m.c.obj (.stack)
                  20207e04    000001fc     --HOLE--

__llvm_prf_cnts 
*          0    20200000    00000000     UNINITIALIZED

__llvm_prf_bits 
*          0    20200000    00000000     UNINITIALIZED

MODULE SUMMARY

       Module                         code    ro data   rw data
       ------                         ----    -------   -------
    .\
       ti_msp_dl_config.o             2842    88        188    
       main.o                         224     18        4      
       startup_mspm0g350x_ticlang.o   8       192       0      
    +--+------------------------------+-------+---------+---------+
       Total:                         3074    298       192    
                                                               
    .\user_driver\
       oled.o                         848     0         1152   
       motor.o                        1398    0         40     
       huidu.o                        602     0         8      
       key.o                          158     0         8      
       uart.o                         70      0         0      
       delay.o                        28      0         0      
    +--+------------------------------+-------+---------+---------+
       Total:                         3104    0         1208   
                                                               
    C:/TI/mspm0_sdk_2_10_00_04/source/ti/driverlib/lib/ticlang/m0p/mspm0g1x0x_g3x0x/driverlib.a
       dl_timer.o                     608     0         0      
       dl_sysctl_mspm0g1x0x_g3x0x.o   416     0         0      
       dl_uart.o                      138     0         0      
       dl_i2c.o                       132     0         0      
       dl_common.o                    10      0         0      
    +--+------------------------------+-------+---------+---------+
       Total:                         1304    0         0      
                                                               
    D:\vscode\ccs\tools\compiler\ti-cgt-armllvm_4.0.4.LTS\lib\armv6m-ti-none-eabi/c/libc.a
       _printfi.c.obj                 658     17        0      
       copy_decompress_lzss.c.obj     124     0         0      
       sprintf.c.obj                  90      0         0      
       autoinit.c.obj                 60      0         0      
       boot_cortex_m.c.obj            40      0         0      
       memccpy.c.obj                  34      0         0      
       copy_decompress_none.c.obj     18      0         0      
       memcpy16.S.obj                 18      0         0      
       copy_zero_init.c.obj           16      0         0      
       memset16.S.obj                 14      0         0      
       exit.c.obj                     6       0         0      
       pre_init.c.obj                 4       0         0      
    +--+------------------------------+-------+---------+---------+
       Total:                         1082    17        0      
                                                               
    D:\vscode\ccs\tools\compiler\ti-cgt-armllvm_4.0.4.LTS\lib\armv6m-ti-none-eabi/c/libsysbm.a
       hostexit.c.obj                 4       0         0      
    +--+------------------------------+-------+---------+---------+
       Total:                         4       0         0      
                                                               
    D:\vscode\ccs\tools\compiler\ti-cgt-armllvm_4.0.4.LTS\lib\armv6m-ti-none-eabi/libclang_rt.builtins.a
       muldf3.S.obj                   228     0         0      
       comparedf2.c.obj               220     0         0      
       addsf3.S.obj                   216     0         0      
       mulsf3.S.obj                   140     0         0      
       divsf3.S.obj                   130     0         0      
       comparesf2.S.obj               118     0         0      
       truncdfsf2.S.obj               116     0         0      
       aeabi_dcmp.S.obj               98      0         0      
       aeabi_fcmp.S.obj               98      0         0      
       aeabi_idivmod.S.obj            86      0         0      
       aeabi_uidivmod.S.obj           64      0         0      
       extendsfdf2.S.obj              64      0         0      
       floatsisf.S.obj                60      0         0      
       muldsi3.S.obj                  58      0         0      
       fixsfsi.S.obj                  56      0         0      
       floatunsisf.S.obj              40      0         0      
       floatunsidf.S.obj              36      0         0      
       aeabi_memset.S.obj             26      0         0      
       aeabi_memcpy.S.obj             8       0         0      
       aeabi_div0.c.obj               2       0         0      
    +--+------------------------------+-------+---------+---------+
       Total:                         1864    0         0      
                                                               
       Stack:                         0       0         512    
       Linker Generated:              0       56        0      
    +--+------------------------------+-------+---------+---------+
       Grand Total:                   10432   371       1912   


LINKER GENERATED COPY TABLES

__TI_cinit_table @ 00002a48 records: 2, size/record: 8, table size: 16
	.data: load addr=00002a20, load size=00000014 bytes, run addr=2020053c, run size=0000003c bytes, compression=lzss
	.bss: load addr=00002a40, load size=00000008 bytes, run addr=20200000, run size=0000053c bytes, compression=zero_init


LINKER GENERATED HANDLER TABLE

__TI_handler_table @ 00002a34 records: 3, size/record: 4, table size: 12
	index: 0, handler: __TI_decompress_lzss
	index: 1, handler: __TI_decompress_none
	index: 2, handler: __TI_zero_init


GLOBAL SYMBOLS: SORTED ALPHABETICALLY BY Name 

address   name                                 
-------   ----                                 
00002987  ADC0_IRQHandler                      
00002987  ADC1_IRQHandler                      
00002987  AES_IRQHandler                       
0000298a  C$$EXIT                              
00002987  CANFD0_IRQHandler                    
00002987  DAC0_IRQHandler                      
00000529  DC_MOTOR_PID                         
0000296d  DL_Common_delayCycles                
00001a49  DL_I2C_fillControllerTXFIFO          
00002303  DL_I2C_setClockConfig                
00002481  DL_SYSCTL_configFCC                  
00000e31  DL_SYSCTL_configSYSPLL               
0000185d  DL_SYSCTL_setHFCLKSourceHFXTParams   
00001d69  DL_SYSCTL_switchMCLKfromSYSOSCtoHSCLK
0000096d  DL_Timer_initFourCCPWMMode           
00000a71  DL_Timer_initTimerMode               
0000250d  DL_Timer_setCaptCompUpdateMethod     
00002719  DL_Timer_setCaptureCompareOutCtl     
000028fd  DL_Timer_setCaptureCompareValue      
00002529  DL_Timer_setClockConfig              
00001c91  DL_UART_init                         
00002895  DL_UART_setClockConfig               
000020dd  DL_UART_transmitDataBlocking         
00002987  DMA_IRQHandler                       
00002987  Default_Handler                      
00002987  GROUP0_IRQHandler                    
000011f5  GROUP1_IRQHandler                    
0000298b  HOSTexit                             
00002987  HardFault_Handler                    
00002987  I2C0_IRQHandler                      
00002987  I2C1_IRQHandler                      
00002987  NMI_Handler                          
00001989  OLED_Clear                           
00002041  OLED_ColorTurn                       
00001cd9  OLED_DisplayTurn                     
20200000  OLED_GRAM                            
00000b6d  OLED_Init                            
000014a9  OLED_Refresh                         
0000161d  OLED_WR_Byte                         
20200544  PWM_1_duty                           
20200548  PWM_2_duty                           
00002987  PendSV_Handler                       
00002987  RTC_IRQHandler                       
0000298f  Reset_Handler                        
00002987  SPI0_IRQHandler                      
00002987  SPI1_IRQHandler                      
00002987  SVC_Handler                          
00001d21  SYSCFG_DL_DEBUG_init                 
00000345  SYSCFG_DL_GPIO_init                  
00002075  SYSCFG_DL_MOTOR_PID_init             
000019e9  SYSCFG_DL_OLED_init                  
00001281  SYSCFG_DL_PWMAB_init                 
00000c65  SYSCFG_DL_SYSCTL_SYSPLL_init         
00001691  SYSCFG_DL_SYSCTL_init                
0000213d  SYSCFG_DL_init                       
00001525  SYSCFG_DL_initPower                  
00002987  SysTick_Handler                      
00001e69  TIMA0_IRQHandler                     
00002987  TIMA1_IRQHandler                     
00002987  TIMG0_IRQHandler                     
00002987  TIMG12_IRQHandler                    
00002987  TIMG6_IRQHandler                     
00002987  TIMG7_IRQHandler                     
00002987  TIMG8_IRQHandler                     
000028a7  TI_memcpy_small                      
00002939  TI_memset_small                      
00002987  UART0_IRQHandler                     
00002987  UART1_IRQHandler                     
00002987  UART2_IRQHandler                     
00002987  UART3_IRQHandler                     
00002561  UART_send_char                       
000021c1  UART_send_string                     
20208000  __STACK_END                          
00000200  __STACK_SIZE                         
00000000  __TI_ATRegion0_region_sz             
00000000  __TI_ATRegion0_src_addr              
00000000  __TI_ATRegion0_trg_addr              
00000000  __TI_ATRegion1_region_sz             
00000000  __TI_ATRegion1_src_addr              
00000000  __TI_ATRegion1_trg_addr              
00000000  __TI_ATRegion2_region_sz             
00000000  __TI_ATRegion2_src_addr              
00000000  __TI_ATRegion2_trg_addr              
00002a48  __TI_CINIT_Base                      
00002a58  __TI_CINIT_Limit                     
00002a58  __TI_CINIT_Warm                      
00002a34  __TI_Handler_Table_Base              
00002a40  __TI_Handler_Table_Limit             
00001f1d  __TI_auto_init_nobinit_nopinit       
000015a1  __TI_decompress_lzss                 
000028b9  __TI_decompress_none                 
ffffffff  __TI_pprof_out_hndl                  
000000c1  __TI_printfi_minimal                 
ffffffff  __TI_prof_data_size                  
ffffffff  __TI_prof_data_start                 
00000000  __TI_static_base__                   
0000290d  __TI_zero_init                       
00000f17  __addsf3                             
00001781  __aeabi_d2f                          
000018c1  __aeabi_dcmpeq                       
000018fd  __aeabi_dcmpge                       
00001911  __aeabi_dcmpgt                       
000018e9  __aeabi_dcmple                       
000018d5  __aeabi_dcmplt                       
00000d4d  __aeabi_dmul                         
00001ded  __aeabi_f2d                          
00001fd1  __aeabi_f2iz                         
00000f17  __aeabi_fadd                         
00001925  __aeabi_fcmpeq                       
00001961  __aeabi_fcmpge                       
00001975  __aeabi_fcmpgt                       
0000194d  __aeabi_fcmple                       
00001939  __aeabi_fcmplt                       
00001425  __aeabi_fdiv                         
0000130d  __aeabi_fmul                         
00000f0d  __aeabi_fsub                         
00001ea5  __aeabi_i2f                          
00001b01  __aeabi_idiv                         
000014a7  __aeabi_idiv0                        
00001b01  __aeabi_idivmod                      
00002961  __aeabi_memclr                       
00002961  __aeabi_memclr4                      
00002961  __aeabi_memclr8                      
00001779  __aeabi_memcpy                       
00001779  __aeabi_memcpy4                      
00001779  __aeabi_memcpy8                      
0000291d  __aeabi_memset                       
0000291d  __aeabi_memset4                      
0000291d  __aeabi_memset8                      
0000234d  __aeabi_ui2d                         
0000228d  __aeabi_ui2f                         
00001dad  __aeabi_uidiv                        
00001dad  __aeabi_uidivmod                     
ffffffff  __binit__                            
000017f5  __cmpdf2                             
00001f59  __cmpsf2                             
00001425  __divsf3                             
000017f5  __eqdf2                              
00001f59  __eqsf2                              
00001ded  __extendsfdf2                        
00001fd1  __fixsfsi                            
00001ea5  __floatsisf                          
0000234d  __floatunsidf                        
0000228d  __floatunsisf                        
00001705  __gedf2                              
00001ee1  __gesf2                              
00001705  __gtdf2                              
00001ee1  __gtsf2                              
000017f5  __ledf2                              
00001f59  __lesf2                              
000017f5  __ltdf2                              
00001f59  __ltsf2                              
UNDEFED   __mpu_init                           
00000d4d  __muldf3                             
00001f95  __muldsi3                            
0000130d  __mulsf3                             
000017f5  __nedf2                              
00001f59  __nesf2                              
20207e00  __stack                              
20200000  __start___llvm_prf_bits              
20200000  __start___llvm_prf_cnts              
20200000  __stop___llvm_prf_bits               
20200000  __stop___llvm_prf_cnts               
00000f0d  __subsf3                             
00001781  __truncdfsf2                         
000022b5  _c_int00_noargs                      
UNDEFED   _system_post_cinit                   
00002993  _system_pre_init                     
00002981  abort                                
000006e9  adjust_motor                         
ffffffff  binit                                
00000fe5  calculate_speed                      
2020054c  counter_1_A                          
20200550  counter_2_A                          
0000257d  delay_ms                             
20200480  gMOTOR_PIDBackup                     
000020a9  get_gpio_state                       
0000115d  huidu_get_value                      
2020053c  huidu_value                          
20200554  integral_1                           
20200558  integral_2                           
00000000  interruptVectors                     
2020055c  ki                                   
20200560  kp                                   
0000210d  limit_duty                           
000010a9  main                                 
00002371  memccpy                              
00001399  motor_init                           
0000285d  motor_pid_start                      
00000861  motor_set_direction                  
00001aa9  motor_set_duty                       
20200564  speed_1                              
20200568  speed_2                              
00002009  sprintf                              
2020056c  status                               
20200570  target_speed_1                       
20200574  target_speed_2                       


GLOBAL SYMBOLS: SORTED BY Symbol Address 

address   name                                 
-------   ----                                 
00000000  __TI_ATRegion0_region_sz             
00000000  __TI_ATRegion0_src_addr              
00000000  __TI_ATRegion0_trg_addr              
00000000  __TI_ATRegion1_region_sz             
00000000  __TI_ATRegion1_src_addr              
00000000  __TI_ATRegion1_trg_addr              
00000000  __TI_ATRegion2_region_sz             
00000000  __TI_ATRegion2_src_addr              
00000000  __TI_ATRegion2_trg_addr              
00000000  __TI_static_base__                   
00000000  interruptVectors                     
000000c1  __TI_printfi_minimal                 
00000200  __STACK_SIZE                         
00000345  SYSCFG_DL_GPIO_init                  
00000529  DC_MOTOR_PID                         
000006e9  adjust_motor                         
00000861  motor_set_direction                  
0000096d  DL_Timer_initFourCCPWMMode           
00000a71  DL_Timer_initTimerMode               
00000b6d  OLED_Init                            
00000c65  SYSCFG_DL_SYSCTL_SYSPLL_init         
00000d4d  __aeabi_dmul                         
00000d4d  __muldf3                             
00000e31  DL_SYSCTL_configSYSPLL               
00000f0d  __aeabi_fsub                         
00000f0d  __subsf3                             
00000f17  __addsf3                             
00000f17  __aeabi_fadd                         
00000fe5  calculate_speed                      
000010a9  main                                 
0000115d  huidu_get_value                      
000011f5  GROUP1_IRQHandler                    
00001281  SYSCFG_DL_PWMAB_init                 
0000130d  __aeabi_fmul                         
0000130d  __mulsf3                             
00001399  motor_init                           
00001425  __aeabi_fdiv                         
00001425  __divsf3                             
000014a7  __aeabi_idiv0                        
000014a9  OLED_Refresh                         
00001525  SYSCFG_DL_initPower                  
000015a1  __TI_decompress_lzss                 
0000161d  OLED_WR_Byte                         
00001691  SYSCFG_DL_SYSCTL_init                
00001705  __gedf2                              
00001705  __gtdf2                              
00001779  __aeabi_memcpy                       
00001779  __aeabi_memcpy4                      
00001779  __aeabi_memcpy8                      
00001781  __aeabi_d2f                          
00001781  __truncdfsf2                         
000017f5  __cmpdf2                             
000017f5  __eqdf2                              
000017f5  __ledf2                              
000017f5  __ltdf2                              
000017f5  __nedf2                              
0000185d  DL_SYSCTL_setHFCLKSourceHFXTParams   
000018c1  __aeabi_dcmpeq                       
000018d5  __aeabi_dcmplt                       
000018e9  __aeabi_dcmple                       
000018fd  __aeabi_dcmpge                       
00001911  __aeabi_dcmpgt                       
00001925  __aeabi_fcmpeq                       
00001939  __aeabi_fcmplt                       
0000194d  __aeabi_fcmple                       
00001961  __aeabi_fcmpge                       
00001975  __aeabi_fcmpgt                       
00001989  OLED_Clear                           
000019e9  SYSCFG_DL_OLED_init                  
00001a49  DL_I2C_fillControllerTXFIFO          
00001aa9  motor_set_duty                       
00001b01  __aeabi_idiv                         
00001b01  __aeabi_idivmod                      
00001c91  DL_UART_init                         
00001cd9  OLED_DisplayTurn                     
00001d21  SYSCFG_DL_DEBUG_init                 
00001d69  DL_SYSCTL_switchMCLKfromSYSOSCtoHSCLK
00001dad  __aeabi_uidiv                        
00001dad  __aeabi_uidivmod                     
00001ded  __aeabi_f2d                          
00001ded  __extendsfdf2                        
00001e69  TIMA0_IRQHandler                     
00001ea5  __aeabi_i2f                          
00001ea5  __floatsisf                          
00001ee1  __gesf2                              
00001ee1  __gtsf2                              
00001f1d  __TI_auto_init_nobinit_nopinit       
00001f59  __cmpsf2                             
00001f59  __eqsf2                              
00001f59  __lesf2                              
00001f59  __ltsf2                              
00001f59  __nesf2                              
00001f95  __muldsi3                            
00001fd1  __aeabi_f2iz                         
00001fd1  __fixsfsi                            
00002009  sprintf                              
00002041  OLED_ColorTurn                       
00002075  SYSCFG_DL_MOTOR_PID_init             
000020a9  get_gpio_state                       
000020dd  DL_UART_transmitDataBlocking         
0000210d  limit_duty                           
0000213d  SYSCFG_DL_init                       
000021c1  UART_send_string                     
0000228d  __aeabi_ui2f                         
0000228d  __floatunsisf                        
000022b5  _c_int00_noargs                      
00002303  DL_I2C_setClockConfig                
0000234d  __aeabi_ui2d                         
0000234d  __floatunsidf                        
00002371  memccpy                              
00002481  DL_SYSCTL_configFCC                  
0000250d  DL_Timer_setCaptCompUpdateMethod     
00002529  DL_Timer_setClockConfig              
00002561  UART_send_char                       
0000257d  delay_ms                             
00002719  DL_Timer_setCaptureCompareOutCtl     
0000285d  motor_pid_start                      
00002895  DL_UART_setClockConfig               
000028a7  TI_memcpy_small                      
000028b9  __TI_decompress_none                 
000028fd  DL_Timer_setCaptureCompareValue      
0000290d  __TI_zero_init                       
0000291d  __aeabi_memset                       
0000291d  __aeabi_memset4                      
0000291d  __aeabi_memset8                      
00002939  TI_memset_small                      
00002961  __aeabi_memclr                       
00002961  __aeabi_memclr4                      
00002961  __aeabi_memclr8                      
0000296d  DL_Common_delayCycles                
00002981  abort                                
00002987  ADC0_IRQHandler                      
00002987  ADC1_IRQHandler                      
00002987  AES_IRQHandler                       
00002987  CANFD0_IRQHandler                    
00002987  DAC0_IRQHandler                      
00002987  DMA_IRQHandler                       
00002987  Default_Handler                      
00002987  GROUP0_IRQHandler                    
00002987  HardFault_Handler                    
00002987  I2C0_IRQHandler                      
00002987  I2C1_IRQHandler                      
00002987  NMI_Handler                          
00002987  PendSV_Handler                       
00002987  RTC_IRQHandler                       
00002987  SPI0_IRQHandler                      
00002987  SPI1_IRQHandler                      
00002987  SVC_Handler                          
00002987  SysTick_Handler                      
00002987  TIMA1_IRQHandler                     
00002987  TIMG0_IRQHandler                     
00002987  TIMG12_IRQHandler                    
00002987  TIMG6_IRQHandler                     
00002987  TIMG7_IRQHandler                     
00002987  TIMG8_IRQHandler                     
00002987  UART0_IRQHandler                     
00002987  UART1_IRQHandler                     
00002987  UART2_IRQHandler                     
00002987  UART3_IRQHandler                     
0000298a  C$$EXIT                              
0000298b  HOSTexit                             
0000298f  Reset_Handler                        
00002993  _system_pre_init                     
00002a34  __TI_Handler_Table_Base              
00002a40  __TI_Handler_Table_Limit             
00002a48  __TI_CINIT_Base                      
00002a58  __TI_CINIT_Limit                     
00002a58  __TI_CINIT_Warm                      
20200000  OLED_GRAM                            
20200000  __start___llvm_prf_bits              
20200000  __start___llvm_prf_cnts              
20200000  __stop___llvm_prf_bits               
20200000  __stop___llvm_prf_cnts               
20200480  gMOTOR_PIDBackup                     
2020053c  huidu_value                          
20200544  PWM_1_duty                           
20200548  PWM_2_duty                           
2020054c  counter_1_A                          
20200550  counter_2_A                          
20200554  integral_1                           
20200558  integral_2                           
2020055c  ki                                   
20200560  kp                                   
20200564  speed_1                              
20200568  speed_2                              
2020056c  status                               
20200570  target_speed_1                       
20200574  target_speed_2                       
20207e00  __stack                              
20208000  __STACK_END                          
ffffffff  __TI_pprof_out_hndl                  
ffffffff  __TI_prof_data_size                  
ffffffff  __TI_prof_data_start                 
ffffffff  __binit__                            
ffffffff  binit                                
UNDEFED   __mpu_init                           
UNDEFED   _system_post_cinit                   

[197 symbols]
