******************************************************************************
            TI ARM Clang Linker PC v4.0.4                      
******************************************************************************
>> Linked Sat Jul 18 16:30:40 2026

OUTPUT FILE NAME:   <11_PID_car.out>
ENTRY POINT SYMBOL: "_c_int00_noargs"  address: 0000232d


MEMORY CONFIGURATION

         name            origin    length      used     unused   attr    fill
----------------------  --------  ---------  --------  --------  ----  --------
  FLASH                 00000000   00020000  00002ad0  0001d530  R  X
  SRAM                  20200000   00008000  00000794  0000786c  RW X
  BCR_CONFIG            41c00000   000000ff  00000000  000000ff  R   
  BSL_CONFIG            41c00100   00000080  00000000  00000080  R   


SEGMENT ALLOCATION MAP

run origin  load origin   length   init length attrs members
----------  ----------- ---------- ----------- ----- -------
00000000    00000000    00002ad0   00002ad0    r-x
  00000000    00000000    000000c0   000000c0    r-- .intvecs
  000000c0    000000c0    00002940   00002940    r-x .text
  00002a00    00002a00    00000080   00000080    r-- .rodata
  00002a80    00002a80    00000050   00000050    r-- .cinit
20200000    20200000    00000594   00000000    rw-
  20200000    20200000    0000053c   00000000    rw- .bss
  2020053c    2020053c    00000058   00000000    rw- .data
20207e00    20207e00    00000200   00000000    rw-
  20207e00    20207e00    00000200   00000000    rw- .stack


SECTION ALLOCATION MAP

 output                                  attributes/
section   page    origin      length       input sections
--------  ----  ----------  ----------   ----------------
.intvecs   0    00000000    000000c0     
                  00000000    000000c0     startup_mspm0g350x_ticlang.o (.intvecs)

.text      0    000000c0    00002940     
                  000000c0    00000384     huidu.o (.text.adjust_motor)
                  00000444    00000284     libc.a : _printfi.c.obj (.text:__TI_printfi_minimal)
                  000006c8    000001e4     ti_msp_dl_config.o (.text.SYSCFG_DL_GPIO_init)
                  000008ac    00000140     motor.o (.text.DC_MOTOR_PID)
                  000009ec    0000010c     motor.o (.text.motor_set_direction)
                  00000af8    00000104     driverlib.a : dl_timer.o (.text.DL_Timer_initFourCCPWMMode)
                  00000bfc    000000fc                 : dl_timer.o (.text.DL_Timer_initTimerMode)
                  00000cf8    000000f8     oled.o (.text.OLED_Init)
                  00000df0    000000e8     ti_msp_dl_config.o (.text.SYSCFG_DL_SYSCTL_SYSPLL_init)
                  00000ed8    000000e4     libclang_rt.builtins.a : muldf3.S.obj (.text.__muldf3)
                  00000fbc    000000dc     driverlib.a : dl_sysctl_mspm0g1x0x_g3x0x.o (.text.DL_SYSCTL_configSYSPLL)
                  00001098    000000d8     libclang_rt.builtins.a : addsf3.S.obj (.text)
                  00001170    000000c4     motor.o (.text.calculate_speed)
                  00001234    000000b0     main.o (.text.main)
                  000012e4    00000098     huidu.o (.text.huidu_get_value)
                  0000137c    00000094     motor.o (.text.motor_init)
                  00001410    0000008c     key.o (.text.GROUP1_IRQHandler)
                  0000149c    0000008c     ti_msp_dl_config.o (.text.SYSCFG_DL_PWMAB_init)
                  00001528    0000008c     libclang_rt.builtins.a : mulsf3.S.obj (.text.__mulsf3)
                  000015b4    00000082                            : divsf3.S.obj (.text.__divsf3)
                  00001636    00000002                            : aeabi_div0.c.obj (.text.__aeabi_idiv0)
                  00001638    0000007c     oled.o (.text.OLED_Refresh)
                  000016b4    0000007c     ti_msp_dl_config.o (.text.SYSCFG_DL_initPower)
                  00001730    0000007c     libc.a : copy_decompress_lzss.c.obj (.text:decompress:lzss)
                  000017ac    00000074     oled.o (.text.OLED_WR_Byte)
                  00001820    00000074     ti_msp_dl_config.o (.text.SYSCFG_DL_SYSCTL_init)
                  00001894    00000074     libclang_rt.builtins.a : comparedf2.c.obj (.text.__gedf2)
                  00001908    00000008                            : aeabi_memcpy.S.obj (.text.__aeabi_memcpy)
                  00001910    00000074                            : truncdfsf2.S.obj (.text.__truncdfsf2)
                  00001984    00000068                            : comparedf2.c.obj (.text.__ledf2)
                  000019ec    00000064     driverlib.a : dl_sysctl_mspm0g1x0x_g3x0x.o (.text.DL_SYSCTL_setHFCLKSourceHFXTParams)
                  00001a50    00000062     libclang_rt.builtins.a : aeabi_dcmp.S.obj (.text.__aeabi_dcmp)
                  00001ab2    00000002     --HOLE-- [fill = 0]
                  00001ab4    00000060     oled.o (.text.OLED_Clear)
                  00001b14    00000060     ti_msp_dl_config.o (.text.SYSCFG_DL_OLED_init)
                  00001b74    0000005e     driverlib.a : dl_i2c.o (.text.DL_I2C_fillControllerTXFIFO)
                  00001bd2    00000002     --HOLE-- [fill = 0]
                  00001bd4    00000058     motor.o (.text.motor_set_duty)
                  00001c2c    00000056     libclang_rt.builtins.a : aeabi_idivmod.S.obj (.text.__aeabi_idivmod)
                  00001c82    00000002     --HOLE-- [fill = 0]
                  00001c84    00000050     ti_msp_dl_config.o (.text.DL_GPIO_initPeripheralInputFunctionFeatures)
                  00001cd4    00000050     oled.o (.text.DL_I2C_startControllerTransfer)
                  00001d24    0000004c     ti_msp_dl_config.o (.text.DL_GPIO_initDigitalInputFeatures)
                  00001d70    0000004c     ti_msp_dl_config.o (.text.DL_UART_setBaudRateDivisor)
                  00001dbc    00000048     driverlib.a : dl_uart.o (.text.DL_UART_init)
                  00001e04    00000048     oled.o (.text.OLED_DisplayTurn)
                  00001e4c    00000048     ti_msp_dl_config.o (.text.SYSCFG_DL_DEBUG_init)
                  00001e94    00000044     driverlib.a : dl_sysctl_mspm0g1x0x_g3x0x.o (.text.DL_SYSCTL_switchMCLKfromSYSOSCtoHSCLK)
                  00001ed8    00000040     libclang_rt.builtins.a : aeabi_uidivmod.S.obj (.text.__aeabi_uidivmod)
                  00001f18    00000040                            : extendsfdf2.S.obj (.text.__extendsfdf2)
                  00001f58    0000003c     ti_msp_dl_config.o (.text.DL_Timer_setCounterControl)
                  00001f94    0000003c     motor.o (.text.TIMA0_IRQHandler)
                  00001fd0    0000003c     libc.a : autoinit.c.obj (.text:__TI_auto_init_nobinit_nopinit)
                  0000200c    0000003a     libclang_rt.builtins.a : muldsi3.S.obj (.text.__muldsi3)
                  00002046    00000002     --HOLE-- [fill = 0]
                  00002048    00000038                            : fixsfsi.S.obj (.text.__fixsfsi)
                  00002080    00000038     libc.a : sprintf.c.obj (.text.sprintf)
                  000020b8    00000034     oled.o (.text.OLED_ColorTurn)
                  000020ec    00000034     ti_msp_dl_config.o (.text.SYSCFG_DL_MOTOR_PID_init)
                  00002120    00000034     huidu.o (.text.get_gpio_state)
                  00002154    00000030     driverlib.a : dl_uart.o (.text.DL_UART_transmitDataBlocking)
                  00002184    00000030     motor.o (.text.limit_duty)
                  000021b4    0000002c     ti_msp_dl_config.o (.text.SYSCFG_DL_init)
                  000021e0    0000002c     main.o (.text.__NVIC_EnableIRQ)
                  0000220c    0000002c     motor.o (.text.__NVIC_EnableIRQ)
                  00002238    0000002a     uart.o (.text.UART_send_string)
                  00002262    00000028     oled.o (.text.DL_Common_updateReg)
                  0000228a    00000028     ti_msp_dl_config.o (.text.DL_Common_updateReg)
                  000022b2    00000002     --HOLE-- [fill = 0]
                  000022b4    00000028     ti_msp_dl_config.o (.text.DL_I2C_setControllerRXFIFOThreshold)
                  000022dc    00000028     ti_msp_dl_config.o (.text.DL_I2C_setControllerTXFIFOThreshold)
                  00002304    00000028     libclang_rt.builtins.a : floatunsisf.S.obj (.text.__floatunsisf)
                  0000232c    00000028     libc.a : boot_cortex_m.c.obj (.text:_c_int00_noargs)
                  00002354    00000026     ti_msp_dl_config.o (.text.DL_I2C_setAnalogGlitchFilterPulseWidth)
                  0000237a    00000026     driverlib.a : dl_i2c.o (.text.DL_I2C_setClockConfig)
                  000023a0    00000024     ti_msp_dl_config.o (.text.DL_I2C_setDigitalGlitchFilterPulseWidth)
                  000023c4    00000024     libclang_rt.builtins.a : floatunsidf.S.obj (.text.__floatunsidf)
                  000023e8    00000022     libc.a : memccpy.c.obj (.text.memccpy)
                  0000240a    00000002     --HOLE-- [fill = 0]
                  0000240c    00000020     ti_msp_dl_config.o (.text.DL_GPIO_initPeripheralInputFunction)
                  0000242c    00000020     ti_msp_dl_config.o (.text.DL_SYSCTL_setFlashWaitState)
                  0000244c    0000001e     ti_msp_dl_config.o (.text.DL_UART_setOversampling)
                  0000246a    00000002     --HOLE-- [fill = 0]
                  0000246c    0000001c     ti_msp_dl_config.o (.text.DL_GPIO_clearInterruptStatus)
                  00002488    0000001c     ti_msp_dl_config.o (.text.DL_GPIO_enableHiZ)
                  000024a4    0000001c     ti_msp_dl_config.o (.text.DL_GPIO_enableInterrupt)
                  000024c0    0000001c     ti_msp_dl_config.o (.text.DL_GPIO_initPeripheralOutputFunction)
                  000024dc    0000001c     ti_msp_dl_config.o (.text.DL_GPIO_setLowerPinsPolarity)
                  000024f8    0000001c     driverlib.a : dl_sysctl_mspm0g1x0x_g3x0x.o (.text.DL_SYSCTL_configFCC)
                  00002514    0000001c     ti_msp_dl_config.o (.text.DL_SYSCTL_setFCCPeriods)
                  00002530    0000001c     ti_msp_dl_config.o (.text.DL_SYSCTL_setSYSOSCFreq)
                  0000254c    0000001c     ti_msp_dl_config.o (.text.DL_SYSCTL_setULPCLKDivider)
                  00002568    0000001c     ti_msp_dl_config.o (.text.DL_Timer_enableInterrupt)
                  00002584    0000001c     driverlib.a : dl_timer.o (.text.DL_Timer_setCaptCompUpdateMethod)
                  000025a0    0000001c                 : dl_timer.o (.text.DL_Timer_setClockConfig)
                  000025bc    0000001c     ti_msp_dl_config.o (.text.DL_UART_enableInterrupt)
                  000025d8    0000001c     uart.o (.text.UART_send_char)
                  000025f4    0000001c     delay.o (.text.delay_ms)
                  00002610    00000018     ti_msp_dl_config.o (.text.DL_GPIO_enableOutput)
                  00002628    00000018     ti_msp_dl_config.o (.text.DL_GPIO_enablePower)
                  00002640    00000018     ti_msp_dl_config.o (.text.DL_GPIO_initDigitalOutput)
                  00002658    00000018     ti_msp_dl_config.o (.text.DL_GPIO_initPeripheralAnalogFunction)
                  00002670    00000018     ti_msp_dl_config.o (.text.DL_GPIO_reset)
                  00002688    00000018     motor.o (.text.DL_GPIO_setPins)
                  000026a0    00000018     ti_msp_dl_config.o (.text.DL_GPIO_setUpperPinsPolarity)
                  000026b8    00000018     ti_msp_dl_config.o (.text.DL_I2C_enableAnalogGlitchFilter)
                  000026d0    00000018     ti_msp_dl_config.o (.text.DL_I2C_enableController)
                  000026e8    00000018     ti_msp_dl_config.o (.text.DL_I2C_enableControllerClockStretching)
                  00002700    00000018     ti_msp_dl_config.o (.text.DL_I2C_enablePower)
                  00002718    00000018     ti_msp_dl_config.o (.text.DL_I2C_reset)
                  00002730    00000018     ti_msp_dl_config.o (.text.DL_I2C_setTimerPeriod)
                  00002748    00000018     ti_msp_dl_config.o (.text.DL_SYSCTL_setBORThreshold)
                  00002760    00000018     ti_msp_dl_config.o (.text.DL_Timer_enablePower)
                  00002778    00000018     ti_msp_dl_config.o (.text.DL_Timer_reset)
                  00002790    00000018     driverlib.a : dl_timer.o (.text.DL_Timer_setCaptureCompareOutCtl)
                  000027a8    00000018     motor.o (.text.DL_Timer_startCounter)
                  000027c0    00000018     ti_msp_dl_config.o (.text.DL_UART_enablePower)
                  000027d8    00000018     ti_msp_dl_config.o (.text.DL_UART_reset)
                  000027f0    00000018     libc.a : sprintf.c.obj (.text._outs)
                  00002808    00000016     huidu.o (.text.DL_GPIO_readPins)
                  0000281e    00000016     ti_msp_dl_config.o (.text.DL_UART_enable)
                  00002834    00000014     motor.o (.text.DL_GPIO_clearPins)
                  00002848    00000014     ti_msp_dl_config.o (.text.DL_GPIO_clearPins)
                  0000285c    00000014     oled.o (.text.DL_I2C_getControllerStatus)
                  00002870    00000014     ti_msp_dl_config.o (.text.DL_I2C_resetControllerTransfer)
                  00002884    00000014     ti_msp_dl_config.o (.text.DL_SYSCTL_disableSYSPLL)
                  00002898    00000014     ti_msp_dl_config.o (.text.DL_SYSCTL_enableSYSPLL)
                  000028ac    00000014     ti_msp_dl_config.o (.text.DL_Timer_enableClock)
                  000028c0    00000014     ti_msp_dl_config.o (.text.DL_Timer_setCCPDirection)
                  000028d4    00000012     key.o (.text.DL_GPIO_getPendingInterrupt)
                  000028e6    00000012     motor.o (.text.DL_Timer_getPendingInterrupt)
                  000028f8    00000012     driverlib.a : dl_uart.o (.text.DL_UART_setClockConfig)
                  0000290a    00000012     libc.a : memcpy16.S.obj (.text:TI_memcpy_small)
                  0000291c    00000012            : copy_decompress_none.c.obj (.text:decompress:none)
                  0000292e    00000002     --HOLE-- [fill = 0]
                  00002930    00000010     ti_msp_dl_config.o (.text.DL_SYSCTL_disableHFXT)
                  00002940    00000010     ti_msp_dl_config.o (.text.DL_SYSCTL_isFCCDone)
                  00002950    00000010     ti_msp_dl_config.o (.text.DL_SYSCTL_startFCC)
                  00002960    00000010     driverlib.a : dl_timer.o (.text.DL_Timer_setCaptureCompareValue)
                  00002970    00000010     libc.a : copy_zero_init.c.obj (.text:decompress:ZI)
                  00002980    0000000e     libclang_rt.builtins.a : aeabi_memset.S.obj (.text.__aeabi_memset)
                  0000298e    0000000e     libc.a : _printfi.c.obj (.text.strlen)
                  0000299c    0000000e            : memset16.S.obj (.text:TI_memset_small)
                  000029aa    00000002     --HOLE-- [fill = 0]
                  000029ac    0000000c     ti_msp_dl_config.o (.text.DL_SYSCTL_getClockStatus)
                  000029b8    0000000c     ti_msp_dl_config.o (.text.DL_SYSCTL_readFCC)
                  000029c4    0000000c     libclang_rt.builtins.a : aeabi_memset.S.obj (.text.__aeabi_memclr)
                  000029d0    0000000a     driverlib.a : dl_common.o (.text.DL_Common_delayCycles)
                  000029da    0000000a     libc.a : sprintf.c.obj (.text._outc)
                  000029e4    00000006            : exit.c.obj (.text:abort)
                  000029ea    00000004     startup_mspm0g350x_ticlang.o (.text.Default_Handler)
                  000029ee    00000004     libsysbm.a : hostexit.c.obj (.text.HOSTexit)
                  000029f2    00000004     startup_mspm0g350x_ticlang.o (.text.Reset_Handler)
                  000029f6    00000004     libc.a : pre_init.c.obj (.text._system_pre_init)
                  000029fa    00000006     --HOLE-- [fill = 0]

.cinit     0    00002a80    00000050     
                  00002a80    00000027     (.cinit..data.load) [load image, compression = lzss]
                  00002aa7    00000001     --HOLE-- [fill = 0]
                  00002aa8    0000000c     (__TI_handler_table)
                  00002ab4    00000008     (.cinit..bss.load) [load image, compression = zero_init]
                  00002abc    00000010     (__TI_cinit_table)
                  00002acc    00000004     --HOLE-- [fill = 0]

.rodata    0    00002a00    00000080     
                  00002a00    00000028     ti_msp_dl_config.o (.rodata.gSYSPLLConfig)
                  00002a28    00000014     ti_msp_dl_config.o (.rodata.gMOTOR_PIDTimerConfig)
                  00002a3c    00000012     main.o (.rodata.str1.15159059442110792349.1)
                  00002a4e    00000011     libc.a : _printfi.c.obj (.rodata.str1.15363888844622738466.1)
                  00002a5f    00000001     --HOLE-- [fill = 0]
                  00002a60    0000000a     ti_msp_dl_config.o (.rodata.gDEBUGConfig)
                  00002a6a    00000002     ti_msp_dl_config.o (.rodata.gDEBUGClockConfig)
                  00002a6c    00000008     ti_msp_dl_config.o (.rodata.gPWMABConfig)
                  00002a74    00000003     ti_msp_dl_config.o (.rodata.gMOTOR_PIDClockConfig)
                  00002a77    00000003     ti_msp_dl_config.o (.rodata.gPWMABClockConfig)
                  00002a7a    00000002     ti_msp_dl_config.o (.rodata.gOLEDClockConfig)
                  00002a7c    00000004     --HOLE-- [fill = 0]

.init_array 
*          0    00000000    00000000     UNINITIALIZED

.binit     0    00000000    00000000     

.bss       0    20200000    0000053c     UNINITIALIZED
                  20200000    00000480     (.common:OLED_GRAM)
                  20200480    000000bc     (.common:gMOTOR_PIDBackup)

.data      0    2020053c    00000058     UNINITIALIZED
                  2020053c    00000014     huidu.o (.data.target_speed_5)
                  20200550    00000008     huidu.o (.data.huidu_value)
                  20200558    00000004     motor.o (.data.PWM_1_duty)
                  2020055c    00000004     motor.o (.data.PWM_2_duty)
                  20200560    00000004     key.o (.data.counter_1_A)
                  20200564    00000004     key.o (.data.counter_2_A)
                  20200568    00000004     motor.o (.data.current_error_1)
                  2020056c    00000004     motor.o (.data.current_error_2)
                  20200570    00000004     motor.o (.data.ki)
                  20200574    00000004     motor.o (.data.kp)
                  20200578    00000004     motor.o (.data.last_error_1)
                  2020057c    00000004     motor.o (.data.last_error_2)
                  20200580    00000004     motor.o (.data.speed_1)
                  20200584    00000004     motor.o (.data.speed_2)
                  20200588    00000004     main.o (.data.status)
                  2020058c    00000004     motor.o (.data.target_speed_1)
                  20200590    00000004     motor.o (.data.target_speed_2)

.stack     0    20207e00    00000200     UNINITIALIZED
                  20207e00    00000004     libc.a : boot_cortex_m.c.obj (.stack)
                  20207e04    000001fc     --HOLE--

__llvm_prf_cnts 
*          0    20200000    00000000     UNINITIALIZED

__llvm_prf_bits 
*          0    20200000    00000000     UNINITIALIZED

MODULE SUMMARY

       Module                         code    ro data   rw data
       ------                         ----    -------   -------
    .\
       ti_msp_dl_config.o             2842    88        188    
       main.o                         220     18        4      
       startup_mspm0g350x_ticlang.o   8       192       0      
    +--+------------------------------+-------+---------+---------+
       Total:                         3070    298       192    
                                                               
    .\user_driver\
       oled.o                         848     0         1152   
       motor.o                        1258    0         48     
       huidu.o                        1126    0         28     
       key.o                          158     0         8      
       uart.o                         70      0         0      
       delay.o                        28      0         0      
    +--+------------------------------+-------+---------+---------+
       Total:                         3488    0         1236   
                                                               
    C:/TI/mspm0_sdk_2_10_00_04/source/ti/driverlib/lib/ticlang/m0p/mspm0g1x0x_g3x0x/driverlib.a
       dl_timer.o                     608     0         0      
       dl_sysctl_mspm0g1x0x_g3x0x.o   416     0         0      
       dl_uart.o                      138     0         0      
       dl_i2c.o                       132     0         0      
       dl_common.o                    10      0         0      
    +--+------------------------------+-------+---------+---------+
       Total:                         1304    0         0      
                                                               
    D:\vscode\ccs\tools\compiler\ti-cgt-armllvm_4.0.4.LTS\lib\armv6m-ti-none-eabi/c/libc.a
       _printfi.c.obj                 658     17        0      
       copy_decompress_lzss.c.obj     124     0         0      
       sprintf.c.obj                  90      0         0      
       autoinit.c.obj                 60      0         0      
       boot_cortex_m.c.obj            40      0         0      
       memccpy.c.obj                  34      0         0      
       copy_decompress_none.c.obj     18      0         0      
       memcpy16.S.obj                 18      0         0      
       copy_zero_init.c.obj           16      0         0      
       memset16.S.obj                 14      0         0      
       exit.c.obj                     6       0         0      
       pre_init.c.obj                 4       0         0      
    +--+------------------------------+-------+---------+---------+
       Total:                         1082    17        0      
                                                               
    D:\vscode\ccs\tools\compiler\ti-cgt-armllvm_4.0.4.LTS\lib\armv6m-ti-none-eabi/c/libsysbm.a
       hostexit.c.obj                 4       0         0      
    +--+------------------------------+-------+---------+---------+
       Total:                         4       0         0      
                                                               
    D:\vscode\ccs\tools\compiler\ti-cgt-armllvm_4.0.4.LTS\lib\armv6m-ti-none-eabi/libclang_rt.builtins.a
       muldf3.S.obj                   228     0         0      
       comparedf2.c.obj               220     0         0      
       addsf3.S.obj                   216     0         0      
       mulsf3.S.obj                   140     0         0      
       divsf3.S.obj                   130     0         0      
       truncdfsf2.S.obj               116     0         0      
       aeabi_dcmp.S.obj               98      0         0      
       aeabi_idivmod.S.obj            86      0         0      
       aeabi_uidivmod.S.obj           64      0         0      
       extendsfdf2.S.obj              64      0         0      
       muldsi3.S.obj                  58      0         0      
       fixsfsi.S.obj                  56      0         0      
       floatunsisf.S.obj              40      0         0      
       floatunsidf.S.obj              36      0         0      
       aeabi_memset.S.obj             26      0         0      
       aeabi_memcpy.S.obj             8       0         0      
       aeabi_div0.c.obj               2       0         0      
    +--+------------------------------+-------+---------+---------+
       Total:                         1588    0         0      
                                                               
       Stack:                         0       0         512    
       Linker Generated:              0       75        0      
    +--+------------------------------+-------+---------+---------+
       Grand Total:                   10536   390       1940   


LINKER GENERATED COPY TABLES

__TI_cinit_table @ 00002abc records: 2, size/record: 8, table size: 16
	.data: load addr=00002a80, load size=00000027 bytes, run addr=2020053c, run size=00000058 bytes, compression=lzss
	.bss: load addr=00002ab4, load size=00000008 bytes, run addr=20200000, run size=0000053c bytes, compression=zero_init


LINKER GENERATED HANDLER TABLE

__TI_handler_table @ 00002aa8 records: 3, size/record: 4, table size: 12
	index: 0, handler: __TI_decompress_lzss
	index: 1, handler: __TI_decompress_none
	index: 2, handler: __TI_zero_init


GLOBAL SYMBOLS: SORTED ALPHABETICALLY BY Name 

address   name                                 
-------   ----                                 
000029eb  ADC0_IRQHandler                      
000029eb  ADC1_IRQHandler                      
000029eb  AES_IRQHandler                       
000029ee  C$$EXIT                              
000029eb  CANFD0_IRQHandler                    
000029eb  DAC0_IRQHandler                      
000008ad  DC_MOTOR_PID                         
000029d1  DL_Common_delayCycles                
00001b75  DL_I2C_fillControllerTXFIFO          
0000237b  DL_I2C_setClockConfig                
000024f9  DL_SYSCTL_configFCC                  
00000fbd  DL_SYSCTL_configSYSPLL               
000019ed  DL_SYSCTL_setHFCLKSourceHFXTParams   
00001e95  DL_SYSCTL_switchMCLKfromSYSOSCtoHSCLK
00000af9  DL_Timer_initFourCCPWMMode           
00000bfd  DL_Timer_initTimerMode               
00002585  DL_Timer_setCaptCompUpdateMethod     
00002791  DL_Timer_setCaptureCompareOutCtl     
00002961  DL_Timer_setCaptureCompareValue      
000025a1  DL_Timer_setClockConfig              
00001dbd  DL_UART_init                         
000028f9  DL_UART_setClockConfig               
00002155  DL_UART_transmitDataBlocking         
000029eb  DMA_IRQHandler                       
000029eb  Default_Handler                      
000029eb  GROUP0_IRQHandler                    
00001411  GROUP1_IRQHandler                    
000029ef  HOSTexit                             
000029eb  HardFault_Handler                    
000029eb  I2C0_IRQHandler                      
000029eb  I2C1_IRQHandler                      
000029eb  NMI_Handler                          
00001ab5  OLED_Clear                           
000020b9  OLED_ColorTurn                       
00001e05  OLED_DisplayTurn                     
20200000  OLED_GRAM                            
00000cf9  OLED_Init                            
00001639  OLED_Refresh                         
000017ad  OLED_WR_Byte                         
20200558  PWM_1_duty                           
2020055c  PWM_2_duty                           
000029eb  PendSV_Handler                       
000029eb  RTC_IRQHandler                       
000029f3  Reset_Handler                        
000029eb  SPI0_IRQHandler                      
000029eb  SPI1_IRQHandler                      
000029eb  SVC_Handler                          
00001e4d  SYSCFG_DL_DEBUG_init                 
000006c9  SYSCFG_DL_GPIO_init                  
000020ed  SYSCFG_DL_MOTOR_PID_init             
00001b15  SYSCFG_DL_OLED_init                  
0000149d  SYSCFG_DL_PWMAB_init                 
00000df1  SYSCFG_DL_SYSCTL_SYSPLL_init         
00001821  SYSCFG_DL_SYSCTL_init                
000021b5  SYSCFG_DL_init                       
000016b5  SYSCFG_DL_initPower                  
000029eb  SysTick_Handler                      
00001f95  TIMA0_IRQHandler                     
000029eb  TIMA1_IRQHandler                     
000029eb  TIMG0_IRQHandler                     
000029eb  TIMG12_IRQHandler                    
000029eb  TIMG6_IRQHandler                     
000029eb  TIMG7_IRQHandler                     
000029eb  TIMG8_IRQHandler                     
0000290b  TI_memcpy_small                      
0000299d  TI_memset_small                      
000029eb  UART0_IRQHandler                     
000029eb  UART1_IRQHandler                     
000029eb  UART2_IRQHandler                     
000029eb  UART3_IRQHandler                     
000025d9  UART_send_char                       
00002239  UART_send_string                     
20208000  __STACK_END                          
00000200  __STACK_SIZE                         
00000000  __TI_ATRegion0_region_sz             
00000000  __TI_ATRegion0_src_addr              
00000000  __TI_ATRegion0_trg_addr              
00000000  __TI_ATRegion1_region_sz             
00000000  __TI_ATRegion1_src_addr              
00000000  __TI_ATRegion1_trg_addr              
00000000  __TI_ATRegion2_region_sz             
00000000  __TI_ATRegion2_src_addr              
00000000  __TI_ATRegion2_trg_addr              
00002abc  __TI_CINIT_Base                      
00002acc  __TI_CINIT_Limit                     
00002acc  __TI_CINIT_Warm                      
00002aa8  __TI_Handler_Table_Base              
00002ab4  __TI_Handler_Table_Limit             
00001fd1  __TI_auto_init_nobinit_nopinit       
00001731  __TI_decompress_lzss                 
0000291d  __TI_decompress_none                 
ffffffff  __TI_pprof_out_hndl                  
00000445  __TI_printfi_minimal                 
ffffffff  __TI_prof_data_size                  
ffffffff  __TI_prof_data_start                 
00000000  __TI_static_base__                   
00002971  __TI_zero_init                       
000010a3  __addsf3                             
00001911  __aeabi_d2f                          
00001a51  __aeabi_dcmpeq                       
00001a8d  __aeabi_dcmpge                       
00001aa1  __aeabi_dcmpgt                       
00001a79  __aeabi_dcmple                       
00001a65  __aeabi_dcmplt                       
00000ed9  __aeabi_dmul                         
00001f19  __aeabi_f2d                          
00002049  __aeabi_f2iz                         
000010a3  __aeabi_fadd                         
000015b5  __aeabi_fdiv                         
00001529  __aeabi_fmul                         
00001099  __aeabi_fsub                         
00001c2d  __aeabi_idiv                         
00001637  __aeabi_idiv0                        
00001c2d  __aeabi_idivmod                      
000029c5  __aeabi_memclr                       
000029c5  __aeabi_memclr4                      
000029c5  __aeabi_memclr8                      
00001909  __aeabi_memcpy                       
00001909  __aeabi_memcpy4                      
00001909  __aeabi_memcpy8                      
00002981  __aeabi_memset                       
00002981  __aeabi_memset4                      
00002981  __aeabi_memset8                      
000023c5  __aeabi_ui2d                         
00002305  __aeabi_ui2f                         
00001ed9  __aeabi_uidiv                        
00001ed9  __aeabi_uidivmod                     
ffffffff  __binit__                            
00001985  __cmpdf2                             
000015b5  __divsf3                             
00001985  __eqdf2                              
00001f19  __extendsfdf2                        
00002049  __fixsfsi                            
000023c5  __floatunsidf                        
00002305  __floatunsisf                        
00001895  __gedf2                              
00001895  __gtdf2                              
00001985  __ledf2                              
00001985  __ltdf2                              
UNDEFED   __mpu_init                           
00000ed9  __muldf3                             
0000200d  __muldsi3                            
00001529  __mulsf3                             
00001985  __nedf2                              
20207e00  __stack                              
20200000  __start___llvm_prf_bits              
20200000  __start___llvm_prf_cnts              
20200000  __stop___llvm_prf_bits               
20200000  __stop___llvm_prf_cnts               
00001099  __subsf3                             
00001911  __truncdfsf2                         
0000232d  _c_int00_noargs                      
UNDEFED   _system_post_cinit                   
000029f7  _system_pre_init                     
000029e5  abort                                
000000c1  adjust_motor                         
ffffffff  binit                                
00001171  calculate_speed                      
20200560  counter_1_A                          
20200564  counter_2_A                          
20200568  current_error_1                      
2020056c  current_error_2                      
000025f5  delay_ms                             
20200480  gMOTOR_PIDBackup                     
00002121  get_gpio_state                       
000012e5  huidu_get_value                      
20200550  huidu_value                          
00000000  interruptVectors                     
20200570  ki                                   
20200574  kp                                   
20200578  last_error_1                         
2020057c  last_error_2                         
00002185  limit_duty                           
00001235  main                                 
000023e9  memccpy                              
0000137d  motor_init                           
000009ed  motor_set_direction                  
00001bd5  motor_set_duty                       
20200580  speed_1                              
20200584  speed_2                              
00002081  sprintf                              
20200588  status                               
2020058c  target_speed_1                       
20200590  target_speed_2                       
2020053c  target_speed_5                       


GLOBAL SYMBOLS: SORTED BY Symbol Address 

address   name                                 
-------   ----                                 
00000000  __TI_ATRegion0_region_sz             
00000000  __TI_ATRegion0_src_addr              
00000000  __TI_ATRegion0_trg_addr              
00000000  __TI_ATRegion1_region_sz             
00000000  __TI_ATRegion1_src_addr              
00000000  __TI_ATRegion1_trg_addr              
00000000  __TI_ATRegion2_region_sz             
00000000  __TI_ATRegion2_src_addr              
00000000  __TI_ATRegion2_trg_addr              
00000000  __TI_static_base__                   
00000000  interruptVectors                     
000000c1  adjust_motor                         
00000200  __STACK_SIZE                         
00000445  __TI_printfi_minimal                 
000006c9  SYSCFG_DL_GPIO_init                  
000008ad  DC_MOTOR_PID                         
000009ed  motor_set_direction                  
00000af9  DL_Timer_initFourCCPWMMode           
00000bfd  DL_Timer_initTimerMode               
00000cf9  OLED_Init                            
00000df1  SYSCFG_DL_SYSCTL_SYSPLL_init         
00000ed9  __aeabi_dmul                         
00000ed9  __muldf3                             
00000fbd  DL_SYSCTL_configSYSPLL               
00001099  __aeabi_fsub                         
00001099  __subsf3                             
000010a3  __addsf3                             
000010a3  __aeabi_fadd                         
00001171  calculate_speed                      
00001235  main                                 
000012e5  huidu_get_value                      
0000137d  motor_init                           
00001411  GROUP1_IRQHandler                    
0000149d  SYSCFG_DL_PWMAB_init                 
00001529  __aeabi_fmul                         
00001529  __mulsf3                             
000015b5  __aeabi_fdiv                         
000015b5  __divsf3                             
00001637  __aeabi_idiv0                        
00001639  OLED_Refresh                         
000016b5  SYSCFG_DL_initPower                  
00001731  __TI_decompress_lzss                 
000017ad  OLED_WR_Byte                         
00001821  SYSCFG_DL_SYSCTL_init                
00001895  __gedf2                              
00001895  __gtdf2                              
00001909  __aeabi_memcpy                       
00001909  __aeabi_memcpy4                      
00001909  __aeabi_memcpy8                      
00001911  __aeabi_d2f                          
00001911  __truncdfsf2                         
00001985  __cmpdf2                             
00001985  __eqdf2                              
00001985  __ledf2                              
00001985  __ltdf2                              
00001985  __nedf2                              
000019ed  DL_SYSCTL_setHFCLKSourceHFXTParams   
00001a51  __aeabi_dcmpeq                       
00001a65  __aeabi_dcmplt                       
00001a79  __aeabi_dcmple                       
00001a8d  __aeabi_dcmpge                       
00001aa1  __aeabi_dcmpgt                       
00001ab5  OLED_Clear                           
00001b15  SYSCFG_DL_OLED_init                  
00001b75  DL_I2C_fillControllerTXFIFO          
00001bd5  motor_set_duty                       
00001c2d  __aeabi_idiv                         
00001c2d  __aeabi_idivmod                      
00001dbd  DL_UART_init                         
00001e05  OLED_DisplayTurn                     
00001e4d  SYSCFG_DL_DEBUG_init                 
00001e95  DL_SYSCTL_switchMCLKfromSYSOSCtoHSCLK
00001ed9  __aeabi_uidiv                        
00001ed9  __aeabi_uidivmod                     
00001f19  __aeabi_f2d                          
00001f19  __extendsfdf2                        
00001f95  TIMA0_IRQHandler                     
00001fd1  __TI_auto_init_nobinit_nopinit       
0000200d  __muldsi3                            
00002049  __aeabi_f2iz                         
00002049  __fixsfsi                            
00002081  sprintf                              
000020b9  OLED_ColorTurn                       
000020ed  SYSCFG_DL_MOTOR_PID_init             
00002121  get_gpio_state                       
00002155  DL_UART_transmitDataBlocking         
00002185  limit_duty                           
000021b5  SYSCFG_DL_init                       
00002239  UART_send_string                     
00002305  __aeabi_ui2f                         
00002305  __floatunsisf                        
0000232d  _c_int00_noargs                      
0000237b  DL_I2C_setClockConfig                
000023c5  __aeabi_ui2d                         
000023c5  __floatunsidf                        
000023e9  memccpy                              
000024f9  DL_SYSCTL_configFCC                  
00002585  DL_Timer_setCaptCompUpdateMethod     
000025a1  DL_Timer_setClockConfig              
000025d9  UART_send_char                       
000025f5  delay_ms                             
00002791  DL_Timer_setCaptureCompareOutCtl     
000028f9  DL_UART_setClockConfig               
0000290b  TI_memcpy_small                      
0000291d  __TI_decompress_none                 
00002961  DL_Timer_setCaptureCompareValue      
00002971  __TI_zero_init                       
00002981  __aeabi_memset                       
00002981  __aeabi_memset4                      
00002981  __aeabi_memset8                      
0000299d  TI_memset_small                      
000029c5  __aeabi_memclr                       
000029c5  __aeabi_memclr4                      
000029c5  __aeabi_memclr8                      
000029d1  DL_Common_delayCycles                
000029e5  abort                                
000029eb  ADC0_IRQHandler                      
000029eb  ADC1_IRQHandler                      
000029eb  AES_IRQHandler                       
000029eb  CANFD0_IRQHandler                    
000029eb  DAC0_IRQHandler                      
000029eb  DMA_IRQHandler                       
000029eb  Default_Handler                      
000029eb  GROUP0_IRQHandler                    
000029eb  HardFault_Handler                    
000029eb  I2C0_IRQHandler                      
000029eb  I2C1_IRQHandler                      
000029eb  NMI_Handler                          
000029eb  PendSV_Handler                       
000029eb  RTC_IRQHandler                       
000029eb  SPI0_IRQHandler                      
000029eb  SPI1_IRQHandler                      
000029eb  SVC_Handler                          
000029eb  SysTick_Handler                      
000029eb  TIMA1_IRQHandler                     
000029eb  TIMG0_IRQHandler                     
000029eb  TIMG12_IRQHandler                    
000029eb  TIMG6_IRQHandler                     
000029eb  TIMG7_IRQHandler                     
000029eb  TIMG8_IRQHandler                     
000029eb  UART0_IRQHandler                     
000029eb  UART1_IRQHandler                     
000029eb  UART2_IRQHandler                     
000029eb  UART3_IRQHandler                     
000029ee  C$$EXIT                              
000029ef  HOSTexit                             
000029f3  Reset_Handler                        
000029f7  _system_pre_init                     
00002aa8  __TI_Handler_Table_Base              
00002ab4  __TI_Handler_Table_Limit             
00002abc  __TI_CINIT_Base                      
00002acc  __TI_CINIT_Limit                     
00002acc  __TI_CINIT_Warm                      
20200000  OLED_GRAM                            
20200000  __start___llvm_prf_bits              
20200000  __start___llvm_prf_cnts              
20200000  __stop___llvm_prf_bits               
20200000  __stop___llvm_prf_cnts               
20200480  gMOTOR_PIDBackup                     
2020053c  target_speed_5                       
20200550  huidu_value                          
20200558  PWM_1_duty                           
2020055c  PWM_2_duty                           
20200560  counter_1_A                          
20200564  counter_2_A                          
20200568  current_error_1                      
2020056c  current_error_2                      
20200570  ki                                   
20200574  kp                                   
20200578  last_error_1                         
2020057c  last_error_2                         
20200580  speed_1                              
20200584  speed_2                              
20200588  status                               
2020058c  target_speed_1                       
20200590  target_speed_2                       
20207e00  __stack                              
20208000  __STACK_END                          
ffffffff  __TI_pprof_out_hndl                  
ffffffff  __TI_prof_data_size                  
ffffffff  __TI_prof_data_start                 
ffffffff  __binit__                            
ffffffff  binit                                
UNDEFED   __mpu_init                           
UNDEFED   _system_post_cinit                   

[185 symbols]
