******************************************************************************
            TI ARM Clang Linker PC v4.0.4                      
******************************************************************************
>> Linked Sun Jul 19 12:42:49 2026

OUTPUT FILE NAME:   <11_PID_car.out>
ENTRY POINT SYMBOL: "_c_int00_noargs"  address: 000023b1


MEMORY CONFIGURATION

         name            origin    length      used     unused   attr    fill
----------------------  --------  ---------  --------  --------  ----  --------
  FLASH                 00000000   00020000  00002b58  0001d4a8  R  X
  SRAM                  20200000   00008000  0000079c  00007864  RW X
  BCR_CONFIG            41c00000   000000ff  00000000  000000ff  R   
  BSL_CONFIG            41c00100   00000080  00000000  00000080  R   


SEGMENT ALLOCATION MAP

run origin  load origin   length   init length attrs members
----------  ----------- ---------- ----------- ----- -------
00000000    00000000    00002b58   00002b58    r-x
  00000000    00000000    000000c0   000000c0    r-- .intvecs
  000000c0    000000c0    000029c0   000029c0    r-x .text
  00002a80    00002a80    00000080   00000080    r-- .rodata
  00002b00    00002b00    00000058   00000058    r-- .cinit
20200000    20200000    0000059c   00000000    rw-
  20200000    20200000    0000053c   00000000    rw- .bss
  2020053c    2020053c    00000060   00000000    rw- .data
20207e00    20207e00    00000200   00000000    rw-
  20207e00    20207e00    00000200   00000000    rw- .stack


SECTION ALLOCATION MAP

 output                                  attributes/
section   page    origin      length       input sections
--------  ----  ----------  ----------   ----------------
.intvecs   0    00000000    000000c0     
                  00000000    000000c0     startup_mspm0g350x_ticlang.o (.intvecs)

.text      0    000000c0    000029c0     
                  000000c0    00000408     huidu.o (.text.adjust_motor)
                  000004c8    00000284     libc.a : _printfi.c.obj (.text:__TI_printfi_minimal)
                  0000074c    000001e4     ti_msp_dl_config.o (.text.SYSCFG_DL_GPIO_init)
                  00000930    0000013c     motor.o (.text.DC_MOTOR_PID)
                  00000a6c    0000010c     motor.o (.text.motor_set_direction)
                  00000b78    00000104     driverlib.a : dl_timer.o (.text.DL_Timer_initFourCCPWMMode)
                  00000c7c    000000fc                 : dl_timer.o (.text.DL_Timer_initTimerMode)
                  00000d78    000000f8     oled.o (.text.OLED_Init)
                  00000e70    000000e8     ti_msp_dl_config.o (.text.SYSCFG_DL_SYSCTL_SYSPLL_init)
                  00000f58    000000e4     libclang_rt.builtins.a : muldf3.S.obj (.text.__muldf3)
                  0000103c    000000dc     driverlib.a : dl_sysctl_mspm0g1x0x_g3x0x.o (.text.DL_SYSCTL_configSYSPLL)
                  00001118    000000d8     libclang_rt.builtins.a : addsf3.S.obj (.text)
                  000011f0    000000c4     motor.o (.text.calculate_speed)
                  000012b4    000000c4     main.o (.text.main)
                  00001378    00000098     huidu.o (.text.huidu_get_value)
                  00001410    0000008c     key.o (.text.GROUP1_IRQHandler)
                  0000149c    0000008c     ti_msp_dl_config.o (.text.SYSCFG_DL_PWMAB_init)
                  00001528    0000008c     libclang_rt.builtins.a : mulsf3.S.obj (.text.__mulsf3)
                  000015b4    0000008c     motor.o (.text.motor_init)
                  00001640    00000082     libclang_rt.builtins.a : divsf3.S.obj (.text.__divsf3)
                  000016c2    00000002                            : aeabi_div0.c.obj (.text.__aeabi_idiv0)
                  000016c4    0000007c     oled.o (.text.OLED_Refresh)
                  00001740    0000007c     ti_msp_dl_config.o (.text.SYSCFG_DL_initPower)
                  000017bc    0000007c     libc.a : copy_decompress_lzss.c.obj (.text:decompress:lzss)
                  00001838    00000074     oled.o (.text.OLED_WR_Byte)
                  000018ac    00000074     ti_msp_dl_config.o (.text.SYSCFG_DL_SYSCTL_init)
                  00001920    00000074     libclang_rt.builtins.a : comparedf2.c.obj (.text.__gedf2)
                  00001994    0000000c     ti_msp_dl_config.o (.text.DL_SYSCTL_getClockStatus)
                  000019a0    00000074     libclang_rt.builtins.a : truncdfsf2.S.obj (.text.__truncdfsf2)
                  00001a14    00000068                            : comparedf2.c.obj (.text.__ledf2)
                  00001a7c    00000064     driverlib.a : dl_sysctl_mspm0g1x0x_g3x0x.o (.text.DL_SYSCTL_setHFCLKSourceHFXTParams)
                  00001ae0    00000062     libclang_rt.builtins.a : aeabi_dcmp.S.obj (.text.__aeabi_dcmp)
                  00001b42    00000002     --HOLE-- [fill = 0]
                  00001b44    00000060     oled.o (.text.OLED_Clear)
                  00001ba4    00000060     ti_msp_dl_config.o (.text.SYSCFG_DL_OLED_init)
                  00001c04    0000005e     driverlib.a : dl_i2c.o (.text.DL_I2C_fillControllerTXFIFO)
                  00001c62    00000002     --HOLE-- [fill = 0]
                  00001c64    00000056     libclang_rt.builtins.a : aeabi_idivmod.S.obj (.text.__aeabi_idivmod)
                  00001cba    00000002     --HOLE-- [fill = 0]
                  00001cbc    00000050     ti_msp_dl_config.o (.text.DL_GPIO_initPeripheralInputFunctionFeatures)
                  00001d0c    00000050     oled.o (.text.DL_I2C_startControllerTransfer)
                  00001d5c    0000004c     ti_msp_dl_config.o (.text.DL_GPIO_initDigitalInputFeatures)
                  00001da8    0000004c     ti_msp_dl_config.o (.text.DL_UART_setBaudRateDivisor)
                  00001df4    0000004c     motor.o (.text.motor_set_duty)
                  00001e40    00000048     driverlib.a : dl_uart.o (.text.DL_UART_init)
                  00001e88    00000048     oled.o (.text.OLED_DisplayTurn)
                  00001ed0    00000048     ti_msp_dl_config.o (.text.SYSCFG_DL_DEBUG_init)
                  00001f18    00000044     driverlib.a : dl_sysctl_mspm0g1x0x_g3x0x.o (.text.DL_SYSCTL_switchMCLKfromSYSOSCtoHSCLK)
                  00001f5c    00000040     libclang_rt.builtins.a : aeabi_uidivmod.S.obj (.text.__aeabi_uidivmod)
                  00001f9c    00000040                            : extendsfdf2.S.obj (.text.__extendsfdf2)
                  00001fdc    0000003c     ti_msp_dl_config.o (.text.DL_Timer_setCounterControl)
                  00002018    0000003c     motor.o (.text.TIMA0_IRQHandler)
                  00002054    0000003c     libc.a : autoinit.c.obj (.text:__TI_auto_init_nobinit_nopinit)
                  00002090    0000003a     libclang_rt.builtins.a : muldsi3.S.obj (.text.__muldsi3)
                  000020ca    00000002     --HOLE-- [fill = 0]
                  000020cc    00000038                            : fixsfsi.S.obj (.text.__fixsfsi)
                  00002104    00000038     libc.a : sprintf.c.obj (.text.sprintf)
                  0000213c    00000034     oled.o (.text.OLED_ColorTurn)
                  00002170    00000034     ti_msp_dl_config.o (.text.SYSCFG_DL_MOTOR_PID_init)
                  000021a4    00000034     huidu.o (.text.get_gpio_state)
                  000021d8    00000030     driverlib.a : dl_uart.o (.text.DL_UART_transmitDataBlocking)
                  00002208    00000030     motor.o (.text.limit_duty)
                  00002238    0000002c     ti_msp_dl_config.o (.text.SYSCFG_DL_init)
                  00002264    0000002c     main.o (.text.__NVIC_EnableIRQ)
                  00002290    0000002c     motor.o (.text.__NVIC_EnableIRQ)
                  000022bc    0000002a     uart.o (.text.UART_send_string)
                  000022e6    00000028     oled.o (.text.DL_Common_updateReg)
                  0000230e    00000028     ti_msp_dl_config.o (.text.DL_Common_updateReg)
                  00002336    00000002     --HOLE-- [fill = 0]
                  00002338    00000028     ti_msp_dl_config.o (.text.DL_I2C_setControllerRXFIFOThreshold)
                  00002360    00000028     ti_msp_dl_config.o (.text.DL_I2C_setControllerTXFIFOThreshold)
                  00002388    00000028     libclang_rt.builtins.a : floatunsisf.S.obj (.text.__floatunsisf)
                  000023b0    00000028     libc.a : boot_cortex_m.c.obj (.text:_c_int00_noargs)
                  000023d8    00000026     ti_msp_dl_config.o (.text.DL_I2C_setAnalogGlitchFilterPulseWidth)
                  000023fe    00000026     driverlib.a : dl_i2c.o (.text.DL_I2C_setClockConfig)
                  00002424    00000024     ti_msp_dl_config.o (.text.DL_I2C_setDigitalGlitchFilterPulseWidth)
                  00002448    00000024     libclang_rt.builtins.a : floatunsidf.S.obj (.text.__floatunsidf)
                  0000246c    00000022     libc.a : memccpy.c.obj (.text.memccpy)
                  0000248e    00000002     --HOLE-- [fill = 0]
                  00002490    00000020     ti_msp_dl_config.o (.text.DL_GPIO_initPeripheralInputFunction)
                  000024b0    00000020     ti_msp_dl_config.o (.text.DL_SYSCTL_setFlashWaitState)
                  000024d0    0000001e     ti_msp_dl_config.o (.text.DL_UART_setOversampling)
                  000024ee    00000002     --HOLE-- [fill = 0]
                  000024f0    0000001c     ti_msp_dl_config.o (.text.DL_GPIO_clearInterruptStatus)
                  0000250c    0000001c     ti_msp_dl_config.o (.text.DL_GPIO_enableHiZ)
                  00002528    0000001c     ti_msp_dl_config.o (.text.DL_GPIO_enableInterrupt)
                  00002544    0000001c     ti_msp_dl_config.o (.text.DL_GPIO_initPeripheralOutputFunction)
                  00002560    0000001c     ti_msp_dl_config.o (.text.DL_GPIO_setLowerPinsPolarity)
                  0000257c    0000001c     driverlib.a : dl_sysctl_mspm0g1x0x_g3x0x.o (.text.DL_SYSCTL_configFCC)
                  00002598    0000001c     ti_msp_dl_config.o (.text.DL_SYSCTL_setFCCPeriods)
                  000025b4    0000001c     ti_msp_dl_config.o (.text.DL_SYSCTL_setSYSOSCFreq)
                  000025d0    0000001c     ti_msp_dl_config.o (.text.DL_SYSCTL_setULPCLKDivider)
                  000025ec    0000001c     ti_msp_dl_config.o (.text.DL_Timer_enableInterrupt)
                  00002608    0000001c     driverlib.a : dl_timer.o (.text.DL_Timer_setCaptCompUpdateMethod)
                  00002624    0000001c                 : dl_timer.o (.text.DL_Timer_setClockConfig)
                  00002640    0000001c     ti_msp_dl_config.o (.text.DL_UART_enableInterrupt)
                  0000265c    0000001c     uart.o (.text.UART_send_char)
                  00002678    0000001c     delay.o (.text.delay_ms)
                  00002694    00000018     ti_msp_dl_config.o (.text.DL_GPIO_enableOutput)
                  000026ac    00000018     ti_msp_dl_config.o (.text.DL_GPIO_enablePower)
                  000026c4    00000018     ti_msp_dl_config.o (.text.DL_GPIO_initDigitalOutput)
                  000026dc    00000018     ti_msp_dl_config.o (.text.DL_GPIO_initPeripheralAnalogFunction)
                  000026f4    00000018     ti_msp_dl_config.o (.text.DL_GPIO_reset)
                  0000270c    00000018     motor.o (.text.DL_GPIO_setPins)
                  00002724    00000018     ti_msp_dl_config.o (.text.DL_GPIO_setUpperPinsPolarity)
                  0000273c    00000018     ti_msp_dl_config.o (.text.DL_I2C_enableAnalogGlitchFilter)
                  00002754    00000018     ti_msp_dl_config.o (.text.DL_I2C_enableController)
                  0000276c    00000018     ti_msp_dl_config.o (.text.DL_I2C_enableControllerClockStretching)
                  00002784    00000018     ti_msp_dl_config.o (.text.DL_I2C_enablePower)
                  0000279c    00000018     ti_msp_dl_config.o (.text.DL_I2C_reset)
                  000027b4    00000018     ti_msp_dl_config.o (.text.DL_I2C_setTimerPeriod)
                  000027cc    00000018     ti_msp_dl_config.o (.text.DL_SYSCTL_setBORThreshold)
                  000027e4    00000018     ti_msp_dl_config.o (.text.DL_Timer_enablePower)
                  000027fc    00000018     ti_msp_dl_config.o (.text.DL_Timer_reset)
                  00002814    00000018     driverlib.a : dl_timer.o (.text.DL_Timer_setCaptureCompareOutCtl)
                  0000282c    00000018     motor.o (.text.DL_Timer_startCounter)
                  00002844    00000018     ti_msp_dl_config.o (.text.DL_UART_enablePower)
                  0000285c    00000018     ti_msp_dl_config.o (.text.DL_UART_reset)
                  00002874    00000018     libc.a : sprintf.c.obj (.text._outs)
                  0000288c    00000016     huidu.o (.text.DL_GPIO_readPins)
                  000028a2    00000016     ti_msp_dl_config.o (.text.DL_UART_enable)
                  000028b8    00000014     motor.o (.text.DL_GPIO_clearPins)
                  000028cc    00000014     ti_msp_dl_config.o (.text.DL_GPIO_clearPins)
                  000028e0    00000014     oled.o (.text.DL_I2C_getControllerStatus)
                  000028f4    00000014     ti_msp_dl_config.o (.text.DL_I2C_resetControllerTransfer)
                  00002908    00000014     ti_msp_dl_config.o (.text.DL_SYSCTL_disableSYSPLL)
                  0000291c    00000014     ti_msp_dl_config.o (.text.DL_SYSCTL_enableSYSPLL)
                  00002930    00000014     ti_msp_dl_config.o (.text.DL_Timer_enableClock)
                  00002944    00000014     ti_msp_dl_config.o (.text.DL_Timer_setCCPDirection)
                  00002958    00000012     key.o (.text.DL_GPIO_getPendingInterrupt)
                  0000296a    00000012     motor.o (.text.DL_Timer_getPendingInterrupt)
                  0000297c    00000012     driverlib.a : dl_uart.o (.text.DL_UART_setClockConfig)
                  0000298e    00000012     libc.a : memcpy16.S.obj (.text:TI_memcpy_small)
                  000029a0    00000012            : copy_decompress_none.c.obj (.text:decompress:none)
                  000029b2    00000002     --HOLE-- [fill = 0]
                  000029b4    00000010     ti_msp_dl_config.o (.text.DL_SYSCTL_disableHFXT)
                  000029c4    00000010     ti_msp_dl_config.o (.text.DL_SYSCTL_isFCCDone)
                  000029d4    00000010     ti_msp_dl_config.o (.text.DL_SYSCTL_startFCC)
                  000029e4    00000010     driverlib.a : dl_timer.o (.text.DL_Timer_setCaptureCompareValue)
                  000029f4    00000010     libc.a : copy_zero_init.c.obj (.text:decompress:ZI)
                  00002a04    0000000e     libclang_rt.builtins.a : aeabi_memset.S.obj (.text.__aeabi_memset)
                  00002a12    0000000e     libc.a : _printfi.c.obj (.text.strlen)
                  00002a20    0000000e            : memset16.S.obj (.text:TI_memset_small)
                  00002a2e    00000002     --HOLE-- [fill = 0]
                  00002a30    0000000c     ti_msp_dl_config.o (.text.DL_SYSCTL_readFCC)
                  00002a3c    0000000c     libclang_rt.builtins.a : aeabi_memset.S.obj (.text.__aeabi_memclr)
                  00002a48    0000000a     driverlib.a : dl_common.o (.text.DL_Common_delayCycles)
                  00002a52    0000000a     libc.a : sprintf.c.obj (.text._outc)
                  00002a5c    00000008     libclang_rt.builtins.a : aeabi_memcpy.S.obj (.text.__aeabi_memcpy)
                  00002a64    00000006     libc.a : exit.c.obj (.text:abort)
                  00002a6a    00000004     startup_mspm0g350x_ticlang.o (.text.Default_Handler)
                  00002a6e    00000004     libsysbm.a : hostexit.c.obj (.text.HOSTexit)
                  00002a72    00000004     startup_mspm0g350x_ticlang.o (.text.Reset_Handler)
                  00002a76    00000004     libc.a : pre_init.c.obj (.text._system_pre_init)
                  00002a7a    00000006     --HOLE-- [fill = 0]

.cinit     0    00002b00    00000058     
                  00002b00    0000002d     (.cinit..data.load) [load image, compression = lzss]
                  00002b2d    00000003     --HOLE-- [fill = 0]
                  00002b30    0000000c     (__TI_handler_table)
                  00002b3c    00000008     (.cinit..bss.load) [load image, compression = zero_init]
                  00002b44    00000010     (__TI_cinit_table)
                  00002b54    00000004     --HOLE-- [fill = 0]

.rodata    0    00002a80    00000080     
                  00002a80    00000028     ti_msp_dl_config.o (.rodata.gSYSPLLConfig)
                  00002aa8    00000014     ti_msp_dl_config.o (.rodata.gMOTOR_PIDTimerConfig)
                  00002abc    00000012     main.o (.rodata.str1.15159059442110792349.1)
                  00002ace    00000011     libc.a : _printfi.c.obj (.rodata.str1.15363888844622738466.1)
                  00002adf    00000001     --HOLE-- [fill = 0]
                  00002ae0    0000000a     ti_msp_dl_config.o (.rodata.gDEBUGConfig)
                  00002aea    00000002     ti_msp_dl_config.o (.rodata.gDEBUGClockConfig)
                  00002aec    00000008     ti_msp_dl_config.o (.rodata.gPWMABConfig)
                  00002af4    00000003     ti_msp_dl_config.o (.rodata.gMOTOR_PIDClockConfig)
                  00002af7    00000003     ti_msp_dl_config.o (.rodata.gPWMABClockConfig)
                  00002afa    00000002     ti_msp_dl_config.o (.rodata.gOLEDClockConfig)
                  00002afc    00000004     --HOLE-- [fill = 0]

.init_array 
*          0    00000000    00000000     UNINITIALIZED

.binit     0    00000000    00000000     

.bss       0    20200000    0000053c     UNINITIALIZED
                  20200000    00000480     (.common:OLED_GRAM)
                  20200480    000000bc     (.common:gMOTOR_PIDBackup)

.data      0    2020053c    00000060     UNINITIALIZED
                  2020053c    0000001c     huidu.o (.data.spd)
                  20200558    00000008     huidu.o (.data.huidu_value)
                  20200560    00000004     motor.o (.data.PWM_1_duty)
                  20200564    00000004     motor.o (.data.PWM_2_duty)
                  20200568    00000004     key.o (.data.counter_1_A)
                  2020056c    00000004     key.o (.data.counter_2_A)
                  20200570    00000004     motor.o (.data.current_error_1)
                  20200574    00000004     motor.o (.data.current_error_2)
                  20200578    00000004     motor.o (.data.ki)
                  2020057c    00000004     motor.o (.data.kp)
                  20200580    00000004     motor.o (.data.last_error_1)
                  20200584    00000004     motor.o (.data.last_error_2)
                  20200588    00000004     motor.o (.data.speed_1)
                  2020058c    00000004     motor.o (.data.speed_2)
                  20200590    00000004     main.o (.data.status)
                  20200594    00000004     motor.o (.data.target_speed_1)
                  20200598    00000004     motor.o (.data.target_speed_2)

.stack     0    20207e00    00000200     UNINITIALIZED
                  20207e00    00000004     libc.a : boot_cortex_m.c.obj (.stack)
                  20207e04    000001fc     --HOLE--

__llvm_prf_cnts 
*          0    20200000    00000000     UNINITIALIZED

__llvm_prf_bits 
*          0    20200000    00000000     UNINITIALIZED

MODULE SUMMARY

       Module                         code    ro data   rw data
       ------                         ----    -------   -------
    .\
       ti_msp_dl_config.o             2842    88        188    
       main.o                         240     18        4      
       startup_mspm0g350x_ticlang.o   8       192       0      
    +--+------------------------------+-------+---------+---------+
       Total:                         3090    298       192    
                                                               
    .\user_driver\
       oled.o                         848     0         1152   
       huidu.o                        1258    0         36     
       motor.o                        1234    0         48     
       key.o                          158     0         8      
       uart.o                         70      0         0      
       delay.o                        28      0         0      
    +--+------------------------------+-------+---------+---------+
       Total:                         3596    0         1244   
                                                               
    C:/TI/mspm0_sdk_2_10_00_04/source/ti/driverlib/lib/ticlang/m0p/mspm0g1x0x_g3x0x/driverlib.a
       dl_timer.o                     608     0         0      
       dl_sysctl_mspm0g1x0x_g3x0x.o   416     0         0      
       dl_uart.o                      138     0         0      
       dl_i2c.o                       132     0         0      
       dl_common.o                    10      0         0      
    +--+------------------------------+-------+---------+---------+
       Total:                         1304    0         0      
                                                               
    D:\vscode\ccs\tools\compiler\ti-cgt-armllvm_4.0.4.LTS\lib\armv6m-ti-none-eabi/c/libc.a
       _printfi.c.obj                 658     17        0      
       copy_decompress_lzss.c.obj     124     0         0      
       sprintf.c.obj                  90      0         0      
       autoinit.c.obj                 60      0         0      
       boot_cortex_m.c.obj            40      0         0      
       memccpy.c.obj                  34      0         0      
       copy_decompress_none.c.obj     18      0         0      
       memcpy16.S.obj                 18      0         0      
       copy_zero_init.c.obj           16      0         0      
       memset16.S.obj                 14      0         0      
       exit.c.obj                     6       0         0      
       pre_init.c.obj                 4       0         0      
    +--+------------------------------+-------+---------+---------+
       Total:                         1082    17        0      
                                                               
    D:\vscode\ccs\tools\compiler\ti-cgt-armllvm_4.0.4.LTS\lib\armv6m-ti-none-eabi/c/libsysbm.a
       hostexit.c.obj                 4       0         0      
    +--+------------------------------+-------+---------+---------+
       Total:                         4       0         0      
                                                               
    D:\vscode\ccs\tools\compiler\ti-cgt-armllvm_4.0.4.LTS\lib\armv6m-ti-none-eabi/libclang_rt.builtins.a
       muldf3.S.obj                   228     0         0      
       comparedf2.c.obj               220     0         0      
       addsf3.S.obj                   216     0         0      
       mulsf3.S.obj                   140     0         0      
       divsf3.S.obj                   130     0         0      
       truncdfsf2.S.obj               116     0         0      
       aeabi_dcmp.S.obj               98      0         0      
       aeabi_idivmod.S.obj            86      0         0      
       aeabi_uidivmod.S.obj           64      0         0      
       extendsfdf2.S.obj              64      0         0      
       muldsi3.S.obj                  58      0         0      
       fixsfsi.S.obj                  56      0         0      
       floatunsisf.S.obj              40      0         0      
       floatunsidf.S.obj              36      0         0      
       aeabi_memset.S.obj             26      0         0      
       aeabi_memcpy.S.obj             8       0         0      
       aeabi_div0.c.obj               2       0         0      
    +--+------------------------------+-------+---------+---------+
       Total:                         1588    0         0      
                                                               
       Stack:                         0       0         512    
       Linker Generated:              0       81        0      
    +--+------------------------------+-------+---------+---------+
       Grand Total:                   10664   396       1948   


LINKER GENERATED COPY TABLES

__TI_cinit_table @ 00002b44 records: 2, size/record: 8, table size: 16
	.data: load addr=00002b00, load size=0000002d bytes, run addr=2020053c, run size=00000060 bytes, compression=lzss
	.bss: load addr=00002b3c, load size=00000008 bytes, run addr=20200000, run size=0000053c bytes, compression=zero_init


LINKER GENERATED HANDLER TABLE

__TI_handler_table @ 00002b30 records: 3, size/record: 4, table size: 12
	index: 0, handler: __TI_decompress_lzss
	index: 1, handler: __TI_decompress_none
	index: 2, handler: __TI_zero_init


GLOBAL SYMBOLS: SORTED ALPHABETICALLY BY Name 

address   name                                 
-------   ----                                 
00002a6b  ADC0_IRQHandler                      
00002a6b  ADC1_IRQHandler                      
00002a6b  AES_IRQHandler                       
00002a6e  C$$EXIT                              
00002a6b  CANFD0_IRQHandler                    
00002a6b  DAC0_IRQHandler                      
00000931  DC_MOTOR_PID                         
00002a49  DL_Common_delayCycles                
00001c05  DL_I2C_fillControllerTXFIFO          
000023ff  DL_I2C_setClockConfig                
0000257d  DL_SYSCTL_configFCC                  
0000103d  DL_SYSCTL_configSYSPLL               
00001a7d  DL_SYSCTL_setHFCLKSourceHFXTParams   
00001f19  DL_SYSCTL_switchMCLKfromSYSOSCtoHSCLK
00000b79  DL_Timer_initFourCCPWMMode           
00000c7d  DL_Timer_initTimerMode               
00002609  DL_Timer_setCaptCompUpdateMethod     
00002815  DL_Timer_setCaptureCompareOutCtl     
000029e5  DL_Timer_setCaptureCompareValue      
00002625  DL_Timer_setClockConfig              
00001e41  DL_UART_init                         
0000297d  DL_UART_setClockConfig               
000021d9  DL_UART_transmitDataBlocking         
00002a6b  DMA_IRQHandler                       
00002a6b  Default_Handler                      
00002a6b  GROUP0_IRQHandler                    
00001411  GROUP1_IRQHandler                    
00002a6f  HOSTexit                             
00002a6b  HardFault_Handler                    
00002a6b  I2C0_IRQHandler                      
00002a6b  I2C1_IRQHandler                      
00002a6b  NMI_Handler                          
00001b45  OLED_Clear                           
0000213d  OLED_ColorTurn                       
00001e89  OLED_DisplayTurn                     
20200000  OLED_GRAM                            
00000d79  OLED_Init                            
000016c5  OLED_Refresh                         
00001839  OLED_WR_Byte                         
20200560  PWM_1_duty                           
20200564  PWM_2_duty                           
00002a6b  PendSV_Handler                       
00002a6b  RTC_IRQHandler                       
00002a73  Reset_Handler                        
00002a6b  SPI0_IRQHandler                      
00002a6b  SPI1_IRQHandler                      
00002a6b  SVC_Handler                          
00001ed1  SYSCFG_DL_DEBUG_init                 
0000074d  SYSCFG_DL_GPIO_init                  
00002171  SYSCFG_DL_MOTOR_PID_init             
00001ba5  SYSCFG_DL_OLED_init                  
0000149d  SYSCFG_DL_PWMAB_init                 
00000e71  SYSCFG_DL_SYSCTL_SYSPLL_init         
000018ad  SYSCFG_DL_SYSCTL_init                
00002239  SYSCFG_DL_init                       
00001741  SYSCFG_DL_initPower                  
00002a6b  SysTick_Handler                      
00002019  TIMA0_IRQHandler                     
00002a6b  TIMA1_IRQHandler                     
00002a6b  TIMG0_IRQHandler                     
00002a6b  TIMG12_IRQHandler                    
00002a6b  TIMG6_IRQHandler                     
00002a6b  TIMG7_IRQHandler                     
00002a6b  TIMG8_IRQHandler                     
0000298f  TI_memcpy_small                      
00002a21  TI_memset_small                      
00002a6b  UART0_IRQHandler                     
00002a6b  UART1_IRQHandler                     
00002a6b  UART2_IRQHandler                     
00002a6b  UART3_IRQHandler                     
0000265d  UART_send_char                       
000022bd  UART_send_string                     
20208000  __STACK_END                          
00000200  __STACK_SIZE                         
00000000  __TI_ATRegion0_region_sz             
00000000  __TI_ATRegion0_src_addr              
00000000  __TI_ATRegion0_trg_addr              
00000000  __TI_ATRegion1_region_sz             
00000000  __TI_ATRegion1_src_addr              
00000000  __TI_ATRegion1_trg_addr              
00000000  __TI_ATRegion2_region_sz             
00000000  __TI_ATRegion2_src_addr              
00000000  __TI_ATRegion2_trg_addr              
00002b44  __TI_CINIT_Base                      
00002b54  __TI_CINIT_Limit                     
00002b54  __TI_CINIT_Warm                      
00002b30  __TI_Handler_Table_Base              
00002b3c  __TI_Handler_Table_Limit             
00002055  __TI_auto_init_nobinit_nopinit       
000017bd  __TI_decompress_lzss                 
000029a1  __TI_decompress_none                 
ffffffff  __TI_pprof_out_hndl                  
000004c9  __TI_printfi_minimal                 
ffffffff  __TI_prof_data_size                  
ffffffff  __TI_prof_data_start                 
00000000  __TI_static_base__                   
000029f5  __TI_zero_init                       
00001123  __addsf3                             
000019a1  __aeabi_d2f                          
00001ae1  __aeabi_dcmpeq                       
00001b1d  __aeabi_dcmpge                       
00001b31  __aeabi_dcmpgt                       
00001b09  __aeabi_dcmple                       
00001af5  __aeabi_dcmplt                       
00000f59  __aeabi_dmul                         
00001f9d  __aeabi_f2d                          
000020cd  __aeabi_f2iz                         
00001123  __aeabi_fadd                         
00001641  __aeabi_fdiv                         
00001529  __aeabi_fmul                         
00001119  __aeabi_fsub                         
00001c65  __aeabi_idiv                         
000016c3  __aeabi_idiv0                        
00001c65  __aeabi_idivmod                      
00002a3d  __aeabi_memclr                       
00002a3d  __aeabi_memclr4                      
00002a3d  __aeabi_memclr8                      
00002a5d  __aeabi_memcpy                       
00002a5d  __aeabi_memcpy4                      
00002a5d  __aeabi_memcpy8                      
00002a05  __aeabi_memset                       
00002a05  __aeabi_memset4                      
00002a05  __aeabi_memset8                      
00002449  __aeabi_ui2d                         
00002389  __aeabi_ui2f                         
00001f5d  __aeabi_uidiv                        
00001f5d  __aeabi_uidivmod                     
ffffffff  __binit__                            
00001a15  __cmpdf2                             
00001641  __divsf3                             
00001a15  __eqdf2                              
00001f9d  __extendsfdf2                        
000020cd  __fixsfsi                            
00002449  __floatunsidf                        
00002389  __floatunsisf                        
00001921  __gedf2                              
00001921  __gtdf2                              
00001a15  __ledf2                              
00001a15  __ltdf2                              
UNDEFED   __mpu_init                           
00000f59  __muldf3                             
00002091  __muldsi3                            
00001529  __mulsf3                             
00001a15  __nedf2                              
20207e00  __stack                              
20200000  __start___llvm_prf_bits              
20200000  __start___llvm_prf_cnts              
20200000  __stop___llvm_prf_bits               
20200000  __stop___llvm_prf_cnts               
00001119  __subsf3                             
000019a1  __truncdfsf2                         
000023b1  _c_int00_noargs                      
UNDEFED   _system_post_cinit                   
00002a77  _system_pre_init                     
00002a65  abort                                
000000c1  adjust_motor                         
ffffffff  binit                                
000011f1  calculate_speed                      
20200568  counter_1_A                          
2020056c  counter_2_A                          
20200570  current_error_1                      
20200574  current_error_2                      
00002679  delay_ms                             
20200480  gMOTOR_PIDBackup                     
000021a5  get_gpio_state                       
00001379  huidu_get_value                      
20200558  huidu_value                          
00000000  interruptVectors                     
20200578  ki                                   
2020057c  kp                                   
20200580  last_error_1                         
20200584  last_error_2                         
00002209  limit_duty                           
000012b5  main                                 
0000246d  memccpy                              
000015b5  motor_init                           
00000a6d  motor_set_direction                  
00001df5  motor_set_duty                       
2020053c  spd                                  
20200588  speed_1                              
2020058c  speed_2                              
00002105  sprintf                              
20200590  status                               
20200594  target_speed_1                       
20200598  target_speed_2                       


GLOBAL SYMBOLS: SORTED BY Symbol Address 

address   name                                 
-------   ----                                 
00000000  __TI_ATRegion0_region_sz             
00000000  __TI_ATRegion0_src_addr              
00000000  __TI_ATRegion0_trg_addr              
00000000  __TI_ATRegion1_region_sz             
00000000  __TI_ATRegion1_src_addr              
00000000  __TI_ATRegion1_trg_addr              
00000000  __TI_ATRegion2_region_sz             
00000000  __TI_ATRegion2_src_addr              
00000000  __TI_ATRegion2_trg_addr              
00000000  __TI_static_base__                   
00000000  interruptVectors                     
000000c1  adjust_motor                         
00000200  __STACK_SIZE                         
000004c9  __TI_printfi_minimal                 
0000074d  SYSCFG_DL_GPIO_init                  
00000931  DC_MOTOR_PID                         
00000a6d  motor_set_direction                  
00000b79  DL_Timer_initFourCCPWMMode           
00000c7d  DL_Timer_initTimerMode               
00000d79  OLED_Init                            
00000e71  SYSCFG_DL_SYSCTL_SYSPLL_init         
00000f59  __aeabi_dmul                         
00000f59  __muldf3                             
0000103d  DL_SYSCTL_configSYSPLL               
00001119  __aeabi_fsub                         
00001119  __subsf3                             
00001123  __addsf3                             
00001123  __aeabi_fadd                         
000011f1  calculate_speed                      
000012b5  main                                 
00001379  huidu_get_value                      
00001411  GROUP1_IRQHandler                    
0000149d  SYSCFG_DL_PWMAB_init                 
00001529  __aeabi_fmul                         
00001529  __mulsf3                             
000015b5  motor_init                           
00001641  __aeabi_fdiv                         
00001641  __divsf3                             
000016c3  __aeabi_idiv0                        
000016c5  OLED_Refresh                         
00001741  SYSCFG_DL_initPower                  
000017bd  __TI_decompress_lzss                 
00001839  OLED_WR_Byte                         
000018ad  SYSCFG_DL_SYSCTL_init                
00001921  __gedf2                              
00001921  __gtdf2                              
000019a1  __aeabi_d2f                          
000019a1  __truncdfsf2                         
00001a15  __cmpdf2                             
00001a15  __eqdf2                              
00001a15  __ledf2                              
00001a15  __ltdf2                              
00001a15  __nedf2                              
00001a7d  DL_SYSCTL_setHFCLKSourceHFXTParams   
00001ae1  __aeabi_dcmpeq                       
00001af5  __aeabi_dcmplt                       
00001b09  __aeabi_dcmple                       
00001b1d  __aeabi_dcmpge                       
00001b31  __aeabi_dcmpgt                       
00001b45  OLED_Clear                           
00001ba5  SYSCFG_DL_OLED_init                  
00001c05  DL_I2C_fillControllerTXFIFO          
00001c65  __aeabi_idiv                         
00001c65  __aeabi_idivmod                      
00001df5  motor_set_duty                       
00001e41  DL_UART_init                         
00001e89  OLED_DisplayTurn                     
00001ed1  SYSCFG_DL_DEBUG_init                 
00001f19  DL_SYSCTL_switchMCLKfromSYSOSCtoHSCLK
00001f5d  __aeabi_uidiv                        
00001f5d  __aeabi_uidivmod                     
00001f9d  __aeabi_f2d                          
00001f9d  __extendsfdf2                        
00002019  TIMA0_IRQHandler                     
00002055  __TI_auto_init_nobinit_nopinit       
00002091  __muldsi3                            
000020cd  __aeabi_f2iz                         
000020cd  __fixsfsi                            
00002105  sprintf                              
0000213d  OLED_ColorTurn                       
00002171  SYSCFG_DL_MOTOR_PID_init             
000021a5  get_gpio_state                       
000021d9  DL_UART_transmitDataBlocking         
00002209  limit_duty                           
00002239  SYSCFG_DL_init                       
000022bd  UART_send_string                     
00002389  __aeabi_ui2f                         
00002389  __floatunsisf                        
000023b1  _c_int00_noargs                      
000023ff  DL_I2C_setClockConfig                
00002449  __aeabi_ui2d                         
00002449  __floatunsidf                        
0000246d  memccpy                              
0000257d  DL_SYSCTL_configFCC                  
00002609  DL_Timer_setCaptCompUpdateMethod     
00002625  DL_Timer_setClockConfig              
0000265d  UART_send_char                       
00002679  delay_ms                             
00002815  DL_Timer_setCaptureCompareOutCtl     
0000297d  DL_UART_setClockConfig               
0000298f  TI_memcpy_small                      
000029a1  __TI_decompress_none                 
000029e5  DL_Timer_setCaptureCompareValue      
000029f5  __TI_zero_init                       
00002a05  __aeabi_memset                       
00002a05  __aeabi_memset4                      
00002a05  __aeabi_memset8                      
00002a21  TI_memset_small                      
00002a3d  __aeabi_memclr                       
00002a3d  __aeabi_memclr4                      
00002a3d  __aeabi_memclr8                      
00002a49  DL_Common_delayCycles                
00002a5d  __aeabi_memcpy                       
00002a5d  __aeabi_memcpy4                      
00002a5d  __aeabi_memcpy8                      
00002a65  abort                                
00002a6b  ADC0_IRQHandler                      
00002a6b  ADC1_IRQHandler                      
00002a6b  AES_IRQHandler                       
00002a6b  CANFD0_IRQHandler                    
00002a6b  DAC0_IRQHandler                      
00002a6b  DMA_IRQHandler                       
00002a6b  Default_Handler                      
00002a6b  GROUP0_IRQHandler                    
00002a6b  HardFault_Handler                    
00002a6b  I2C0_IRQHandler                      
00002a6b  I2C1_IRQHandler                      
00002a6b  NMI_Handler                          
00002a6b  PendSV_Handler                       
00002a6b  RTC_IRQHandler                       
00002a6b  SPI0_IRQHandler                      
00002a6b  SPI1_IRQHandler                      
00002a6b  SVC_Handler                          
00002a6b  SysTick_Handler                      
00002a6b  TIMA1_IRQHandler                     
00002a6b  TIMG0_IRQHandler                     
00002a6b  TIMG12_IRQHandler                    
00002a6b  TIMG6_IRQHandler                     
00002a6b  TIMG7_IRQHandler                     
00002a6b  TIMG8_IRQHandler                     
00002a6b  UART0_IRQHandler                     
00002a6b  UART1_IRQHandler                     
00002a6b  UART2_IRQHandler                     
00002a6b  UART3_IRQHandler                     
00002a6e  C$$EXIT                              
00002a6f  HOSTexit                             
00002a73  Reset_Handler                        
00002a77  _system_pre_init                     
00002b30  __TI_Handler_Table_Base              
00002b3c  __TI_Handler_Table_Limit             
00002b44  __TI_CINIT_Base                      
00002b54  __TI_CINIT_Limit                     
00002b54  __TI_CINIT_Warm                      
20200000  OLED_GRAM                            
20200000  __start___llvm_prf_bits              
20200000  __start___llvm_prf_cnts              
20200000  __stop___llvm_prf_bits               
20200000  __stop___llvm_prf_cnts               
20200480  gMOTOR_PIDBackup                     
2020053c  spd                                  
20200558  huidu_value                          
20200560  PWM_1_duty                           
20200564  PWM_2_duty                           
20200568  counter_1_A                          
2020056c  counter_2_A                          
20200570  current_error_1                      
20200574  current_error_2                      
20200578  ki                                   
2020057c  kp                                   
20200580  last_error_1                         
20200584  last_error_2                         
20200588  speed_1                              
2020058c  speed_2                              
20200590  status                               
20200594  target_speed_1                       
20200598  target_speed_2                       
20207e00  __stack                              
20208000  __STACK_END                          
ffffffff  __TI_pprof_out_hndl                  
ffffffff  __TI_prof_data_size                  
ffffffff  __TI_prof_data_start                 
ffffffff  __binit__                            
ffffffff  binit                                
UNDEFED   __mpu_init                           
UNDEFED   _system_post_cinit                   

[185 symbols]
