******************************************************************************
            TI ARM Clang Linker PC v4.0.4                      
******************************************************************************
>> Linked Fri Jul 17 19:07:55 2026

OUTPUT FILE NAME:   <11_PID_car.out>
ENTRY POINT SYMBOL: "_c_int00_noargs"  address: 0000243d


MEMORY CONFIGURATION

         name            origin    length      used     unused   attr    fill
----------------------  --------  ---------  --------  --------  ----  --------
  FLASH                 00000000   00020000  00002c00  0001d400  R  X
  SRAM                  20200000   00008000  00000790  00007870  RW X
  BCR_CONFIG            41c00000   000000ff  00000000  000000ff  R   
  BSL_CONFIG            41c00100   00000080  00000000  00000080  R   


SEGMENT ALLOCATION MAP

run origin  load origin   length   init length attrs members
----------  ----------- ---------- ----------- ----- -------
00000000    00000000    00002c00   00002c00    r-x
  00000000    00000000    000000c0   000000c0    r-- .intvecs
  000000c0    000000c0    00002a70   00002a70    r-x .text
  00002b30    00002b30    00000080   00000080    r-- .rodata
  00002bb0    00002bb0    00000050   00000050    r-- .cinit
20200000    20200000    00000590   00000000    rw-
  20200000    20200000    0000053c   00000000    rw- .bss
  2020053c    2020053c    00000054   00000000    rw- .data
20207e00    20207e00    00000200   00000000    rw-
  20207e00    20207e00    00000200   00000000    rw- .stack


SECTION ALLOCATION MAP

 output                                  attributes/
section   page    origin      length       input sections
--------  ----  ----------  ----------   ----------------
.intvecs   0    00000000    000000c0     
                  00000000    000000c0     startup_mspm0g350x_ticlang.o (.intvecs)

.text      0    000000c0    00002a70     
                  000000c0    000003f4     huidu.o (.text.adjust_motor)
                  000004b4    00000284     libc.a : _printfi.c.obj (.text:__TI_printfi_minimal)
                  00000738    000001e4     ti_msp_dl_config.o (.text.SYSCFG_DL_GPIO_init)
                  0000091c    0000013c     motor.o (.text.DC_MOTOR_PID)
                  00000a58    0000010c     motor.o (.text.motor_set_direction)
                  00000b64    00000104     driverlib.a : dl_timer.o (.text.DL_Timer_initFourCCPWMMode)
                  00000c68    000000fc                 : dl_timer.o (.text.DL_Timer_initTimerMode)
                  00000d64    000000f8     oled.o (.text.OLED_Init)
                  00000e5c    000000e8     ti_msp_dl_config.o (.text.SYSCFG_DL_SYSCTL_SYSPLL_init)
                  00000f44    000000e4     libclang_rt.builtins.a : muldf3.S.obj (.text.__muldf3)
                  00001028    000000dc     driverlib.a : dl_sysctl_mspm0g1x0x_g3x0x.o (.text.DL_SYSCTL_configSYSPLL)
                  00001104    000000d8     libclang_rt.builtins.a : addsf3.S.obj (.text)
                  000011dc    000000c4     motor.o (.text.calculate_speed)
                  000012a0    000000b8     main.o (.text.main)
                  00001358    00000098     huidu.o (.text.huidu_get_value)
                  000013f0    0000008c     key.o (.text.GROUP1_IRQHandler)
                  0000147c    0000008c     ti_msp_dl_config.o (.text.SYSCFG_DL_PWMAB_init)
                  00001508    0000008c     libclang_rt.builtins.a : mulsf3.S.obj (.text.__mulsf3)
                  00001594    0000008c     motor.o (.text.motor_init)
                  00001620    00000082     libclang_rt.builtins.a : divsf3.S.obj (.text.__divsf3)
                  000016a2    00000002                            : aeabi_div0.c.obj (.text.__aeabi_idiv0)
                  000016a4    0000007c     oled.o (.text.OLED_Refresh)
                  00001720    0000007c     ti_msp_dl_config.o (.text.SYSCFG_DL_initPower)
                  0000179c    0000007c     libc.a : copy_decompress_lzss.c.obj (.text:decompress:lzss)
                  00001818    00000074     oled.o (.text.OLED_WR_Byte)
                  0000188c    00000074     ti_msp_dl_config.o (.text.SYSCFG_DL_SYSCTL_init)
                  00001900    00000074     libclang_rt.builtins.a : comparedf2.c.obj (.text.__gedf2)
                  00001974    0000000c     ti_msp_dl_config.o (.text.DL_SYSCTL_getClockStatus)
                  00001980    00000074     libclang_rt.builtins.a : truncdfsf2.S.obj (.text.__truncdfsf2)
                  000019f4    00000068                            : comparedf2.c.obj (.text.__ledf2)
                  00001a5c    00000064     driverlib.a : dl_sysctl_mspm0g1x0x_g3x0x.o (.text.DL_SYSCTL_setHFCLKSourceHFXTParams)
                  00001ac0    00000062     libclang_rt.builtins.a : aeabi_dcmp.S.obj (.text.__aeabi_dcmp)
                  00001b22    00000002     --HOLE-- [fill = 0]
                  00001b24    00000062                            : aeabi_fcmp.S.obj (.text.__aeabi_fcmp)
                  00001b86    00000002     --HOLE-- [fill = 0]
                  00001b88    00000060     oled.o (.text.OLED_Clear)
                  00001be8    00000060     ti_msp_dl_config.o (.text.SYSCFG_DL_OLED_init)
                  00001c48    0000005e     driverlib.a : dl_i2c.o (.text.DL_I2C_fillControllerTXFIFO)
                  00001ca6    00000002     --HOLE-- [fill = 0]
                  00001ca8    00000056     libclang_rt.builtins.a : aeabi_idivmod.S.obj (.text.__aeabi_idivmod)
                  00001cfe    00000002     --HOLE-- [fill = 0]
                  00001d00    00000050     ti_msp_dl_config.o (.text.DL_GPIO_initPeripheralInputFunctionFeatures)
                  00001d50    00000050     oled.o (.text.DL_I2C_startControllerTransfer)
                  00001da0    0000004c     ti_msp_dl_config.o (.text.DL_GPIO_initDigitalInputFeatures)
                  00001dec    0000004c     ti_msp_dl_config.o (.text.DL_UART_setBaudRateDivisor)
                  00001e38    0000004c     motor.o (.text.motor_set_duty)
                  00001e84    00000048     driverlib.a : dl_uart.o (.text.DL_UART_init)
                  00001ecc    00000048     oled.o (.text.OLED_DisplayTurn)
                  00001f14    00000048     ti_msp_dl_config.o (.text.SYSCFG_DL_DEBUG_init)
                  00001f5c    00000044     driverlib.a : dl_sysctl_mspm0g1x0x_g3x0x.o (.text.DL_SYSCTL_switchMCLKfromSYSOSCtoHSCLK)
                  00001fa0    00000040     libclang_rt.builtins.a : aeabi_uidivmod.S.obj (.text.__aeabi_uidivmod)
                  00001fe0    00000040                            : extendsfdf2.S.obj (.text.__extendsfdf2)
                  00002020    0000003c     ti_msp_dl_config.o (.text.DL_Timer_setCounterControl)
                  0000205c    0000003c     motor.o (.text.TIMA0_IRQHandler)
                  00002098    0000003c     libclang_rt.builtins.a : comparesf2.S.obj (.text.__gtsf2)
                  000020d4    0000003c     libc.a : autoinit.c.obj (.text:__TI_auto_init_nobinit_nopinit)
                  00002110    0000003a     libclang_rt.builtins.a : comparesf2.S.obj (.text.__eqsf2)
                  0000214a    00000002     --HOLE-- [fill = 0]
                  0000214c    0000003a                            : muldsi3.S.obj (.text.__muldsi3)
                  00002186    00000002     --HOLE-- [fill = 0]
                  00002188    00000038                            : fixsfsi.S.obj (.text.__fixsfsi)
                  000021c0    00000038     libc.a : sprintf.c.obj (.text.sprintf)
                  000021f8    00000034     oled.o (.text.OLED_ColorTurn)
                  0000222c    00000034     ti_msp_dl_config.o (.text.SYSCFG_DL_MOTOR_PID_init)
                  00002260    00000034     huidu.o (.text.get_gpio_state)
                  00002294    00000030     driverlib.a : dl_uart.o (.text.DL_UART_transmitDataBlocking)
                  000022c4    0000002c     ti_msp_dl_config.o (.text.SYSCFG_DL_init)
                  000022f0    0000002c     main.o (.text.__NVIC_EnableIRQ)
                  0000231c    0000002c     motor.o (.text.__NVIC_EnableIRQ)
                  00002348    0000002a     uart.o (.text.UART_send_string)
                  00002372    00000028     oled.o (.text.DL_Common_updateReg)
                  0000239a    00000028     ti_msp_dl_config.o (.text.DL_Common_updateReg)
                  000023c2    00000002     --HOLE-- [fill = 0]
                  000023c4    00000028     ti_msp_dl_config.o (.text.DL_I2C_setControllerRXFIFOThreshold)
                  000023ec    00000028     ti_msp_dl_config.o (.text.DL_I2C_setControllerTXFIFOThreshold)
                  00002414    00000028     libclang_rt.builtins.a : floatunsisf.S.obj (.text.__floatunsisf)
                  0000243c    00000028     libc.a : boot_cortex_m.c.obj (.text:_c_int00_noargs)
                  00002464    00000026     ti_msp_dl_config.o (.text.DL_I2C_setAnalogGlitchFilterPulseWidth)
                  0000248a    00000026     driverlib.a : dl_i2c.o (.text.DL_I2C_setClockConfig)
                  000024b0    00000024     ti_msp_dl_config.o (.text.DL_I2C_setDigitalGlitchFilterPulseWidth)
                  000024d4    00000024     libclang_rt.builtins.a : floatunsidf.S.obj (.text.__floatunsidf)
                  000024f8    00000022     libc.a : memccpy.c.obj (.text.memccpy)
                  0000251a    00000002     --HOLE-- [fill = 0]
                  0000251c    00000020     ti_msp_dl_config.o (.text.DL_GPIO_initPeripheralInputFunction)
                  0000253c    00000020     ti_msp_dl_config.o (.text.DL_SYSCTL_setFlashWaitState)
                  0000255c    00000020     motor.o (.text.limit_duty)
                  0000257c    0000001e     ti_msp_dl_config.o (.text.DL_UART_setOversampling)
                  0000259a    00000002     --HOLE-- [fill = 0]
                  0000259c    0000001c     ti_msp_dl_config.o (.text.DL_GPIO_clearInterruptStatus)
                  000025b8    0000001c     ti_msp_dl_config.o (.text.DL_GPIO_enableHiZ)
                  000025d4    0000001c     ti_msp_dl_config.o (.text.DL_GPIO_enableInterrupt)
                  000025f0    0000001c     ti_msp_dl_config.o (.text.DL_GPIO_initPeripheralOutputFunction)
                  0000260c    0000001c     ti_msp_dl_config.o (.text.DL_GPIO_setLowerPinsPolarity)
                  00002628    0000001c     driverlib.a : dl_sysctl_mspm0g1x0x_g3x0x.o (.text.DL_SYSCTL_configFCC)
                  00002644    0000001c     ti_msp_dl_config.o (.text.DL_SYSCTL_setFCCPeriods)
                  00002660    0000001c     ti_msp_dl_config.o (.text.DL_SYSCTL_setSYSOSCFreq)
                  0000267c    0000001c     ti_msp_dl_config.o (.text.DL_SYSCTL_setULPCLKDivider)
                  00002698    0000001c     ti_msp_dl_config.o (.text.DL_Timer_enableInterrupt)
                  000026b4    0000001c     driverlib.a : dl_timer.o (.text.DL_Timer_setCaptCompUpdateMethod)
                  000026d0    0000001c                 : dl_timer.o (.text.DL_Timer_setClockConfig)
                  000026ec    0000001c     ti_msp_dl_config.o (.text.DL_UART_enableInterrupt)
                  00002708    0000001c     uart.o (.text.UART_send_char)
                  00002724    0000001c     delay.o (.text.delay_ms)
                  00002740    00000018     ti_msp_dl_config.o (.text.DL_GPIO_enableOutput)
                  00002758    00000018     ti_msp_dl_config.o (.text.DL_GPIO_enablePower)
                  00002770    00000018     ti_msp_dl_config.o (.text.DL_GPIO_initDigitalOutput)
                  00002788    00000018     ti_msp_dl_config.o (.text.DL_GPIO_initPeripheralAnalogFunction)
                  000027a0    00000018     ti_msp_dl_config.o (.text.DL_GPIO_reset)
                  000027b8    00000018     motor.o (.text.DL_GPIO_setPins)
                  000027d0    00000018     ti_msp_dl_config.o (.text.DL_GPIO_setUpperPinsPolarity)
                  000027e8    00000018     ti_msp_dl_config.o (.text.DL_I2C_enableAnalogGlitchFilter)
                  00002800    00000018     ti_msp_dl_config.o (.text.DL_I2C_enableController)
                  00002818    00000018     ti_msp_dl_config.o (.text.DL_I2C_enableControllerClockStretching)
                  00002830    00000018     ti_msp_dl_config.o (.text.DL_I2C_enablePower)
                  00002848    00000018     ti_msp_dl_config.o (.text.DL_I2C_reset)
                  00002860    00000018     ti_msp_dl_config.o (.text.DL_I2C_setTimerPeriod)
                  00002878    00000018     ti_msp_dl_config.o (.text.DL_SYSCTL_setBORThreshold)
                  00002890    00000018     ti_msp_dl_config.o (.text.DL_Timer_enablePower)
                  000028a8    00000018     ti_msp_dl_config.o (.text.DL_Timer_reset)
                  000028c0    00000018     driverlib.a : dl_timer.o (.text.DL_Timer_setCaptureCompareOutCtl)
                  000028d8    00000018     motor.o (.text.DL_Timer_startCounter)
                  000028f0    00000018     ti_msp_dl_config.o (.text.DL_UART_enablePower)
                  00002908    00000018     ti_msp_dl_config.o (.text.DL_UART_reset)
                  00002920    00000018     libc.a : sprintf.c.obj (.text._outs)
                  00002938    00000016     huidu.o (.text.DL_GPIO_readPins)
                  0000294e    00000016     ti_msp_dl_config.o (.text.DL_UART_enable)
                  00002964    00000014     motor.o (.text.DL_GPIO_clearPins)
                  00002978    00000014     ti_msp_dl_config.o (.text.DL_GPIO_clearPins)
                  0000298c    00000014     oled.o (.text.DL_I2C_getControllerStatus)
                  000029a0    00000014     ti_msp_dl_config.o (.text.DL_I2C_resetControllerTransfer)
                  000029b4    00000014     ti_msp_dl_config.o (.text.DL_SYSCTL_disableSYSPLL)
                  000029c8    00000014     ti_msp_dl_config.o (.text.DL_SYSCTL_enableSYSPLL)
                  000029dc    00000014     ti_msp_dl_config.o (.text.DL_Timer_enableClock)
                  000029f0    00000014     ti_msp_dl_config.o (.text.DL_Timer_setCCPDirection)
                  00002a04    00000012     key.o (.text.DL_GPIO_getPendingInterrupt)
                  00002a16    00000012     motor.o (.text.DL_Timer_getPendingInterrupt)
                  00002a28    00000012     driverlib.a : dl_uart.o (.text.DL_UART_setClockConfig)
                  00002a3a    00000012     libc.a : memcpy16.S.obj (.text:TI_memcpy_small)
                  00002a4c    00000012            : copy_decompress_none.c.obj (.text:decompress:none)
                  00002a5e    00000002     --HOLE-- [fill = 0]
                  00002a60    00000010     ti_msp_dl_config.o (.text.DL_SYSCTL_disableHFXT)
                  00002a70    00000010     ti_msp_dl_config.o (.text.DL_SYSCTL_isFCCDone)
                  00002a80    00000010     ti_msp_dl_config.o (.text.DL_SYSCTL_startFCC)
                  00002a90    00000010     driverlib.a : dl_timer.o (.text.DL_Timer_setCaptureCompareValue)
                  00002aa0    00000010     libc.a : copy_zero_init.c.obj (.text:decompress:ZI)
                  00002ab0    0000000e     libclang_rt.builtins.a : aeabi_memset.S.obj (.text.__aeabi_memset)
                  00002abe    0000000e     libc.a : _printfi.c.obj (.text.strlen)
                  00002acc    0000000e            : memset16.S.obj (.text:TI_memset_small)
                  00002ada    00000002     --HOLE-- [fill = 0]
                  00002adc    0000000c     ti_msp_dl_config.o (.text.DL_SYSCTL_readFCC)
                  00002ae8    0000000c     libclang_rt.builtins.a : aeabi_memset.S.obj (.text.__aeabi_memclr)
                  00002af4    0000000a     driverlib.a : dl_common.o (.text.DL_Common_delayCycles)
                  00002afe    0000000a     libc.a : sprintf.c.obj (.text._outc)
                  00002b08    00000008     libclang_rt.builtins.a : aeabi_memcpy.S.obj (.text.__aeabi_memcpy)
                  00002b10    00000006     libc.a : exit.c.obj (.text:abort)
                  00002b16    00000004     startup_mspm0g350x_ticlang.o (.text.Default_Handler)
                  00002b1a    00000004     libsysbm.a : hostexit.c.obj (.text.HOSTexit)
                  00002b1e    00000004     startup_mspm0g350x_ticlang.o (.text.Reset_Handler)
                  00002b22    00000004     libc.a : pre_init.c.obj (.text._system_pre_init)
                  00002b26    0000000a     --HOLE-- [fill = 0]

.cinit     0    00002bb0    00000050     
                  00002bb0    00000029     (.cinit..data.load) [load image, compression = lzss]
                  00002bd9    00000003     --HOLE-- [fill = 0]
                  00002bdc    0000000c     (__TI_handler_table)
                  00002be8    00000008     (.cinit..bss.load) [load image, compression = zero_init]
                  00002bf0    00000010     (__TI_cinit_table)

.rodata    0    00002b30    00000080     
                  00002b30    00000028     ti_msp_dl_config.o (.rodata.gSYSPLLConfig)
                  00002b58    00000014     ti_msp_dl_config.o (.rodata.gMOTOR_PIDTimerConfig)
                  00002b6c    00000012     main.o (.rodata.str1.15159059442110792349.1)
                  00002b7e    00000011     libc.a : _printfi.c.obj (.rodata.str1.15363888844622738466.1)
                  00002b8f    00000001     --HOLE-- [fill = 0]
                  00002b90    0000000a     ti_msp_dl_config.o (.rodata.gDEBUGConfig)
                  00002b9a    00000002     ti_msp_dl_config.o (.rodata.gDEBUGClockConfig)
                  00002b9c    00000008     ti_msp_dl_config.o (.rodata.gPWMABConfig)
                  00002ba4    00000003     ti_msp_dl_config.o (.rodata.gMOTOR_PIDClockConfig)
                  00002ba7    00000003     ti_msp_dl_config.o (.rodata.gPWMABClockConfig)
                  00002baa    00000002     ti_msp_dl_config.o (.rodata.gOLEDClockConfig)
                  00002bac    00000004     --HOLE-- [fill = 0]

.init_array 
*          0    00000000    00000000     UNINITIALIZED

.binit     0    00000000    00000000     

.bss       0    20200000    0000053c     UNINITIALIZED
                  20200000    00000480     (.common:OLED_GRAM)
                  20200480    000000bc     (.common:gMOTOR_PIDBackup)

.data      0    2020053c    00000054     UNINITIALIZED
                  2020053c    00000014     huidu.o (.data.target_speed_5)
                  20200550    00000008     huidu.o (.data.huidu_value)
                  20200558    00000004     key.o (.data.counter_1_A)
                  2020055c    00000004     key.o (.data.counter_2_A)
                  20200560    00000004     motor.o (.data.current_error_1)
                  20200564    00000004     motor.o (.data.current_error_2)
                  20200568    00000004     motor.o (.data.ki)
                  2020056c    00000004     motor.o (.data.kp)
                  20200570    00000004     motor.o (.data.last_error_1)
                  20200574    00000004     motor.o (.data.last_error_2)
                  20200578    00000004     motor.o (.data.speed_1)
                  2020057c    00000004     motor.o (.data.speed_2)
                  20200580    00000004     main.o (.data.status)
                  20200584    00000004     motor.o (.data.target_speed_1)
                  20200588    00000004     motor.o (.data.target_speed_2)
                  2020058c    00000002     motor.o (.data.PWM_1_duty)
                  2020058e    00000002     motor.o (.data.PWM_2_duty)

.stack     0    20207e00    00000200     UNINITIALIZED
                  20207e00    00000004     libc.a : boot_cortex_m.c.obj (.stack)
                  20207e04    000001fc     --HOLE--

__llvm_prf_cnts 
*          0    20200000    00000000     UNINITIALIZED

__llvm_prf_bits 
*          0    20200000    00000000     UNINITIALIZED

MODULE SUMMARY

       Module                         code    ro data   rw data
       ------                         ----    -------   -------
    .\
       ti_msp_dl_config.o             2842    88        188    
       main.o                         228     18        4      
       startup_mspm0g350x_ticlang.o   8       192       0      
    +--+------------------------------+-------+---------+---------+
       Total:                         3078    298       192    
                                                               
    .\user_driver\
       oled.o                         848     0         1152   
       huidu.o                        1238    0         28     
       motor.o                        1218    0         44     
       key.o                          158     0         8      
       uart.o                         70      0         0      
       delay.o                        28      0         0      
    +--+------------------------------+-------+---------+---------+
       Total:                         3560    0         1232   
                                                               
    C:/TI/mspm0_sdk_2_10_00_04/source/ti/driverlib/lib/ticlang/m0p/mspm0g1x0x_g3x0x/driverlib.a
       dl_timer.o                     608     0         0      
       dl_sysctl_mspm0g1x0x_g3x0x.o   416     0         0      
       dl_uart.o                      138     0         0      
       dl_i2c.o                       132     0         0      
       dl_common.o                    10      0         0      
    +--+------------------------------+-------+---------+---------+
       Total:                         1304    0         0      
                                                               
    D:\vscode\ccs\tools\compiler\ti-cgt-armllvm_4.0.4.LTS\lib\armv6m-ti-none-eabi/c/libc.a
       _printfi.c.obj                 658     17        0      
       copy_decompress_lzss.c.obj     124     0         0      
       sprintf.c.obj                  90      0         0      
       autoinit.c.obj                 60      0         0      
       boot_cortex_m.c.obj            40      0         0      
       memccpy.c.obj                  34      0         0      
       copy_decompress_none.c.obj     18      0         0      
       memcpy16.S.obj                 18      0         0      
       copy_zero_init.c.obj           16      0         0      
       memset16.S.obj                 14      0         0      
       exit.c.obj                     6       0         0      
       pre_init.c.obj                 4       0         0      
    +--+------------------------------+-------+---------+---------+
       Total:                         1082    17        0      
                                                               
    D:\vscode\ccs\tools\compiler\ti-cgt-armllvm_4.0.4.LTS\lib\armv6m-ti-none-eabi/c/libsysbm.a
       hostexit.c.obj                 4       0         0      
    +--+------------------------------+-------+---------+---------+
       Total:                         4       0         0      
                                                               
    D:\vscode\ccs\tools\compiler\ti-cgt-armllvm_4.0.4.LTS\lib\armv6m-ti-none-eabi/libclang_rt.builtins.a
       muldf3.S.obj                   228     0         0      
       comparedf2.c.obj               220     0         0      
       addsf3.S.obj                   216     0         0      
       mulsf3.S.obj                   140     0         0      
       divsf3.S.obj                   130     0         0      
       comparesf2.S.obj               118     0         0      
       truncdfsf2.S.obj               116     0         0      
       aeabi_dcmp.S.obj               98      0         0      
       aeabi_fcmp.S.obj               98      0         0      
       aeabi_idivmod.S.obj            86      0         0      
       aeabi_uidivmod.S.obj           64      0         0      
       extendsfdf2.S.obj              64      0         0      
       muldsi3.S.obj                  58      0         0      
       fixsfsi.S.obj                  56      0         0      
       floatunsisf.S.obj              40      0         0      
       floatunsidf.S.obj              36      0         0      
       aeabi_memset.S.obj             26      0         0      
       aeabi_memcpy.S.obj             8       0         0      
       aeabi_div0.c.obj               2       0         0      
    +--+------------------------------+-------+---------+---------+
       Total:                         1804    0         0      
                                                               
       Stack:                         0       0         512    
       Linker Generated:              0       77        0      
    +--+------------------------------+-------+---------+---------+
       Grand Total:                   10832   392       1936   


LINKER GENERATED COPY TABLES

__TI_cinit_table @ 00002bf0 records: 2, size/record: 8, table size: 16
	.data: load addr=00002bb0, load size=00000029 bytes, run addr=2020053c, run size=00000054 bytes, compression=lzss
	.bss: load addr=00002be8, load size=00000008 bytes, run addr=20200000, run size=0000053c bytes, compression=zero_init


LINKER GENERATED HANDLER TABLE

__TI_handler_table @ 00002bdc records: 3, size/record: 4, table size: 12
	index: 0, handler: __TI_decompress_lzss
	index: 1, handler: __TI_decompress_none
	index: 2, handler: __TI_zero_init


GLOBAL SYMBOLS: SORTED ALPHABETICALLY BY Name 

address   name                                 
-------   ----                                 
00002b17  ADC0_IRQHandler                      
00002b17  ADC1_IRQHandler                      
00002b17  AES_IRQHandler                       
00002b1a  C$$EXIT                              
00002b17  CANFD0_IRQHandler                    
00002b17  DAC0_IRQHandler                      
0000091d  DC_MOTOR_PID                         
00002af5  DL_Common_delayCycles                
00001c49  DL_I2C_fillControllerTXFIFO          
0000248b  DL_I2C_setClockConfig                
00002629  DL_SYSCTL_configFCC                  
00001029  DL_SYSCTL_configSYSPLL               
00001a5d  DL_SYSCTL_setHFCLKSourceHFXTParams   
00001f5d  DL_SYSCTL_switchMCLKfromSYSOSCtoHSCLK
00000b65  DL_Timer_initFourCCPWMMode           
00000c69  DL_Timer_initTimerMode               
000026b5  DL_Timer_setCaptCompUpdateMethod     
000028c1  DL_Timer_setCaptureCompareOutCtl     
00002a91  DL_Timer_setCaptureCompareValue      
000026d1  DL_Timer_setClockConfig              
00001e85  DL_UART_init                         
00002a29  DL_UART_setClockConfig               
00002295  DL_UART_transmitDataBlocking         
00002b17  DMA_IRQHandler                       
00002b17  Default_Handler                      
00002b17  GROUP0_IRQHandler                    
000013f1  GROUP1_IRQHandler                    
00002b1b  HOSTexit                             
00002b17  HardFault_Handler                    
00002b17  I2C0_IRQHandler                      
00002b17  I2C1_IRQHandler                      
00002b17  NMI_Handler                          
00001b89  OLED_Clear                           
000021f9  OLED_ColorTurn                       
00001ecd  OLED_DisplayTurn                     
20200000  OLED_GRAM                            
00000d65  OLED_Init                            
000016a5  OLED_Refresh                         
00001819  OLED_WR_Byte                         
2020058c  PWM_1_duty                           
2020058e  PWM_2_duty                           
00002b17  PendSV_Handler                       
00002b17  RTC_IRQHandler                       
00002b1f  Reset_Handler                        
00002b17  SPI0_IRQHandler                      
00002b17  SPI1_IRQHandler                      
00002b17  SVC_Handler                          
00001f15  SYSCFG_DL_DEBUG_init                 
00000739  SYSCFG_DL_GPIO_init                  
0000222d  SYSCFG_DL_MOTOR_PID_init             
00001be9  SYSCFG_DL_OLED_init                  
0000147d  SYSCFG_DL_PWMAB_init                 
00000e5d  SYSCFG_DL_SYSCTL_SYSPLL_init         
0000188d  SYSCFG_DL_SYSCTL_init                
000022c5  SYSCFG_DL_init                       
00001721  SYSCFG_DL_initPower                  
00002b17  SysTick_Handler                      
0000205d  TIMA0_IRQHandler                     
00002b17  TIMA1_IRQHandler                     
00002b17  TIMG0_IRQHandler                     
00002b17  TIMG12_IRQHandler                    
00002b17  TIMG6_IRQHandler                     
00002b17  TIMG7_IRQHandler                     
00002b17  TIMG8_IRQHandler                     
00002a3b  TI_memcpy_small                      
00002acd  TI_memset_small                      
00002b17  UART0_IRQHandler                     
00002b17  UART1_IRQHandler                     
00002b17  UART2_IRQHandler                     
00002b17  UART3_IRQHandler                     
00002709  UART_send_char                       
00002349  UART_send_string                     
20208000  __STACK_END                          
00000200  __STACK_SIZE                         
00000000  __TI_ATRegion0_region_sz             
00000000  __TI_ATRegion0_src_addr              
00000000  __TI_ATRegion0_trg_addr              
00000000  __TI_ATRegion1_region_sz             
00000000  __TI_ATRegion1_src_addr              
00000000  __TI_ATRegion1_trg_addr              
00000000  __TI_ATRegion2_region_sz             
00000000  __TI_ATRegion2_src_addr              
00000000  __TI_ATRegion2_trg_addr              
00002bf0  __TI_CINIT_Base                      
00002c00  __TI_CINIT_Limit                     
00002c00  __TI_CINIT_Warm                      
00002bdc  __TI_Handler_Table_Base              
00002be8  __TI_Handler_Table_Limit             
000020d5  __TI_auto_init_nobinit_nopinit       
0000179d  __TI_decompress_lzss                 
00002a4d  __TI_decompress_none                 
ffffffff  __TI_pprof_out_hndl                  
000004b5  __TI_printfi_minimal                 
ffffffff  __TI_prof_data_size                  
ffffffff  __TI_prof_data_start                 
00000000  __TI_static_base__                   
00002aa1  __TI_zero_init                       
0000110f  __addsf3                             
00001981  __aeabi_d2f                          
00001ac1  __aeabi_dcmpeq                       
00001afd  __aeabi_dcmpge                       
00001b11  __aeabi_dcmpgt                       
00001ae9  __aeabi_dcmple                       
00001ad5  __aeabi_dcmplt                       
00000f45  __aeabi_dmul                         
00001fe1  __aeabi_f2d                          
00002189  __aeabi_f2iz                         
0000110f  __aeabi_fadd                         
00001b25  __aeabi_fcmpeq                       
00001b61  __aeabi_fcmpge                       
00001b75  __aeabi_fcmpgt                       
00001b4d  __aeabi_fcmple                       
00001b39  __aeabi_fcmplt                       
00001621  __aeabi_fdiv                         
00001509  __aeabi_fmul                         
00001105  __aeabi_fsub                         
00001ca9  __aeabi_idiv                         
000016a3  __aeabi_idiv0                        
00001ca9  __aeabi_idivmod                      
00002ae9  __aeabi_memclr                       
00002ae9  __aeabi_memclr4                      
00002ae9  __aeabi_memclr8                      
00002b09  __aeabi_memcpy                       
00002b09  __aeabi_memcpy4                      
00002b09  __aeabi_memcpy8                      
00002ab1  __aeabi_memset                       
00002ab1  __aeabi_memset4                      
00002ab1  __aeabi_memset8                      
000024d5  __aeabi_ui2d                         
00002415  __aeabi_ui2f                         
00001fa1  __aeabi_uidiv                        
00001fa1  __aeabi_uidivmod                     
ffffffff  __binit__                            
000019f5  __cmpdf2                             
00002111  __cmpsf2                             
00001621  __divsf3                             
000019f5  __eqdf2                              
00002111  __eqsf2                              
00001fe1  __extendsfdf2                        
00002189  __fixsfsi                            
000024d5  __floatunsidf                        
00002415  __floatunsisf                        
00001901  __gedf2                              
00002099  __gesf2                              
00001901  __gtdf2                              
00002099  __gtsf2                              
000019f5  __ledf2                              
00002111  __lesf2                              
000019f5  __ltdf2                              
00002111  __ltsf2                              
UNDEFED   __mpu_init                           
00000f45  __muldf3                             
0000214d  __muldsi3                            
00001509  __mulsf3                             
000019f5  __nedf2                              
00002111  __nesf2                              
20207e00  __stack                              
20200000  __start___llvm_prf_bits              
20200000  __start___llvm_prf_cnts              
20200000  __stop___llvm_prf_bits               
20200000  __stop___llvm_prf_cnts               
00001105  __subsf3                             
00001981  __truncdfsf2                         
0000243d  _c_int00_noargs                      
UNDEFED   _system_post_cinit                   
00002b23  _system_pre_init                     
00002b11  abort                                
000000c1  adjust_motor                         
ffffffff  binit                                
000011dd  calculate_speed                      
20200558  counter_1_A                          
2020055c  counter_2_A                          
20200560  current_error_1                      
20200564  current_error_2                      
00002725  delay_ms                             
20200480  gMOTOR_PIDBackup                     
00002261  get_gpio_state                       
00001359  huidu_get_value                      
20200550  huidu_value                          
00000000  interruptVectors                     
20200568  ki                                   
2020056c  kp                                   
20200570  last_error_1                         
20200574  last_error_2                         
0000255d  limit_duty                           
000012a1  main                                 
000024f9  memccpy                              
00001595  motor_init                           
00000a59  motor_set_direction                  
00001e39  motor_set_duty                       
20200578  speed_1                              
2020057c  speed_2                              
000021c1  sprintf                              
20200580  status                               
20200584  target_speed_1                       
20200588  target_speed_2                       
2020053c  target_speed_5                       


GLOBAL SYMBOLS: SORTED BY Symbol Address 

address   name                                 
-------   ----                                 
00000000  __TI_ATRegion0_region_sz             
00000000  __TI_ATRegion0_src_addr              
00000000  __TI_ATRegion0_trg_addr              
00000000  __TI_ATRegion1_region_sz             
00000000  __TI_ATRegion1_src_addr              
00000000  __TI_ATRegion1_trg_addr              
00000000  __TI_ATRegion2_region_sz             
00000000  __TI_ATRegion2_src_addr              
00000000  __TI_ATRegion2_trg_addr              
00000000  __TI_static_base__                   
00000000  interruptVectors                     
000000c1  adjust_motor                         
00000200  __STACK_SIZE                         
000004b5  __TI_printfi_minimal                 
00000739  SYSCFG_DL_GPIO_init                  
0000091d  DC_MOTOR_PID                         
00000a59  motor_set_direction                  
00000b65  DL_Timer_initFourCCPWMMode           
00000c69  DL_Timer_initTimerMode               
00000d65  OLED_Init                            
00000e5d  SYSCFG_DL_SYSCTL_SYSPLL_init         
00000f45  __aeabi_dmul                         
00000f45  __muldf3                             
00001029  DL_SYSCTL_configSYSPLL               
00001105  __aeabi_fsub                         
00001105  __subsf3                             
0000110f  __addsf3                             
0000110f  __aeabi_fadd                         
000011dd  calculate_speed                      
000012a1  main                                 
00001359  huidu_get_value                      
000013f1  GROUP1_IRQHandler                    
0000147d  SYSCFG_DL_PWMAB_init                 
00001509  __aeabi_fmul                         
00001509  __mulsf3                             
00001595  motor_init                           
00001621  __aeabi_fdiv                         
00001621  __divsf3                             
000016a3  __aeabi_idiv0                        
000016a5  OLED_Refresh                         
00001721  SYSCFG_DL_initPower                  
0000179d  __TI_decompress_lzss                 
00001819  OLED_WR_Byte                         
0000188d  SYSCFG_DL_SYSCTL_init                
00001901  __gedf2                              
00001901  __gtdf2                              
00001981  __aeabi_d2f                          
00001981  __truncdfsf2                         
000019f5  __cmpdf2                             
000019f5  __eqdf2                              
000019f5  __ledf2                              
000019f5  __ltdf2                              
000019f5  __nedf2                              
00001a5d  DL_SYSCTL_setHFCLKSourceHFXTParams   
00001ac1  __aeabi_dcmpeq                       
00001ad5  __aeabi_dcmplt                       
00001ae9  __aeabi_dcmple                       
00001afd  __aeabi_dcmpge                       
00001b11  __aeabi_dcmpgt                       
00001b25  __aeabi_fcmpeq                       
00001b39  __aeabi_fcmplt                       
00001b4d  __aeabi_fcmple                       
00001b61  __aeabi_fcmpge                       
00001b75  __aeabi_fcmpgt                       
00001b89  OLED_Clear                           
00001be9  SYSCFG_DL_OLED_init                  
00001c49  DL_I2C_fillControllerTXFIFO          
00001ca9  __aeabi_idiv                         
00001ca9  __aeabi_idivmod                      
00001e39  motor_set_duty                       
00001e85  DL_UART_init                         
00001ecd  OLED_DisplayTurn                     
00001f15  SYSCFG_DL_DEBUG_init                 
00001f5d  DL_SYSCTL_switchMCLKfromSYSOSCtoHSCLK
00001fa1  __aeabi_uidiv                        
00001fa1  __aeabi_uidivmod                     
00001fe1  __aeabi_f2d                          
00001fe1  __extendsfdf2                        
0000205d  TIMA0_IRQHandler                     
00002099  __gesf2                              
00002099  __gtsf2                              
000020d5  __TI_auto_init_nobinit_nopinit       
00002111  __cmpsf2                             
00002111  __eqsf2                              
00002111  __lesf2                              
00002111  __ltsf2                              
00002111  __nesf2                              
0000214d  __muldsi3                            
00002189  __aeabi_f2iz                         
00002189  __fixsfsi                            
000021c1  sprintf                              
000021f9  OLED_ColorTurn                       
0000222d  SYSCFG_DL_MOTOR_PID_init             
00002261  get_gpio_state                       
00002295  DL_UART_transmitDataBlocking         
000022c5  SYSCFG_DL_init                       
00002349  UART_send_string                     
00002415  __aeabi_ui2f                         
00002415  __floatunsisf                        
0000243d  _c_int00_noargs                      
0000248b  DL_I2C_setClockConfig                
000024d5  __aeabi_ui2d                         
000024d5  __floatunsidf                        
000024f9  memccpy                              
0000255d  limit_duty                           
00002629  DL_SYSCTL_configFCC                  
000026b5  DL_Timer_setCaptCompUpdateMethod     
000026d1  DL_Timer_setClockConfig              
00002709  UART_send_char                       
00002725  delay_ms                             
000028c1  DL_Timer_setCaptureCompareOutCtl     
00002a29  DL_UART_setClockConfig               
00002a3b  TI_memcpy_small                      
00002a4d  __TI_decompress_none                 
00002a91  DL_Timer_setCaptureCompareValue      
00002aa1  __TI_zero_init                       
00002ab1  __aeabi_memset                       
00002ab1  __aeabi_memset4                      
00002ab1  __aeabi_memset8                      
00002acd  TI_memset_small                      
00002ae9  __aeabi_memclr                       
00002ae9  __aeabi_memclr4                      
00002ae9  __aeabi_memclr8                      
00002af5  DL_Common_delayCycles                
00002b09  __aeabi_memcpy                       
00002b09  __aeabi_memcpy4                      
00002b09  __aeabi_memcpy8                      
00002b11  abort                                
00002b17  ADC0_IRQHandler                      
00002b17  ADC1_IRQHandler                      
00002b17  AES_IRQHandler                       
00002b17  CANFD0_IRQHandler                    
00002b17  DAC0_IRQHandler                      
00002b17  DMA_IRQHandler                       
00002b17  Default_Handler                      
00002b17  GROUP0_IRQHandler                    
00002b17  HardFault_Handler                    
00002b17  I2C0_IRQHandler                      
00002b17  I2C1_IRQHandler                      
00002b17  NMI_Handler                          
00002b17  PendSV_Handler                       
00002b17  RTC_IRQHandler                       
00002b17  SPI0_IRQHandler                      
00002b17  SPI1_IRQHandler                      
00002b17  SVC_Handler                          
00002b17  SysTick_Handler                      
00002b17  TIMA1_IRQHandler                     
00002b17  TIMG0_IRQHandler                     
00002b17  TIMG12_IRQHandler                    
00002b17  TIMG6_IRQHandler                     
00002b17  TIMG7_IRQHandler                     
00002b17  TIMG8_IRQHandler                     
00002b17  UART0_IRQHandler                     
00002b17  UART1_IRQHandler                     
00002b17  UART2_IRQHandler                     
00002b17  UART3_IRQHandler                     
00002b1a  C$$EXIT                              
00002b1b  HOSTexit                             
00002b1f  Reset_Handler                        
00002b23  _system_pre_init                     
00002bdc  __TI_Handler_Table_Base              
00002be8  __TI_Handler_Table_Limit             
00002bf0  __TI_CINIT_Base                      
00002c00  __TI_CINIT_Limit                     
00002c00  __TI_CINIT_Warm                      
20200000  OLED_GRAM                            
20200000  __start___llvm_prf_bits              
20200000  __start___llvm_prf_cnts              
20200000  __stop___llvm_prf_bits               
20200000  __stop___llvm_prf_cnts               
20200480  gMOTOR_PIDBackup                     
2020053c  target_speed_5                       
20200550  huidu_value                          
20200558  counter_1_A                          
2020055c  counter_2_A                          
20200560  current_error_1                      
20200564  current_error_2                      
20200568  ki                                   
2020056c  kp                                   
20200570  last_error_1                         
20200574  last_error_2                         
20200578  speed_1                              
2020057c  speed_2                              
20200580  status                               
20200584  target_speed_1                       
20200588  target_speed_2                       
2020058c  PWM_1_duty                           
2020058e  PWM_2_duty                           
20207e00  __stack                              
20208000  __STACK_END                          
ffffffff  __TI_pprof_out_hndl                  
ffffffff  __TI_prof_data_size                  
ffffffff  __TI_prof_data_start                 
ffffffff  __binit__                            
ffffffff  binit                                
UNDEFED   __mpu_init                           
UNDEFED   _system_post_cinit                   

[197 symbols]
