<?xml version="1.0" encoding="ISO-8859-1" ?>
<link_info>
   <banner>TI ARM Clang Linker PC v4.0.4.LTS</banner>
   <copyright>Copyright (c) 1996-2018 Texas Instruments Incorporated</copyright>
   <command_line>D:\vscode\ccs\tools\compiler\ti-cgt-armllvm_4.0.4.LTS\bin\tiarmlnk -ID:\vscode\ccs\tools\compiler\ti-cgt-armllvm_4.0.4.LTS\lib -o 11_PID_car.out -m11_PID_car.map -iC:/TI/mspm0_sdk_2_10_00_04/source -iE:/zhuomian/PID2222/11_PID_car2222 -iE:/zhuomian/PID2222/11_PID_car2222/Debug/syscfg -iD:/vscode/ccs/tools/compiler/ti-cgt-armllvm_4.0.4.LTS/lib --diag_wrap=off --display_error_number --warn_sections --xml_link_info=11_PID_car_linkInfo.xml --rom_model ./ti_msp_dl_config.o ./startup_mspm0g350x_ticlang.o ./main.o ./user_driver/delay.o ./user_driver/huidu.o ./user_driver/key.o ./user_driver/motor.o ./user_driver/oled.o ./user_driver/uart.o -l./device_linker.cmd -ldevice.cmd.genlibs -llibc.a --start-group -llibc++.a -llibc++abi.a -llibc.a -llibsys.a -llibsysbm.a -llibclang_rt.builtins.a -llibclang_rt.profile.a --end-group --cg_opt_level=0</command_line>
   <link_time>0x6a5a0d0b</link_time>
   <link_errors>0x0</link_errors>
   <output_file>E:\zhuomian\PID2222\11_PID_car2222\Debug\11_PID_car.out</output_file>
   <entry_point>
      <name>_c_int00_noargs</name>
      <address>0x243d</address>
   </entry_point>
   <input_file_list>
      <input_file id="fl-1">
         <path>E:\zhuomian\PID2222\11_PID_car2222\Debug\.\</path>
         <kind>object</kind>
         <file>ti_msp_dl_config.o</file>
         <name>ti_msp_dl_config.o</name>
      </input_file>
      <input_file id="fl-2">
         <path>E:\zhuomian\PID2222\11_PID_car2222\Debug\.\</path>
         <kind>object</kind>
         <file>startup_mspm0g350x_ticlang.o</file>
         <name>startup_mspm0g350x_ticlang.o</name>
      </input_file>
      <input_file id="fl-3">
         <path>E:\zhuomian\PID2222\11_PID_car2222\Debug\.\</path>
         <kind>object</kind>
         <file>main.o</file>
         <name>main.o</name>
      </input_file>
      <input_file id="fl-4">
         <path>E:\zhuomian\PID2222\11_PID_car2222\Debug\.\user_driver\</path>
         <kind>object</kind>
         <file>delay.o</file>
         <name>delay.o</name>
      </input_file>
      <input_file id="fl-5">
         <path>E:\zhuomian\PID2222\11_PID_car2222\Debug\.\user_driver\</path>
         <kind>object</kind>
         <file>huidu.o</file>
         <name>huidu.o</name>
      </input_file>
      <input_file id="fl-6">
         <path>E:\zhuomian\PID2222\11_PID_car2222\Debug\.\user_driver\</path>
         <kind>object</kind>
         <file>key.o</file>
         <name>key.o</name>
      </input_file>
      <input_file id="fl-7">
         <path>E:\zhuomian\PID2222\11_PID_car2222\Debug\.\user_driver\</path>
         <kind>object</kind>
         <file>motor.o</file>
         <name>motor.o</name>
      </input_file>
      <input_file id="fl-8">
         <path>E:\zhuomian\PID2222\11_PID_car2222\Debug\.\user_driver\</path>
         <kind>object</kind>
         <file>oled.o</file>
         <name>oled.o</name>
      </input_file>
      <input_file id="fl-9">
         <path>E:\zhuomian\PID2222\11_PID_car2222\Debug\.\user_driver\</path>
         <kind>object</kind>
         <file>uart.o</file>
         <name>uart.o</name>
      </input_file>
      <input_file id="fl-16">
         <path>E:\zhuomian\PID2222\11_PID_car2222\Debug\</path>
         <kind>object</kind>
         <file>&lt;internal&gt;</file>
         <name>&lt;internal&gt;</name>
      </input_file>
      <input_file id="fl-17">
         <path>C:\TI\mspm0_sdk_2_10_00_04\source\ti\driverlib\lib\ticlang\m0p\mspm0g1x0x_g3x0x\</path>
         <kind>archive</kind>
         <file>driverlib.a</file>
         <name>dl_common.o</name>
      </input_file>
      <input_file id="fl-18">
         <path>C:\TI\mspm0_sdk_2_10_00_04\source\ti\driverlib\lib\ticlang\m0p\mspm0g1x0x_g3x0x\</path>
         <kind>archive</kind>
         <file>driverlib.a</file>
         <name>dl_i2c.o</name>
      </input_file>
      <input_file id="fl-19">
         <path>C:\TI\mspm0_sdk_2_10_00_04\source\ti\driverlib\lib\ticlang\m0p\mspm0g1x0x_g3x0x\</path>
         <kind>archive</kind>
         <file>driverlib.a</file>
         <name>dl_timer.o</name>
      </input_file>
      <input_file id="fl-1a">
         <path>C:\TI\mspm0_sdk_2_10_00_04\source\ti\driverlib\lib\ticlang\m0p\mspm0g1x0x_g3x0x\</path>
         <kind>archive</kind>
         <file>driverlib.a</file>
         <name>dl_uart.o</name>
      </input_file>
      <input_file id="fl-1b">
         <path>C:\TI\mspm0_sdk_2_10_00_04\source\ti\driverlib\lib\ticlang\m0p\mspm0g1x0x_g3x0x\</path>
         <kind>archive</kind>
         <file>driverlib.a</file>
         <name>dl_sysctl_mspm0g1x0x_g3x0x.o</name>
      </input_file>
      <input_file id="fl-32">
         <path>D:\vscode\ccs\tools\compiler\ti-cgt-armllvm_4.0.4.LTS\lib\armv6m-ti-none-eabi\c\</path>
         <kind>archive</kind>
         <file>libc.a</file>
         <name>sprintf.c.obj</name>
      </input_file>
      <input_file id="fl-33">
         <path>D:\vscode\ccs\tools\compiler\ti-cgt-armllvm_4.0.4.LTS\lib\armv6m-ti-none-eabi\c\</path>
         <kind>archive</kind>
         <file>libc.a</file>
         <name>boot_cortex_m.c.obj</name>
      </input_file>
      <input_file id="fl-34">
         <path>D:\vscode\ccs\tools\compiler\ti-cgt-armllvm_4.0.4.LTS\lib\armv6m-ti-none-eabi\c\</path>
         <kind>archive</kind>
         <file>libc.a</file>
         <name>mathacl_init.c.obj</name>
      </input_file>
      <input_file id="fl-35">
         <path>D:\vscode\ccs\tools\compiler\ti-cgt-armllvm_4.0.4.LTS\lib\armv6m-ti-none-eabi\c\</path>
         <kind>archive</kind>
         <file>libc.a</file>
         <name>autoinit.c.obj</name>
      </input_file>
      <input_file id="fl-36">
         <path>D:\vscode\ccs\tools\compiler\ti-cgt-armllvm_4.0.4.LTS\lib\armv6m-ti-none-eabi\c\</path>
         <kind>archive</kind>
         <file>libc.a</file>
         <name>pre_init.c.obj</name>
      </input_file>
      <input_file id="fl-37">
         <path>D:\vscode\ccs\tools\compiler\ti-cgt-armllvm_4.0.4.LTS\lib\armv6m-ti-none-eabi\c\</path>
         <kind>archive</kind>
         <file>libc.a</file>
         <name>cpy_tbl.c.obj</name>
      </input_file>
      <input_file id="fl-38">
         <path>D:\vscode\ccs\tools\compiler\ti-cgt-armllvm_4.0.4.LTS\lib\armv6m-ti-none-eabi\c\</path>
         <kind>archive</kind>
         <file>libc.a</file>
         <name>copy_zero_init.c.obj</name>
      </input_file>
      <input_file id="fl-39">
         <path>D:\vscode\ccs\tools\compiler\ti-cgt-armllvm_4.0.4.LTS\lib\armv6m-ti-none-eabi\c\</path>
         <kind>archive</kind>
         <file>libc.a</file>
         <name>copy_decompress_none.c.obj</name>
      </input_file>
      <input_file id="fl-3a">
         <path>D:\vscode\ccs\tools\compiler\ti-cgt-armllvm_4.0.4.LTS\lib\armv6m-ti-none-eabi\c\</path>
         <kind>archive</kind>
         <file>libc.a</file>
         <name>copy_decompress_lzss.c.obj</name>
      </input_file>
      <input_file id="fl-3b">
         <path>D:\vscode\ccs\tools\compiler\ti-cgt-armllvm_4.0.4.LTS\lib\armv6m-ti-none-eabi\c\</path>
         <kind>archive</kind>
         <file>libc.a</file>
         <name>_printfi.c.obj</name>
      </input_file>
      <input_file id="fl-3c">
         <path>D:\vscode\ccs\tools\compiler\ti-cgt-armllvm_4.0.4.LTS\lib\armv6m-ti-none-eabi\c\</path>
         <kind>archive</kind>
         <file>libc.a</file>
         <name>aeabi_portable.c.obj</name>
      </input_file>
      <input_file id="fl-3d">
         <path>D:\vscode\ccs\tools\compiler\ti-cgt-armllvm_4.0.4.LTS\lib\armv6m-ti-none-eabi\c\</path>
         <kind>archive</kind>
         <file>libc.a</file>
         <name>exit.c.obj</name>
      </input_file>
      <input_file id="fl-3e">
         <path>D:\vscode\ccs\tools\compiler\ti-cgt-armllvm_4.0.4.LTS\lib\armv6m-ti-none-eabi\c\</path>
         <kind>archive</kind>
         <file>libc.a</file>
         <name>_lock.c.obj</name>
      </input_file>
      <input_file id="fl-3f">
         <path>D:\vscode\ccs\tools\compiler\ti-cgt-armllvm_4.0.4.LTS\lib\armv6m-ti-none-eabi\c\</path>
         <kind>archive</kind>
         <file>libc.a</file>
         <name>_ltoa.c.obj</name>
      </input_file>
      <input_file id="fl-40">
         <path>D:\vscode\ccs\tools\compiler\ti-cgt-armllvm_4.0.4.LTS\lib\armv6m-ti-none-eabi\c\</path>
         <kind>archive</kind>
         <file>libc.a</file>
         <name>args_main.c.obj</name>
      </input_file>
      <input_file id="fl-41">
         <path>D:\vscode\ccs\tools\compiler\ti-cgt-armllvm_4.0.4.LTS\lib\armv6m-ti-none-eabi\c\</path>
         <kind>archive</kind>
         <file>libc.a</file>
         <name>assert.c.obj</name>
      </input_file>
      <input_file id="fl-42">
         <path>D:\vscode\ccs\tools\compiler\ti-cgt-armllvm_4.0.4.LTS\lib\armv6m-ti-none-eabi\c\</path>
         <kind>archive</kind>
         <file>libc.a</file>
         <name>atoi.c.obj</name>
      </input_file>
      <input_file id="fl-43">
         <path>D:\vscode\ccs\tools\compiler\ti-cgt-armllvm_4.0.4.LTS\lib\armv6m-ti-none-eabi\c\</path>
         <kind>archive</kind>
         <file>libc.a</file>
         <name>defs.c.obj</name>
      </input_file>
      <input_file id="fl-44">
         <path>D:\vscode\ccs\tools\compiler\ti-cgt-armllvm_4.0.4.LTS\lib\armv6m-ti-none-eabi\c\</path>
         <kind>archive</kind>
         <file>libc.a</file>
         <name>memccpy.c.obj</name>
      </input_file>
      <input_file id="fl-45">
         <path>D:\vscode\ccs\tools\compiler\ti-cgt-armllvm_4.0.4.LTS\lib\armv6m-ti-none-eabi\c\</path>
         <kind>archive</kind>
         <file>libc.a</file>
         <name>memory.c.obj</name>
      </input_file>
      <input_file id="fl-46">
         <path>D:\vscode\ccs\tools\compiler\ti-cgt-armllvm_4.0.4.LTS\lib\armv6m-ti-none-eabi\c\</path>
         <kind>archive</kind>
         <file>libc.a</file>
         <name>s_frexp.c.obj</name>
      </input_file>
      <input_file id="fl-47">
         <path>D:\vscode\ccs\tools\compiler\ti-cgt-armllvm_4.0.4.LTS\lib\armv6m-ti-none-eabi\c\</path>
         <kind>archive</kind>
         <file>libc.a</file>
         <name>s_scalbn.c.obj</name>
      </input_file>
      <input_file id="fl-48">
         <path>D:\vscode\ccs\tools\compiler\ti-cgt-armllvm_4.0.4.LTS\lib\armv6m-ti-none-eabi\c\</path>
         <kind>archive</kind>
         <file>libc.a</file>
         <name>wcslen.c.obj</name>
      </input_file>
      <input_file id="fl-49">
         <path>D:\vscode\ccs\tools\compiler\ti-cgt-armllvm_4.0.4.LTS\lib\armv6m-ti-none-eabi\c\</path>
         <kind>archive</kind>
         <file>libc.a</file>
         <name>fflush.c.obj</name>
      </input_file>
      <input_file id="fl-4a">
         <path>D:\vscode\ccs\tools\compiler\ti-cgt-armllvm_4.0.4.LTS\lib\armv6m-ti-none-eabi\c\</path>
         <kind>archive</kind>
         <file>libc.a</file>
         <name>fputs.c.obj</name>
      </input_file>
      <input_file id="fl-4b">
         <path>D:\vscode\ccs\tools\compiler\ti-cgt-armllvm_4.0.4.LTS\lib\armv6m-ti-none-eabi\c\</path>
         <kind>archive</kind>
         <file>libc.a</file>
         <name>_io_perm.c.obj</name>
      </input_file>
      <input_file id="fl-4c">
         <path>D:\vscode\ccs\tools\compiler\ti-cgt-armllvm_4.0.4.LTS\lib\armv6m-ti-none-eabi\c\</path>
         <kind>archive</kind>
         <file>libc.a</file>
         <name>setvbuf.c.obj</name>
      </input_file>
      <input_file id="fl-4d">
         <path>D:\vscode\ccs\tools\compiler\ti-cgt-armllvm_4.0.4.LTS\lib\armv6m-ti-none-eabi\c\</path>
         <kind>archive</kind>
         <file>libc.a</file>
         <name>aeabi_ctype.S.obj</name>
      </input_file>
      <input_file id="fl-4e">
         <path>D:\vscode\ccs\tools\compiler\ti-cgt-armllvm_4.0.4.LTS\lib\armv6m-ti-none-eabi\c\</path>
         <kind>archive</kind>
         <file>libc.a</file>
         <name>fopen.c.obj</name>
      </input_file>
      <input_file id="fl-4f">
         <path>D:\vscode\ccs\tools\compiler\ti-cgt-armllvm_4.0.4.LTS\lib\armv6m-ti-none-eabi\c\</path>
         <kind>archive</kind>
         <file>libc.a</file>
         <name>fseek.c.obj</name>
      </input_file>
      <input_file id="fl-50">
         <path>D:\vscode\ccs\tools\compiler\ti-cgt-armllvm_4.0.4.LTS\lib\armv6m-ti-none-eabi\c\</path>
         <kind>archive</kind>
         <file>libc.a</file>
         <name>fclose.c.obj</name>
      </input_file>
      <input_file id="fl-f0">
         <path>D:\vscode\ccs\tools\compiler\ti-cgt-armllvm_4.0.4.LTS\lib\armv6m-ti-none-eabi\c\</path>
         <kind>archive</kind>
         <file>libsysbm.a</file>
         <name>hostexit.c.obj</name>
      </input_file>
      <input_file id="fl-f1">
         <path>D:\vscode\ccs\tools\compiler\ti-cgt-armllvm_4.0.4.LTS\lib\armv6m-ti-none-eabi\c\</path>
         <kind>archive</kind>
         <file>libsysbm.a</file>
         <name>write.c.obj</name>
      </input_file>
      <input_file id="fl-f2">
         <path>D:\vscode\ccs\tools\compiler\ti-cgt-armllvm_4.0.4.LTS\lib\armv6m-ti-none-eabi\c\</path>
         <kind>archive</kind>
         <file>libsysbm.a</file>
         <name>host_device.c.obj</name>
      </input_file>
      <input_file id="fl-f3">
         <path>D:\vscode\ccs\tools\compiler\ti-cgt-armllvm_4.0.4.LTS\lib\armv6m-ti-none-eabi\c\</path>
         <kind>archive</kind>
         <file>libsysbm.a</file>
         <name>remove.c.obj</name>
      </input_file>
      <input_file id="fl-f4">
         <path>D:\vscode\ccs\tools\compiler\ti-cgt-armllvm_4.0.4.LTS\lib\armv6m-ti-none-eabi\c\</path>
         <kind>archive</kind>
         <file>libsysbm.a</file>
         <name>open.c.obj</name>
      </input_file>
      <input_file id="fl-f5">
         <path>D:\vscode\ccs\tools\compiler\ti-cgt-armllvm_4.0.4.LTS\lib\armv6m-ti-none-eabi\c\</path>
         <kind>archive</kind>
         <file>libsysbm.a</file>
         <name>lseek.c.obj</name>
      </input_file>
      <input_file id="fl-f6">
         <path>D:\vscode\ccs\tools\compiler\ti-cgt-armllvm_4.0.4.LTS\lib\armv6m-ti-none-eabi\c\</path>
         <kind>archive</kind>
         <file>libsysbm.a</file>
         <name>close.c.obj</name>
      </input_file>
      <input_file id="fl-f7">
         <path>D:\vscode\ccs\tools\compiler\ti-cgt-armllvm_4.0.4.LTS\lib\armv6m-ti-none-eabi\c\</path>
         <kind>archive</kind>
         <file>libsysbm.a</file>
         <name>unlink.c.obj</name>
      </input_file>
      <input_file id="fl-f8">
         <path>D:\vscode\ccs\tools\compiler\ti-cgt-armllvm_4.0.4.LTS\lib\armv6m-ti-none-eabi\c\</path>
         <kind>archive</kind>
         <file>libsysbm.a</file>
         <name>hostclose.c.obj</name>
      </input_file>
      <input_file id="fl-f9">
         <path>D:\vscode\ccs\tools\compiler\ti-cgt-armllvm_4.0.4.LTS\lib\armv6m-ti-none-eabi\c\</path>
         <kind>archive</kind>
         <file>libsysbm.a</file>
         <name>hostlseek.c.obj</name>
      </input_file>
      <input_file id="fl-fa">
         <path>D:\vscode\ccs\tools\compiler\ti-cgt-armllvm_4.0.4.LTS\lib\armv6m-ti-none-eabi\c\</path>
         <kind>archive</kind>
         <file>libsysbm.a</file>
         <name>hostopen.c.obj</name>
      </input_file>
      <input_file id="fl-fb">
         <path>D:\vscode\ccs\tools\compiler\ti-cgt-armllvm_4.0.4.LTS\lib\armv6m-ti-none-eabi\c\</path>
         <kind>archive</kind>
         <file>libsysbm.a</file>
         <name>hostread.c.obj</name>
      </input_file>
      <input_file id="fl-fc">
         <path>D:\vscode\ccs\tools\compiler\ti-cgt-armllvm_4.0.4.LTS\lib\armv6m-ti-none-eabi\c\</path>
         <kind>archive</kind>
         <file>libsysbm.a</file>
         <name>hostrename.c.obj</name>
      </input_file>
      <input_file id="fl-fd">
         <path>D:\vscode\ccs\tools\compiler\ti-cgt-armllvm_4.0.4.LTS\lib\armv6m-ti-none-eabi\c\</path>
         <kind>archive</kind>
         <file>libsysbm.a</file>
         <name>hostunlink.c.obj</name>
      </input_file>
      <input_file id="fl-fe">
         <path>D:\vscode\ccs\tools\compiler\ti-cgt-armllvm_4.0.4.LTS\lib\armv6m-ti-none-eabi\c\</path>
         <kind>archive</kind>
         <file>libsysbm.a</file>
         <name>hostwrite.c.obj</name>
      </input_file>
      <input_file id="fl-ff">
         <path>D:\vscode\ccs\tools\compiler\ti-cgt-armllvm_4.0.4.LTS\lib\armv6m-ti-none-eabi\c\</path>
         <kind>archive</kind>
         <file>libsysbm.a</file>
         <name>trgmsg.c.obj</name>
      </input_file>
      <input_file id="fl-100">
         <path>D:\vscode\ccs\tools\compiler\ti-cgt-armllvm_4.0.4.LTS\lib\armv6m-ti-none-eabi\</path>
         <kind>archive</kind>
         <file>libclang_rt.builtins.a</file>
         <name>addsf3.S.obj</name>
      </input_file>
      <input_file id="fl-101">
         <path>D:\vscode\ccs\tools\compiler\ti-cgt-armllvm_4.0.4.LTS\lib\armv6m-ti-none-eabi\</path>
         <kind>archive</kind>
         <file>libclang_rt.builtins.a</file>
         <name>adddf3.S.obj</name>
      </input_file>
      <input_file id="fl-102">
         <path>D:\vscode\ccs\tools\compiler\ti-cgt-armllvm_4.0.4.LTS\lib\armv6m-ti-none-eabi\</path>
         <kind>archive</kind>
         <file>libclang_rt.builtins.a</file>
         <name>muldf3.S.obj</name>
      </input_file>
      <input_file id="fl-103">
         <path>D:\vscode\ccs\tools\compiler\ti-cgt-armllvm_4.0.4.LTS\lib\armv6m-ti-none-eabi\</path>
         <kind>archive</kind>
         <file>libclang_rt.builtins.a</file>
         <name>muldsi3.S.obj</name>
      </input_file>
      <input_file id="fl-104">
         <path>D:\vscode\ccs\tools\compiler\ti-cgt-armllvm_4.0.4.LTS\lib\armv6m-ti-none-eabi\</path>
         <kind>archive</kind>
         <file>libclang_rt.builtins.a</file>
         <name>mulsf3.S.obj</name>
      </input_file>
      <input_file id="fl-105">
         <path>D:\vscode\ccs\tools\compiler\ti-cgt-armllvm_4.0.4.LTS\lib\armv6m-ti-none-eabi\</path>
         <kind>archive</kind>
         <file>libclang_rt.builtins.a</file>
         <name>divsf3.S.obj</name>
      </input_file>
      <input_file id="fl-106">
         <path>D:\vscode\ccs\tools\compiler\ti-cgt-armllvm_4.0.4.LTS\lib\armv6m-ti-none-eabi\</path>
         <kind>archive</kind>
         <file>libclang_rt.builtins.a</file>
         <name>divdf3.S.obj</name>
      </input_file>
      <input_file id="fl-107">
         <path>D:\vscode\ccs\tools\compiler\ti-cgt-armllvm_4.0.4.LTS\lib\armv6m-ti-none-eabi\</path>
         <kind>archive</kind>
         <file>libclang_rt.builtins.a</file>
         <name>extendsfdf2.S.obj</name>
      </input_file>
      <input_file id="fl-108">
         <path>D:\vscode\ccs\tools\compiler\ti-cgt-armllvm_4.0.4.LTS\lib\armv6m-ti-none-eabi\</path>
         <kind>archive</kind>
         <file>libclang_rt.builtins.a</file>
         <name>fixdfsi.S.obj</name>
      </input_file>
      <input_file id="fl-109">
         <path>D:\vscode\ccs\tools\compiler\ti-cgt-armllvm_4.0.4.LTS\lib\armv6m-ti-none-eabi\</path>
         <kind>archive</kind>
         <file>libclang_rt.builtins.a</file>
         <name>fixsfsi.S.obj</name>
      </input_file>
      <input_file id="fl-10a">
         <path>D:\vscode\ccs\tools\compiler\ti-cgt-armllvm_4.0.4.LTS\lib\armv6m-ti-none-eabi\</path>
         <kind>archive</kind>
         <file>libclang_rt.builtins.a</file>
         <name>floatsidf.S.obj</name>
      </input_file>
      <input_file id="fl-10b">
         <path>D:\vscode\ccs\tools\compiler\ti-cgt-armllvm_4.0.4.LTS\lib\armv6m-ti-none-eabi\</path>
         <kind>archive</kind>
         <file>libclang_rt.builtins.a</file>
         <name>floatunsidf.S.obj</name>
      </input_file>
      <input_file id="fl-10c">
         <path>D:\vscode\ccs\tools\compiler\ti-cgt-armllvm_4.0.4.LTS\lib\armv6m-ti-none-eabi\</path>
         <kind>archive</kind>
         <file>libclang_rt.builtins.a</file>
         <name>floatunsisf.S.obj</name>
      </input_file>
      <input_file id="fl-10d">
         <path>D:\vscode\ccs\tools\compiler\ti-cgt-armllvm_4.0.4.LTS\lib\armv6m-ti-none-eabi\</path>
         <kind>archive</kind>
         <file>libclang_rt.builtins.a</file>
         <name>muldi3.S.obj</name>
      </input_file>
      <input_file id="fl-10e">
         <path>D:\vscode\ccs\tools\compiler\ti-cgt-armllvm_4.0.4.LTS\lib\armv6m-ti-none-eabi\</path>
         <kind>archive</kind>
         <file>libclang_rt.builtins.a</file>
         <name>truncdfsf2.S.obj</name>
      </input_file>
      <input_file id="fl-10f">
         <path>D:\vscode\ccs\tools\compiler\ti-cgt-armllvm_4.0.4.LTS\lib\armv6m-ti-none-eabi\</path>
         <kind>archive</kind>
         <file>libclang_rt.builtins.a</file>
         <name>aeabi_dcmp.S.obj</name>
      </input_file>
      <input_file id="fl-110">
         <path>D:\vscode\ccs\tools\compiler\ti-cgt-armllvm_4.0.4.LTS\lib\armv6m-ti-none-eabi\</path>
         <kind>archive</kind>
         <file>libclang_rt.builtins.a</file>
         <name>aeabi_fcmp.S.obj</name>
      </input_file>
      <input_file id="fl-111">
         <path>D:\vscode\ccs\tools\compiler\ti-cgt-armllvm_4.0.4.LTS\lib\armv6m-ti-none-eabi\</path>
         <kind>archive</kind>
         <file>libclang_rt.builtins.a</file>
         <name>aeabi_idivmod.S.obj</name>
      </input_file>
      <input_file id="fl-112">
         <path>D:\vscode\ccs\tools\compiler\ti-cgt-armllvm_4.0.4.LTS\lib\armv6m-ti-none-eabi\</path>
         <kind>archive</kind>
         <file>libclang_rt.builtins.a</file>
         <name>aeabi_memcpy.S.obj</name>
      </input_file>
      <input_file id="fl-113">
         <path>D:\vscode\ccs\tools\compiler\ti-cgt-armllvm_4.0.4.LTS\lib\armv6m-ti-none-eabi\</path>
         <kind>archive</kind>
         <file>libclang_rt.builtins.a</file>
         <name>aeabi_memset.S.obj</name>
      </input_file>
      <input_file id="fl-114">
         <path>D:\vscode\ccs\tools\compiler\ti-cgt-armllvm_4.0.4.LTS\lib\armv6m-ti-none-eabi\</path>
         <kind>archive</kind>
         <file>libclang_rt.builtins.a</file>
         <name>aeabi_uidivmod.S.obj</name>
      </input_file>
      <input_file id="fl-115">
         <path>D:\vscode\ccs\tools\compiler\ti-cgt-armllvm_4.0.4.LTS\lib\armv6m-ti-none-eabi\</path>
         <kind>archive</kind>
         <file>libclang_rt.builtins.a</file>
         <name>aeabi_uldivmod.S.obj</name>
      </input_file>
      <input_file id="fl-116">
         <path>D:\vscode\ccs\tools\compiler\ti-cgt-armllvm_4.0.4.LTS\lib\armv6m-ti-none-eabi\</path>
         <kind>archive</kind>
         <file>libclang_rt.builtins.a</file>
         <name>comparesf2.S.obj</name>
      </input_file>
      <input_file id="fl-117">
         <path>D:\vscode\ccs\tools\compiler\ti-cgt-armllvm_4.0.4.LTS\lib\armv6m-ti-none-eabi\</path>
         <kind>archive</kind>
         <file>libclang_rt.builtins.a</file>
         <name>udivmoddi4.S.obj</name>
      </input_file>
      <input_file id="fl-118">
         <path>D:\vscode\ccs\tools\compiler\ti-cgt-armllvm_4.0.4.LTS\lib\armv6m-ti-none-eabi\</path>
         <kind>archive</kind>
         <file>libclang_rt.builtins.a</file>
         <name>ashldi3.S.obj</name>
      </input_file>
      <input_file id="fl-119">
         <path>D:\vscode\ccs\tools\compiler\ti-cgt-armllvm_4.0.4.LTS\lib\armv6m-ti-none-eabi\</path>
         <kind>archive</kind>
         <file>libclang_rt.builtins.a</file>
         <name>comparedf2.c.obj</name>
      </input_file>
      <input_file id="fl-11a">
         <path>D:\vscode\ccs\tools\compiler\ti-cgt-armllvm_4.0.4.LTS\lib\armv6m-ti-none-eabi\</path>
         <kind>archive</kind>
         <file>libclang_rt.builtins.a</file>
         <name>aeabi_div0.c.obj</name>
      </input_file>
      <input_file id="fl-11b">
         <path>D:\vscode\ccs\tools\compiler\ti-cgt-armllvm_4.0.4.LTS\lib\armv6m-ti-none-eabi\c\</path>
         <kind>archive</kind>
         <file>libc.a</file>
         <name>getdevice.c.obj</name>
      </input_file>
      <input_file id="fl-11c">
         <path>D:\vscode\ccs\tools\compiler\ti-cgt-armllvm_4.0.4.LTS\lib\armv6m-ti-none-eabi\c\</path>
         <kind>archive</kind>
         <file>libc.a</file>
         <name>memcpy16.S.obj</name>
      </input_file>
      <input_file id="fl-11d">
         <path>D:\vscode\ccs\tools\compiler\ti-cgt-armllvm_4.0.4.LTS\lib\armv6m-ti-none-eabi\c\</path>
         <kind>archive</kind>
         <file>libc.a</file>
         <name>memset16.S.obj</name>
      </input_file>
      <input_file id="fl-11e">
         <path>D:\vscode\ccs\tools\compiler\ti-cgt-armllvm_4.0.4.LTS\lib\armv6m-ti-none-eabi\c\</path>
         <kind>archive</kind>
         <file>libc.a</file>
         <name>strcmp-armv6m.S.obj</name>
      </input_file>
   </input_file_list>
   <object_component_list>
      <object_component id="oc-18">
         <name>.intvecs</name>
         <load_address>0x0</load_address>
         <readonly>true</readonly>
         <run_address>0x0</run_address>
         <size>0xc0</size>
         <alignment>0x4</alignment>
         <input_file_ref idref="fl-2"/>
      </object_component>
      <object_component id="oc-6c">
         <name>.text.adjust_motor</name>
         <load_address>0xc0</load_address>
         <readonly>true</readonly>
         <executable>true</executable>
         <run_address>0xc0</run_address>
         <size>0x3f4</size>
         <alignment>0x4</alignment>
         <input_file_ref idref="fl-5"/>
      </object_component>
      <object_component id="oc-1c1">
         <name>.text:__TI_printfi_minimal</name>
         <load_address>0x4b4</load_address>
         <readonly>true</readonly>
         <executable>true</executable>
         <run_address>0x4b4</run_address>
         <size>0x284</size>
         <alignment>0x4</alignment>
         <input_file_ref idref="fl-3b"/>
      </object_component>
      <object_component id="oc-139">
         <name>.text.SYSCFG_DL_GPIO_init</name>
         <load_address>0x738</load_address>
         <readonly>true</readonly>
         <executable>true</executable>
         <run_address>0x738</run_address>
         <size>0x1e4</size>
         <alignment>0x4</alignment>
         <input_file_ref idref="fl-1"/>
      </object_component>
      <object_component id="oc-72">
         <name>.text.DC_MOTOR_PID</name>
         <load_address>0x91c</load_address>
         <readonly>true</readonly>
         <executable>true</executable>
         <run_address>0x91c</run_address>
         <size>0x13c</size>
         <alignment>0x4</alignment>
         <input_file_ref idref="fl-7"/>
      </object_component>
      <object_component id="oc-99">
         <name>.text.motor_set_direction</name>
         <load_address>0xa58</load_address>
         <readonly>true</readonly>
         <executable>true</executable>
         <run_address>0xa58</run_address>
         <size>0x10c</size>
         <alignment>0x4</alignment>
         <input_file_ref idref="fl-7"/>
      </object_component>
      <object_component id="oc-195">
         <name>.text.DL_Timer_initFourCCPWMMode</name>
         <load_address>0xb64</load_address>
         <readonly>true</readonly>
         <executable>true</executable>
         <run_address>0xb64</run_address>
         <size>0x104</size>
         <alignment>0x4</alignment>
         <input_file_ref idref="fl-19"/>
      </object_component>
      <object_component id="oc-19d">
         <name>.text.DL_Timer_initTimerMode</name>
         <load_address>0xc68</load_address>
         <readonly>true</readonly>
         <executable>true</executable>
         <run_address>0xc68</run_address>
         <size>0xfc</size>
         <alignment>0x4</alignment>
         <input_file_ref idref="fl-19"/>
      </object_component>
      <object_component id="oc-df">
         <name>.text.OLED_Init</name>
         <load_address>0xd64</load_address>
         <readonly>true</readonly>
         <executable>true</executable>
         <run_address>0xd64</run_address>
         <size>0xf8</size>
         <alignment>0x2</alignment>
         <input_file_ref idref="fl-8"/>
      </object_component>
      <object_component id="oc-18e">
         <name>.text.SYSCFG_DL_SYSCTL_SYSPLL_init</name>
         <load_address>0xe5c</load_address>
         <readonly>true</readonly>
         <executable>true</executable>
         <run_address>0xe5c</run_address>
         <size>0xe8</size>
         <alignment>0x4</alignment>
         <input_file_ref idref="fl-1"/>
      </object_component>
      <object_component id="oc-b0">
         <name>.text.__muldf3</name>
         <load_address>0xf44</load_address>
         <readonly>true</readonly>
         <executable>true</executable>
         <run_address>0xf44</run_address>
         <size>0xe4</size>
         <alignment>0x4</alignment>
         <input_file_ref idref="fl-102"/>
      </object_component>
      <object_component id="oc-18d">
         <name>.text.DL_SYSCTL_configSYSPLL</name>
         <load_address>0x1028</load_address>
         <readonly>true</readonly>
         <executable>true</executable>
         <run_address>0x1028</run_address>
         <size>0xdc</size>
         <alignment>0x4</alignment>
         <input_file_ref idref="fl-1b"/>
      </object_component>
      <object_component id="oc-ba">
         <name>.text</name>
         <load_address>0x1104</load_address>
         <readonly>true</readonly>
         <executable>true</executable>
         <run_address>0x1104</run_address>
         <size>0xd8</size>
         <alignment>0x4</alignment>
         <input_file_ref idref="fl-100"/>
      </object_component>
      <object_component id="oc-71">
         <name>.text.calculate_speed</name>
         <load_address>0x11dc</load_address>
         <readonly>true</readonly>
         <executable>true</executable>
         <run_address>0x11dc</run_address>
         <size>0xc4</size>
         <alignment>0x4</alignment>
         <input_file_ref idref="fl-7"/>
      </object_component>
      <object_component id="oc-82">
         <name>.text.main</name>
         <load_address>0x12a0</load_address>
         <readonly>true</readonly>
         <executable>true</executable>
         <run_address>0x12a0</run_address>
         <size>0xb8</size>
         <alignment>0x4</alignment>
         <input_file_ref idref="fl-3"/>
      </object_component>
      <object_component id="oc-98">
         <name>.text.huidu_get_value</name>
         <load_address>0x1358</load_address>
         <readonly>true</readonly>
         <executable>true</executable>
         <run_address>0x1358</run_address>
         <size>0x98</size>
         <alignment>0x4</alignment>
         <input_file_ref idref="fl-5"/>
      </object_component>
      <object_component id="oc-34">
         <name>.text.GROUP1_IRQHandler</name>
         <load_address>0x13f0</load_address>
         <readonly>true</readonly>
         <executable>true</executable>
         <run_address>0x13f0</run_address>
         <size>0x8c</size>
         <alignment>0x4</alignment>
         <input_file_ref idref="fl-6"/>
      </object_component>
      <object_component id="oc-13b">
         <name>.text.SYSCFG_DL_PWMAB_init</name>
         <load_address>0x147c</load_address>
         <readonly>true</readonly>
         <executable>true</executable>
         <run_address>0x147c</run_address>
         <size>0x8c</size>
         <alignment>0x4</alignment>
         <input_file_ref idref="fl-1"/>
      </object_component>
      <object_component id="oc-be">
         <name>.text.__mulsf3</name>
         <load_address>0x1508</load_address>
         <readonly>true</readonly>
         <executable>true</executable>
         <run_address>0x1508</run_address>
         <size>0x8c</size>
         <alignment>0x4</alignment>
         <input_file_ref idref="fl-104"/>
      </object_component>
      <object_component id="oc-e8">
         <name>.text.motor_init</name>
         <load_address>0x1594</load_address>
         <readonly>true</readonly>
         <executable>true</executable>
         <run_address>0x1594</run_address>
         <size>0x8c</size>
         <alignment>0x4</alignment>
         <input_file_ref idref="fl-7"/>
      </object_component>
      <object_component id="oc-a8">
         <name>.text.__divsf3</name>
         <load_address>0x1620</load_address>
         <readonly>true</readonly>
         <executable>true</executable>
         <run_address>0x1620</run_address>
         <size>0x82</size>
         <alignment>0x4</alignment>
         <input_file_ref idref="fl-105"/>
      </object_component>
      <object_component id="oc-90">
         <name>.text.__aeabi_idiv0</name>
         <load_address>0x16a2</load_address>
         <readonly>true</readonly>
         <executable>true</executable>
         <run_address>0x16a2</run_address>
         <size>0x2</size>
         <alignment>0x2</alignment>
         <input_file_ref idref="fl-11a"/>
      </object_component>
      <object_component id="oc-145">
         <name>.text.OLED_Refresh</name>
         <load_address>0x16a4</load_address>
         <readonly>true</readonly>
         <executable>true</executable>
         <run_address>0x16a4</run_address>
         <size>0x7c</size>
         <alignment>0x4</alignment>
         <input_file_ref idref="fl-8"/>
      </object_component>
      <object_component id="oc-138">
         <name>.text.SYSCFG_DL_initPower</name>
         <load_address>0x1720</load_address>
         <readonly>true</readonly>
         <executable>true</executable>
         <run_address>0x1720</run_address>
         <size>0x7c</size>
         <alignment>0x4</alignment>
         <input_file_ref idref="fl-1"/>
      </object_component>
      <object_component id="oc-1c">
         <name>.text:decompress:lzss</name>
         <load_address>0x179c</load_address>
         <readonly>true</readonly>
         <executable>true</executable>
         <run_address>0x179c</run_address>
         <size>0x7c</size>
         <alignment>0x4</alignment>
         <input_file_ref idref="fl-3a"/>
      </object_component>
      <object_component id="oc-142">
         <name>.text.OLED_WR_Byte</name>
         <load_address>0x1818</load_address>
         <readonly>true</readonly>
         <executable>true</executable>
         <run_address>0x1818</run_address>
         <size>0x74</size>
         <alignment>0x4</alignment>
         <input_file_ref idref="fl-8"/>
      </object_component>
      <object_component id="oc-13a">
         <name>.text.SYSCFG_DL_SYSCTL_init</name>
         <load_address>0x188c</load_address>
         <readonly>true</readonly>
         <executable>true</executable>
         <run_address>0x188c</run_address>
         <size>0x74</size>
         <alignment>0x4</alignment>
         <input_file_ref idref="fl-1"/>
      </object_component>
      <object_component id="oc-21c">
         <name>.text.__gedf2</name>
         <load_address>0x1900</load_address>
         <readonly>true</readonly>
         <executable>true</executable>
         <run_address>0x1900</run_address>
         <size>0x74</size>
         <alignment>0x4</alignment>
         <input_file_ref idref="fl-119"/>
      </object_component>
      <object_component id="oc-190">
         <name>.text.DL_SYSCTL_getClockStatus</name>
         <load_address>0x1974</load_address>
         <readonly>true</readonly>
         <executable>true</executable>
         <run_address>0x1974</run_address>
         <size>0xc</size>
         <alignment>0x4</alignment>
         <input_file_ref idref="fl-1"/>
      </object_component>
      <object_component id="oc-b4">
         <name>.text.__truncdfsf2</name>
         <load_address>0x1980</load_address>
         <readonly>true</readonly>
         <executable>true</executable>
         <run_address>0x1980</run_address>
         <size>0x74</size>
         <alignment>0x10</alignment>
         <input_file_ref idref="fl-10e"/>
      </object_component>
      <object_component id="oc-216">
         <name>.text.__ledf2</name>
         <load_address>0x19f4</load_address>
         <readonly>true</readonly>
         <executable>true</executable>
         <run_address>0x19f4</run_address>
         <size>0x68</size>
         <alignment>0x4</alignment>
         <input_file_ref idref="fl-119"/>
      </object_component>
      <object_component id="oc-187">
         <name>.text.DL_SYSCTL_setHFCLKSourceHFXTParams</name>
         <load_address>0x1a5c</load_address>
         <readonly>true</readonly>
         <executable>true</executable>
         <run_address>0x1a5c</run_address>
         <size>0x64</size>
         <alignment>0x4</alignment>
         <input_file_ref idref="fl-1b"/>
      </object_component>
      <object_component id="oc-1e8">
         <name>.text.__aeabi_dcmp</name>
         <load_address>0x1ac0</load_address>
         <readonly>true</readonly>
         <executable>true</executable>
         <run_address>0x1ac0</run_address>
         <size>0x62</size>
         <alignment>0x4</alignment>
         <input_file_ref idref="fl-10f"/>
      </object_component>
      <object_component id="oc-9a">
         <name>.text.__aeabi_fcmp</name>
         <load_address>0x1b24</load_address>
         <readonly>true</readonly>
         <executable>true</executable>
         <run_address>0x1b24</run_address>
         <size>0x62</size>
         <alignment>0x4</alignment>
         <input_file_ref idref="fl-110"/>
      </object_component>
      <object_component id="oc-e6">
         <name>.text.OLED_Clear</name>
         <load_address>0x1b88</load_address>
         <readonly>true</readonly>
         <executable>true</executable>
         <run_address>0x1b88</run_address>
         <size>0x60</size>
         <alignment>0x4</alignment>
         <input_file_ref idref="fl-8"/>
      </object_component>
      <object_component id="oc-13d">
         <name>.text.SYSCFG_DL_OLED_init</name>
         <load_address>0x1be8</load_address>
         <readonly>true</readonly>
         <executable>true</executable>
         <run_address>0x1be8</run_address>
         <size>0x60</size>
         <alignment>0x4</alignment>
         <input_file_ref idref="fl-1"/>
      </object_component>
      <object_component id="oc-1bf">
         <name>.text.DL_I2C_fillControllerTXFIFO</name>
         <load_address>0x1c48</load_address>
         <readonly>true</readonly>
         <executable>true</executable>
         <run_address>0x1c48</run_address>
         <size>0x5e</size>
         <alignment>0x2</alignment>
         <input_file_ref idref="fl-18"/>
      </object_component>
      <object_component id="oc-61">
         <name>.text.__aeabi_idivmod</name>
         <load_address>0x1ca8</load_address>
         <readonly>true</readonly>
         <executable>true</executable>
         <run_address>0x1ca8</run_address>
         <size>0x56</size>
         <alignment>0x4</alignment>
         <input_file_ref idref="fl-111"/>
      </object_component>
      <object_component id="oc-178">
         <name>.text.DL_GPIO_initPeripheralInputFunctionFeatures</name>
         <load_address>0x1d00</load_address>
         <readonly>true</readonly>
         <executable>true</executable>
         <run_address>0x1d00</run_address>
         <size>0x50</size>
         <alignment>0x4</alignment>
         <input_file_ref idref="fl-1"/>
      </object_component>
      <object_component id="oc-1c0">
         <name>.text.DL_I2C_startControllerTransfer</name>
         <load_address>0x1d50</load_address>
         <readonly>true</readonly>
         <executable>true</executable>
         <run_address>0x1d50</run_address>
         <size>0x50</size>
         <alignment>0x4</alignment>
         <input_file_ref idref="fl-8"/>
      </object_component>
      <object_component id="oc-17c">
         <name>.text.DL_GPIO_initDigitalInputFeatures</name>
         <load_address>0x1da0</load_address>
         <readonly>true</readonly>
         <executable>true</executable>
         <run_address>0x1da0</run_address>
         <size>0x4c</size>
         <alignment>0x4</alignment>
         <input_file_ref idref="fl-1"/>
      </object_component>
      <object_component id="oc-1b9">
         <name>.text.DL_UART_setBaudRateDivisor</name>
         <load_address>0x1dec</load_address>
         <readonly>true</readonly>
         <executable>true</executable>
         <run_address>0x1dec</run_address>
         <size>0x4c</size>
         <alignment>0x4</alignment>
         <input_file_ref idref="fl-1"/>
      </object_component>
      <object_component id="oc-c7">
         <name>.text.motor_set_duty</name>
         <load_address>0x1e38</load_address>
         <readonly>true</readonly>
         <executable>true</executable>
         <run_address>0x1e38</run_address>
         <size>0x4c</size>
         <alignment>0x4</alignment>
         <input_file_ref idref="fl-7"/>
      </object_component>
      <object_component id="oc-1b7">
         <name>.text.DL_UART_init</name>
         <load_address>0x1e84</load_address>
         <readonly>true</readonly>
         <executable>true</executable>
         <run_address>0x1e84</run_address>
         <size>0x48</size>
         <alignment>0x4</alignment>
         <input_file_ref idref="fl-1a"/>
      </object_component>
      <object_component id="oc-e5">
         <name>.text.OLED_DisplayTurn</name>
         <load_address>0x1ecc</load_address>
         <readonly>true</readonly>
         <executable>true</executable>
         <run_address>0x1ecc</run_address>
         <size>0x48</size>
         <alignment>0x2</alignment>
         <input_file_ref idref="fl-8"/>
      </object_component>
      <object_component id="oc-13e">
         <name>.text.SYSCFG_DL_DEBUG_init</name>
         <load_address>0x1f14</load_address>
         <readonly>true</readonly>
         <executable>true</executable>
         <run_address>0x1f14</run_address>
         <size>0x48</size>
         <alignment>0x4</alignment>
         <input_file_ref idref="fl-1"/>
      </object_component>
      <object_component id="oc-192">
         <name>.text.DL_SYSCTL_switchMCLKfromSYSOSCtoHSCLK</name>
         <load_address>0x1f5c</load_address>
         <readonly>true</readonly>
         <executable>true</executable>
         <run_address>0x1f5c</run_address>
         <size>0x44</size>
         <alignment>0x4</alignment>
         <input_file_ref idref="fl-1b"/>
      </object_component>
      <object_component id="oc-1e0">
         <name>.text.__aeabi_uidivmod</name>
         <load_address>0x1fa0</load_address>
         <readonly>true</readonly>
         <executable>true</executable>
         <run_address>0x1fa0</run_address>
         <size>0x40</size>
         <alignment>0x4</alignment>
         <input_file_ref idref="fl-114"/>
      </object_component>
      <object_component id="oc-ac">
         <name>.text.__extendsfdf2</name>
         <load_address>0x1fe0</load_address>
         <readonly>true</readonly>
         <executable>true</executable>
         <run_address>0x1fe0</run_address>
         <size>0x40</size>
         <alignment>0x4</alignment>
         <input_file_ref idref="fl-107"/>
      </object_component>
      <object_component id="oc-196">
         <name>.text.DL_Timer_setCounterControl</name>
         <load_address>0x2020</load_address>
         <readonly>true</readonly>
         <executable>true</executable>
         <run_address>0x2020</run_address>
         <size>0x3c</size>
         <alignment>0x4</alignment>
         <input_file_ref idref="fl-1"/>
      </object_component>
      <object_component id="oc-39">
         <name>.text.TIMA0_IRQHandler</name>
         <load_address>0x205c</load_address>
         <readonly>true</readonly>
         <executable>true</executable>
         <run_address>0x205c</run_address>
         <size>0x3c</size>
         <alignment>0x4</alignment>
         <input_file_ref idref="fl-7"/>
      </object_component>
      <object_component id="oc-11d">
         <name>.text.__gtsf2</name>
         <load_address>0x2098</load_address>
         <readonly>true</readonly>
         <executable>true</executable>
         <run_address>0x2098</run_address>
         <size>0x3c</size>
         <alignment>0x4</alignment>
         <input_file_ref idref="fl-116"/>
      </object_component>
      <object_component id="oc-100">
         <name>.text:__TI_auto_init_nobinit_nopinit</name>
         <load_address>0x20d4</load_address>
         <readonly>true</readonly>
         <executable>true</executable>
         <run_address>0x20d4</run_address>
         <size>0x3c</size>
         <alignment>0x4</alignment>
         <input_file_ref idref="fl-35"/>
      </object_component>
      <object_component id="oc-118">
         <name>.text.__eqsf2</name>
         <load_address>0x2110</load_address>
         <readonly>true</readonly>
         <executable>true</executable>
         <run_address>0x2110</run_address>
         <size>0x3a</size>
         <alignment>0x4</alignment>
         <input_file_ref idref="fl-116"/>
      </object_component>
      <object_component id="oc-122">
         <name>.text.__muldsi3</name>
         <load_address>0x214c</load_address>
         <readonly>true</readonly>
         <executable>true</executable>
         <run_address>0x214c</run_address>
         <size>0x3a</size>
         <alignment>0x4</alignment>
         <input_file_ref idref="fl-103"/>
      </object_component>
      <object_component id="oc-c2">
         <name>.text.__fixsfsi</name>
         <load_address>0x2188</load_address>
         <readonly>true</readonly>
         <executable>true</executable>
         <run_address>0x2188</run_address>
         <size>0x38</size>
         <alignment>0x4</alignment>
         <input_file_ref idref="fl-109"/>
      </object_component>
      <object_component id="oc-e9">
         <name>.text.sprintf</name>
         <load_address>0x21c0</load_address>
         <readonly>true</readonly>
         <executable>true</executable>
         <run_address>0x21c0</run_address>
         <size>0x38</size>
         <alignment>0x4</alignment>
         <input_file_ref idref="fl-32"/>
      </object_component>
      <object_component id="oc-e4">
         <name>.text.OLED_ColorTurn</name>
         <load_address>0x21f8</load_address>
         <readonly>true</readonly>
         <executable>true</executable>
         <run_address>0x21f8</run_address>
         <size>0x34</size>
         <alignment>0x2</alignment>
         <input_file_ref idref="fl-8"/>
      </object_component>
      <object_component id="oc-13c">
         <name>.text.SYSCFG_DL_MOTOR_PID_init</name>
         <load_address>0x222c</load_address>
         <readonly>true</readonly>
         <executable>true</executable>
         <run_address>0x222c</run_address>
         <size>0x34</size>
         <alignment>0x4</alignment>
         <input_file_ref idref="fl-1"/>
      </object_component>
      <object_component id="oc-115">
         <name>.text.get_gpio_state</name>
         <load_address>0x2260</load_address>
         <readonly>true</readonly>
         <executable>true</executable>
         <run_address>0x2260</run_address>
         <size>0x34</size>
         <alignment>0x2</alignment>
         <input_file_ref idref="fl-5"/>
      </object_component>
      <object_component id="oc-1c9">
         <name>.text.DL_UART_transmitDataBlocking</name>
         <load_address>0x2294</load_address>
         <readonly>true</readonly>
         <executable>true</executable>
         <run_address>0x2294</run_address>
         <size>0x30</size>
         <alignment>0x4</alignment>
         <input_file_ref idref="fl-1a"/>
      </object_component>
      <object_component id="oc-da">
         <name>.text.SYSCFG_DL_init</name>
         <load_address>0x22c4</load_address>
         <readonly>true</readonly>
         <executable>true</executable>
         <run_address>0x22c4</run_address>
         <size>0x2c</size>
         <alignment>0x4</alignment>
         <input_file_ref idref="fl-1"/>
      </object_component>
      <object_component id="oc-e7">
         <name>.text.__NVIC_EnableIRQ</name>
         <load_address>0x22f0</load_address>
         <readonly>true</readonly>
         <executable>true</executable>
         <run_address>0x22f0</run_address>
         <size>0x2c</size>
         <alignment>0x4</alignment>
         <input_file_ref idref="fl-3"/>
      </object_component>
      <object_component id="oc-148">
         <name>.text.__NVIC_EnableIRQ</name>
         <load_address>0x231c</load_address>
         <readonly>true</readonly>
         <executable>true</executable>
         <run_address>0x231c</run_address>
         <size>0x2c</size>
         <alignment>0x4</alignment>
         <input_file_ref idref="fl-7"/>
      </object_component>
      <object_component id="oc-ef">
         <name>.text.UART_send_string</name>
         <load_address>0x2348</load_address>
         <readonly>true</readonly>
         <executable>true</executable>
         <run_address>0x2348</run_address>
         <size>0x2a</size>
         <alignment>0x2</alignment>
         <input_file_ref idref="fl-9"/>
      </object_component>
      <object_component id="oc-1f0">
         <name>.text.DL_Common_updateReg</name>
         <load_address>0x2372</load_address>
         <readonly>true</readonly>
         <executable>true</executable>
         <run_address>0x2372</run_address>
         <size>0x28</size>
         <alignment>0x2</alignment>
         <input_file_ref idref="fl-8"/>
      </object_component>
      <object_component id="oc-1d8">
         <name>.text.DL_Common_updateReg</name>
         <load_address>0x239a</load_address>
         <readonly>true</readonly>
         <executable>true</executable>
         <run_address>0x239a</run_address>
         <size>0x28</size>
         <alignment>0x2</alignment>
         <input_file_ref idref="fl-1"/>
      </object_component>
      <object_component id="oc-1ad">
         <name>.text.DL_I2C_setControllerRXFIFOThreshold</name>
         <load_address>0x23c4</load_address>
         <readonly>true</readonly>
         <executable>true</executable>
         <run_address>0x23c4</run_address>
         <size>0x28</size>
         <alignment>0x4</alignment>
         <input_file_ref idref="fl-1"/>
      </object_component>
      <object_component id="oc-1ac">
         <name>.text.DL_I2C_setControllerTXFIFOThreshold</name>
         <load_address>0x23ec</load_address>
         <readonly>true</readonly>
         <executable>true</executable>
         <run_address>0x23ec</run_address>
         <size>0x28</size>
         <alignment>0x4</alignment>
         <input_file_ref idref="fl-1"/>
      </object_component>
      <object_component id="oc-a4">
         <name>.text.__floatunsisf</name>
         <load_address>0x2414</load_address>
         <readonly>true</readonly>
         <executable>true</executable>
         <run_address>0x2414</run_address>
         <size>0x28</size>
         <alignment>0x4</alignment>
         <input_file_ref idref="fl-10c"/>
      </object_component>
      <object_component id="oc-59">
         <name>.text:_c_int00_noargs</name>
         <load_address>0x243c</load_address>
         <readonly>true</readonly>
         <executable>true</executable>
         <run_address>0x243c</run_address>
         <size>0x28</size>
         <alignment>0x4</alignment>
         <input_file_ref idref="fl-33"/>
      </object_component>
      <object_component id="oc-1a7">
         <name>.text.DL_I2C_setAnalogGlitchFilterPulseWidth</name>
         <load_address>0x2464</load_address>
         <readonly>true</readonly>
         <executable>true</executable>
         <run_address>0x2464</run_address>
         <size>0x26</size>
         <alignment>0x2</alignment>
         <input_file_ref idref="fl-1"/>
      </object_component>
      <object_component id="oc-1a1">
         <name>.text.DL_I2C_setClockConfig</name>
         <load_address>0x248a</load_address>
         <readonly>true</readonly>
         <executable>true</executable>
         <run_address>0x248a</run_address>
         <size>0x26</size>
         <alignment>0x2</alignment>
         <input_file_ref idref="fl-18"/>
      </object_component>
      <object_component id="oc-1a9">
         <name>.text.DL_I2C_setDigitalGlitchFilterPulseWidth</name>
         <load_address>0x24b0</load_address>
         <readonly>true</readonly>
         <executable>true</executable>
         <run_address>0x24b0</run_address>
         <size>0x24</size>
         <alignment>0x2</alignment>
         <input_file_ref idref="fl-1"/>
      </object_component>
      <object_component id="oc-1e4">
         <name>.text.__floatunsidf</name>
         <load_address>0x24d4</load_address>
         <readonly>true</readonly>
         <executable>true</executable>
         <run_address>0x24d4</run_address>
         <size>0x24</size>
         <alignment>0x4</alignment>
         <input_file_ref idref="fl-10b"/>
      </object_component>
      <object_component id="oc-1f3">
         <name>.text.memccpy</name>
         <load_address>0x24f8</load_address>
         <readonly>true</readonly>
         <executable>true</executable>
         <run_address>0x24f8</run_address>
         <size>0x22</size>
         <alignment>0x2</alignment>
         <input_file_ref idref="fl-44"/>
      </object_component>
      <object_component id="oc-17a">
         <name>.text.DL_GPIO_initPeripheralInputFunction</name>
         <load_address>0x251c</load_address>
         <readonly>true</readonly>
         <executable>true</executable>
         <run_address>0x251c</run_address>
         <size>0x20</size>
         <alignment>0x4</alignment>
         <input_file_ref idref="fl-1"/>
      </object_component>
      <object_component id="oc-183">
         <name>.text.DL_SYSCTL_setFlashWaitState</name>
         <load_address>0x253c</load_address>
         <readonly>true</readonly>
         <executable>true</executable>
         <run_address>0x253c</run_address>
         <size>0x20</size>
         <alignment>0x4</alignment>
         <input_file_ref idref="fl-1"/>
      </object_component>
      <object_component id="oc-c6">
         <name>.text.limit_duty</name>
         <load_address>0x255c</load_address>
         <readonly>true</readonly>
         <executable>true</executable>
         <run_address>0x255c</run_address>
         <size>0x20</size>
         <alignment>0x4</alignment>
         <input_file_ref idref="fl-7"/>
      </object_component>
      <object_component id="oc-1b8">
         <name>.text.DL_UART_setOversampling</name>
         <load_address>0x257c</load_address>
         <readonly>true</readonly>
         <executable>true</executable>
         <run_address>0x257c</run_address>
         <size>0x1e</size>
         <alignment>0x2</alignment>
         <input_file_ref idref="fl-1"/>
      </object_component>
      <object_component id="oc-17f">
         <name>.text.DL_GPIO_clearInterruptStatus</name>
         <load_address>0x259c</load_address>
         <readonly>true</readonly>
         <executable>true</executable>
         <run_address>0x259c</run_address>
         <size>0x1c</size>
         <alignment>0x4</alignment>
         <input_file_ref idref="fl-1"/>
      </object_component>
      <object_component id="oc-179">
         <name>.text.DL_GPIO_enableHiZ</name>
         <load_address>0x25b8</load_address>
         <readonly>true</readonly>
         <executable>true</executable>
         <run_address>0x25b8</run_address>
         <size>0x1c</size>
         <alignment>0x4</alignment>
         <input_file_ref idref="fl-1"/>
      </object_component>
      <object_component id="oc-180">
         <name>.text.DL_GPIO_enableInterrupt</name>
         <load_address>0x25d4</load_address>
         <readonly>true</readonly>
         <executable>true</executable>
         <run_address>0x25d4</run_address>
         <size>0x1c</size>
         <alignment>0x4</alignment>
         <input_file_ref idref="fl-1"/>
      </object_component>
      <object_component id="oc-176">
         <name>.text.DL_GPIO_initPeripheralOutputFunction</name>
         <load_address>0x25f0</load_address>
         <readonly>true</readonly>
         <executable>true</executable>
         <run_address>0x25f0</run_address>
         <size>0x1c</size>
         <alignment>0x4</alignment>
         <input_file_ref idref="fl-1"/>
      </object_component>
      <object_component id="oc-181">
         <name>.text.DL_GPIO_setLowerPinsPolarity</name>
         <load_address>0x260c</load_address>
         <readonly>true</readonly>
         <executable>true</executable>
         <run_address>0x260c</run_address>
         <size>0x1c</size>
         <alignment>0x4</alignment>
         <input_file_ref idref="fl-1"/>
      </object_component>
      <object_component id="oc-1dc">
         <name>.text.DL_SYSCTL_configFCC</name>
         <load_address>0x2628</load_address>
         <readonly>true</readonly>
         <executable>true</executable>
         <run_address>0x2628</run_address>
         <size>0x1c</size>
         <alignment>0x4</alignment>
         <input_file_ref idref="fl-1b"/>
      </object_component>
      <object_component id="oc-1db">
         <name>.text.DL_SYSCTL_setFCCPeriods</name>
         <load_address>0x2644</load_address>
         <readonly>true</readonly>
         <executable>true</executable>
         <run_address>0x2644</run_address>
         <size>0x1c</size>
         <alignment>0x4</alignment>
         <input_file_ref idref="fl-1"/>
      </object_component>
      <object_component id="oc-184">
         <name>.text.DL_SYSCTL_setSYSOSCFreq</name>
         <load_address>0x2660</load_address>
         <readonly>true</readonly>
         <executable>true</executable>
         <run_address>0x2660</run_address>
         <size>0x1c</size>
         <alignment>0x4</alignment>
         <input_file_ref idref="fl-1"/>
      </object_component>
      <object_component id="oc-191">
         <name>.text.DL_SYSCTL_setULPCLKDivider</name>
         <load_address>0x267c</load_address>
         <readonly>true</readonly>
         <executable>true</executable>
         <run_address>0x267c</run_address>
         <size>0x1c</size>
         <alignment>0x4</alignment>
         <input_file_ref idref="fl-1"/>
      </object_component>
      <object_component id="oc-19e">
         <name>.text.DL_Timer_enableInterrupt</name>
         <load_address>0x2698</load_address>
         <readonly>true</readonly>
         <executable>true</executable>
         <run_address>0x2698</run_address>
         <size>0x1c</size>
         <alignment>0x4</alignment>
         <input_file_ref idref="fl-1"/>
      </object_component>
      <object_component id="oc-198">
         <name>.text.DL_Timer_setCaptCompUpdateMethod</name>
         <load_address>0x26b4</load_address>
         <readonly>true</readonly>
         <executable>true</executable>
         <run_address>0x26b4</run_address>
         <size>0x1c</size>
         <alignment>0x4</alignment>
         <input_file_ref idref="fl-19"/>
      </object_component>
      <object_component id="oc-194">
         <name>.text.DL_Timer_setClockConfig</name>
         <load_address>0x26d0</load_address>
         <readonly>true</readonly>
         <executable>true</executable>
         <run_address>0x26d0</run_address>
         <size>0x1c</size>
         <alignment>0x4</alignment>
         <input_file_ref idref="fl-19"/>
      </object_component>
      <object_component id="oc-1ba">
         <name>.text.DL_UART_enableInterrupt</name>
         <load_address>0x26ec</load_address>
         <readonly>true</readonly>
         <executable>true</executable>
         <run_address>0x26ec</run_address>
         <size>0x1c</size>
         <alignment>0x4</alignment>
         <input_file_ref idref="fl-1"/>
      </object_component>
      <object_component id="oc-14e">
         <name>.text.UART_send_char</name>
         <load_address>0x2708</load_address>
         <readonly>true</readonly>
         <executable>true</executable>
         <run_address>0x2708</run_address>
         <size>0x1c</size>
         <alignment>0x2</alignment>
         <input_file_ref idref="fl-9"/>
      </object_component>
      <object_component id="oc-f4">
         <name>.text.delay_ms</name>
         <load_address>0x2724</load_address>
         <readonly>true</readonly>
         <executable>true</executable>
         <run_address>0x2724</run_address>
         <size>0x1c</size>
         <alignment>0x4</alignment>
         <input_file_ref idref="fl-4"/>
      </object_component>
      <object_component id="oc-177">
         <name>.text.DL_GPIO_enableOutput</name>
         <load_address>0x2740</load_address>
         <readonly>true</readonly>
         <executable>true</executable>
         <run_address>0x2740</run_address>
         <size>0x18</size>
         <alignment>0x4</alignment>
         <input_file_ref idref="fl-1"/>
      </object_component>
      <object_component id="oc-171">
         <name>.text.DL_GPIO_enablePower</name>
         <load_address>0x2758</load_address>
         <readonly>true</readonly>
         <executable>true</executable>
         <run_address>0x2758</run_address>
         <size>0x18</size>
         <alignment>0x4</alignment>
         <input_file_ref idref="fl-1"/>
      </object_component>
      <object_component id="oc-17b">
         <name>.text.DL_GPIO_initDigitalOutput</name>
         <load_address>0x2770</load_address>
         <readonly>true</readonly>
         <executable>true</executable>
         <run_address>0x2770</run_address>
         <size>0x18</size>
         <alignment>0x4</alignment>
         <input_file_ref idref="fl-1"/>
      </object_component>
      <object_component id="oc-175">
         <name>.text.DL_GPIO_initPeripheralAnalogFunction</name>
         <load_address>0x2788</load_address>
         <readonly>true</readonly>
         <executable>true</executable>
         <run_address>0x2788</run_address>
         <size>0x18</size>
         <alignment>0x4</alignment>
         <input_file_ref idref="fl-1"/>
      </object_component>
      <object_component id="oc-16d">
         <name>.text.DL_GPIO_reset</name>
         <load_address>0x27a0</load_address>
         <readonly>true</readonly>
         <executable>true</executable>
         <run_address>0x27a0</run_address>
         <size>0x18</size>
         <alignment>0x4</alignment>
         <input_file_ref idref="fl-1"/>
      </object_component>
      <object_component id="oc-116">
         <name>.text.DL_GPIO_setPins</name>
         <load_address>0x27b8</load_address>
         <readonly>true</readonly>
         <executable>true</executable>
         <run_address>0x27b8</run_address>
         <size>0x18</size>
         <alignment>0x4</alignment>
         <input_file_ref idref="fl-7"/>
      </object_component>
      <object_component id="oc-17e">
         <name>.text.DL_GPIO_setUpperPinsPolarity</name>
         <load_address>0x27d0</load_address>
         <readonly>true</readonly>
         <executable>true</executable>
         <run_address>0x27d0</run_address>
         <size>0x18</size>
         <alignment>0x2</alignment>
         <input_file_ref idref="fl-1"/>
      </object_component>
      <object_component id="oc-1a8">
         <name>.text.DL_I2C_enableAnalogGlitchFilter</name>
         <load_address>0x27e8</load_address>
         <readonly>true</readonly>
         <executable>true</executable>
         <run_address>0x27e8</run_address>
         <size>0x18</size>
         <alignment>0x2</alignment>
         <input_file_ref idref="fl-1"/>
      </object_component>
      <object_component id="oc-1af">
         <name>.text.DL_I2C_enableController</name>
         <load_address>0x2800</load_address>
         <readonly>true</readonly>
         <executable>true</executable>
         <run_address>0x2800</run_address>
         <size>0x18</size>
         <alignment>0x4</alignment>
         <input_file_ref idref="fl-1"/>
      </object_component>
      <object_component id="oc-1ae">
         <name>.text.DL_I2C_enableControllerClockStretching</name>
         <load_address>0x2818</load_address>
         <readonly>true</readonly>
         <executable>true</executable>
         <run_address>0x2818</run_address>
         <size>0x18</size>
         <alignment>0x4</alignment>
         <input_file_ref idref="fl-1"/>
      </object_component>
      <object_component id="oc-173">
         <name>.text.DL_I2C_enablePower</name>
         <load_address>0x2830</load_address>
         <readonly>true</readonly>
         <executable>true</executable>
         <run_address>0x2830</run_address>
         <size>0x18</size>
         <alignment>0x4</alignment>
         <input_file_ref idref="fl-1"/>
      </object_component>
      <object_component id="oc-16f">
         <name>.text.DL_I2C_reset</name>
         <load_address>0x2848</load_address>
         <readonly>true</readonly>
         <executable>true</executable>
         <run_address>0x2848</run_address>
         <size>0x18</size>
         <alignment>0x4</alignment>
         <input_file_ref idref="fl-1"/>
      </object_component>
      <object_component id="oc-1ab">
         <name>.text.DL_I2C_setTimerPeriod</name>
         <load_address>0x2860</load_address>
         <readonly>true</readonly>
         <executable>true</executable>
         <run_address>0x2860</run_address>
         <size>0x18</size>
         <alignment>0x4</alignment>
         <input_file_ref idref="fl-1"/>
      </object_component>
      <object_component id="oc-182">
         <name>.text.DL_SYSCTL_setBORThreshold</name>
         <load_address>0x2878</load_address>
         <readonly>true</readonly>
         <executable>true</executable>
         <run_address>0x2878</run_address>
         <size>0x18</size>
         <alignment>0x4</alignment>
         <input_file_ref idref="fl-1"/>
      </object_component>
      <object_component id="oc-172">
         <name>.text.DL_Timer_enablePower</name>
         <load_address>0x2890</load_address>
         <readonly>true</readonly>
         <executable>true</executable>
         <run_address>0x2890</run_address>
         <size>0x18</size>
         <alignment>0x4</alignment>
         <input_file_ref idref="fl-1"/>
      </object_component>
      <object_component id="oc-16e">
         <name>.text.DL_Timer_reset</name>
         <load_address>0x28a8</load_address>
         <readonly>true</readonly>
         <executable>true</executable>
         <run_address>0x28a8</run_address>
         <size>0x18</size>
         <alignment>0x4</alignment>
         <input_file_ref idref="fl-1"/>
      </object_component>
      <object_component id="oc-197">
         <name>.text.DL_Timer_setCaptureCompareOutCtl</name>
         <load_address>0x28c0</load_address>
         <readonly>true</readonly>
         <executable>true</executable>
         <run_address>0x28c0</run_address>
         <size>0x18</size>
         <alignment>0x4</alignment>
         <input_file_ref idref="fl-19"/>
      </object_component>
      <object_component id="oc-147">
         <name>.text.DL_Timer_startCounter</name>
         <load_address>0x28d8</load_address>
         <readonly>true</readonly>
         <executable>true</executable>
         <run_address>0x28d8</run_address>
         <size>0x18</size>
         <alignment>0x4</alignment>
         <input_file_ref idref="fl-7"/>
      </object_component>
      <object_component id="oc-174">
         <name>.text.DL_UART_enablePower</name>
         <load_address>0x28f0</load_address>
         <readonly>true</readonly>
         <executable>true</executable>
         <run_address>0x28f0</run_address>
         <size>0x18</size>
         <alignment>0x4</alignment>
         <input_file_ref idref="fl-1"/>
      </object_component>
      <object_component id="oc-170">
         <name>.text.DL_UART_reset</name>
         <load_address>0x2908</load_address>
         <readonly>true</readonly>
         <executable>true</executable>
         <run_address>0x2908</run_address>
         <size>0x18</size>
         <alignment>0x4</alignment>
         <input_file_ref idref="fl-1"/>
      </object_component>
      <object_component id="oc-14a">
         <name>.text._outs</name>
         <load_address>0x2920</load_address>
         <readonly>true</readonly>
         <executable>true</executable>
         <run_address>0x2920</run_address>
         <size>0x18</size>
         <alignment>0x2</alignment>
         <input_file_ref idref="fl-32"/>
      </object_component>
      <object_component id="oc-167">
         <name>.text.DL_GPIO_readPins</name>
         <load_address>0x2938</load_address>
         <readonly>true</readonly>
         <executable>true</executable>
         <run_address>0x2938</run_address>
         <size>0x16</size>
         <alignment>0x2</alignment>
         <input_file_ref idref="fl-5"/>
      </object_component>
      <object_component id="oc-1bb">
         <name>.text.DL_UART_enable</name>
         <load_address>0x294e</load_address>
         <readonly>true</readonly>
         <executable>true</executable>
         <run_address>0x294e</run_address>
         <size>0x16</size>
         <alignment>0x2</alignment>
         <input_file_ref idref="fl-1"/>
      </object_component>
      <object_component id="oc-117">
         <name>.text.DL_GPIO_clearPins</name>
         <load_address>0x2964</load_address>
         <readonly>true</readonly>
         <executable>true</executable>
         <run_address>0x2964</run_address>
         <size>0x14</size>
         <alignment>0x2</alignment>
         <input_file_ref idref="fl-7"/>
      </object_component>
      <object_component id="oc-17d">
         <name>.text.DL_GPIO_clearPins</name>
         <load_address>0x2978</load_address>
         <readonly>true</readonly>
         <executable>true</executable>
         <run_address>0x2978</run_address>
         <size>0x14</size>
         <alignment>0x2</alignment>
         <input_file_ref idref="fl-1"/>
      </object_component>
      <object_component id="oc-1be">
         <name>.text.DL_I2C_getControllerStatus</name>
         <load_address>0x298c</load_address>
         <readonly>true</readonly>
         <executable>true</executable>
         <run_address>0x298c</run_address>
         <size>0x14</size>
         <alignment>0x4</alignment>
         <input_file_ref idref="fl-8"/>
      </object_component>
      <object_component id="oc-1aa">
         <name>.text.DL_I2C_resetControllerTransfer</name>
         <load_address>0x29a0</load_address>
         <readonly>true</readonly>
         <executable>true</executable>
         <run_address>0x29a0</run_address>
         <size>0x14</size>
         <alignment>0x4</alignment>
         <input_file_ref idref="fl-1"/>
      </object_component>
      <object_component id="oc-186">
         <name>.text.DL_SYSCTL_disableSYSPLL</name>
         <load_address>0x29b4</load_address>
         <readonly>true</readonly>
         <executable>true</executable>
         <run_address>0x29b4</run_address>
         <size>0x14</size>
         <alignment>0x4</alignment>
         <input_file_ref idref="fl-1"/>
      </object_component>
      <object_component id="oc-18f">
         <name>.text.DL_SYSCTL_enableSYSPLL</name>
         <load_address>0x29c8</load_address>
         <readonly>true</readonly>
         <executable>true</executable>
         <run_address>0x29c8</run_address>
         <size>0x14</size>
         <alignment>0x4</alignment>
         <input_file_ref idref="fl-1"/>
      </object_component>
      <object_component id="oc-199">
         <name>.text.DL_Timer_enableClock</name>
         <load_address>0x29dc</load_address>
         <readonly>true</readonly>
         <executable>true</executable>
         <run_address>0x29dc</run_address>
         <size>0x14</size>
         <alignment>0x4</alignment>
         <input_file_ref idref="fl-1"/>
      </object_component>
      <object_component id="oc-19a">
         <name>.text.DL_Timer_setCCPDirection</name>
         <load_address>0x29f0</load_address>
         <readonly>true</readonly>
         <executable>true</executable>
         <run_address>0x29f0</run_address>
         <size>0x14</size>
         <alignment>0x2</alignment>
         <input_file_ref idref="fl-1"/>
      </object_component>
      <object_component id="oc-60">
         <name>.text.DL_GPIO_getPendingInterrupt</name>
         <load_address>0x2a04</load_address>
         <readonly>true</readonly>
         <executable>true</executable>
         <run_address>0x2a04</run_address>
         <size>0x12</size>
         <alignment>0x2</alignment>
         <input_file_ref idref="fl-6"/>
      </object_component>
      <object_component id="oc-6b">
         <name>.text.DL_Timer_getPendingInterrupt</name>
         <load_address>0x2a16</load_address>
         <readonly>true</readonly>
         <executable>true</executable>
         <run_address>0x2a16</run_address>
         <size>0x12</size>
         <alignment>0x2</alignment>
         <input_file_ref idref="fl-7"/>
      </object_component>
      <object_component id="oc-1b1">
         <name>.text.DL_UART_setClockConfig</name>
         <load_address>0x2a28</load_address>
         <readonly>true</readonly>
         <executable>true</executable>
         <run_address>0x2a28</run_address>
         <size>0x12</size>
         <alignment>0x2</alignment>
         <input_file_ref idref="fl-1a"/>
      </object_component>
      <object_component id="oc-d0">
         <name>.text:TI_memcpy_small</name>
         <load_address>0x2a3a</load_address>
         <readonly>true</readonly>
         <executable>true</executable>
         <run_address>0x2a3a</run_address>
         <size>0x12</size>
         <alignment>0x1</alignment>
         <input_file_ref idref="fl-11c"/>
      </object_component>
      <object_component id="oc-20">
         <name>.text:decompress:none</name>
         <load_address>0x2a4c</load_address>
         <readonly>true</readonly>
         <executable>true</executable>
         <run_address>0x2a4c</run_address>
         <size>0x12</size>
         <alignment>0x2</alignment>
         <input_file_ref idref="fl-39"/>
      </object_component>
      <object_component id="oc-185">
         <name>.text.DL_SYSCTL_disableHFXT</name>
         <load_address>0x2a60</load_address>
         <readonly>true</readonly>
         <executable>true</executable>
         <run_address>0x2a60</run_address>
         <size>0x10</size>
         <alignment>0x4</alignment>
         <input_file_ref idref="fl-1"/>
      </object_component>
      <object_component id="oc-1de">
         <name>.text.DL_SYSCTL_isFCCDone</name>
         <load_address>0x2a70</load_address>
         <readonly>true</readonly>
         <executable>true</executable>
         <run_address>0x2a70</run_address>
         <size>0x10</size>
         <alignment>0x2</alignment>
         <input_file_ref idref="fl-1"/>
      </object_component>
      <object_component id="oc-1dd">
         <name>.text.DL_SYSCTL_startFCC</name>
         <load_address>0x2a80</load_address>
         <readonly>true</readonly>
         <executable>true</executable>
         <run_address>0x2a80</run_address>
         <size>0x10</size>
         <alignment>0x4</alignment>
         <input_file_ref idref="fl-1"/>
      </object_component>
      <object_component id="oc-12b">
         <name>.text.DL_Timer_setCaptureCompareValue</name>
         <load_address>0x2a90</load_address>
         <readonly>true</readonly>
         <executable>true</executable>
         <run_address>0x2a90</run_address>
         <size>0x10</size>
         <alignment>0x4</alignment>
         <input_file_ref idref="fl-19"/>
      </object_component>
      <object_component id="oc-56">
         <name>.text:decompress:ZI</name>
         <load_address>0x2aa0</load_address>
         <readonly>true</readonly>
         <executable>true</executable>
         <run_address>0x2aa0</run_address>
         <size>0x10</size>
         <alignment>0x2</alignment>
         <input_file_ref idref="fl-38"/>
      </object_component>
      <object_component id="oc-1f2">
         <name>.text.__aeabi_memset</name>
         <load_address>0x2ab0</load_address>
         <readonly>true</readonly>
         <executable>true</executable>
         <run_address>0x2ab0</run_address>
         <size>0xe</size>
         <alignment>0x4</alignment>
         <input_file_ref idref="fl-113"/>
      </object_component>
      <object_component id="oc-1f1">
         <name>.text.strlen</name>
         <load_address>0x2abe</load_address>
         <readonly>true</readonly>
         <executable>true</executable>
         <run_address>0x2abe</run_address>
         <size>0xe</size>
         <alignment>0x2</alignment>
         <input_file_ref idref="fl-3b"/>
      </object_component>
      <object_component id="oc-132">
         <name>.text:TI_memset_small</name>
         <load_address>0x2acc</load_address>
         <readonly>true</readonly>
         <executable>true</executable>
         <run_address>0x2acc</run_address>
         <size>0xe</size>
         <alignment>0x1</alignment>
         <input_file_ref idref="fl-11d"/>
      </object_component>
      <object_component id="oc-1df">
         <name>.text.DL_SYSCTL_readFCC</name>
         <load_address>0x2adc</load_address>
         <readonly>true</readonly>
         <executable>true</executable>
         <run_address>0x2adc</run_address>
         <size>0xc</size>
         <alignment>0x4</alignment>
         <input_file_ref idref="fl-1"/>
      </object_component>
      <object_component id="oc-79">
         <name>.text.__aeabi_memclr</name>
         <load_address>0x2ae8</load_address>
         <readonly>true</readonly>
         <executable>true</executable>
         <run_address>0x2ae8</run_address>
         <size>0xc</size>
         <alignment>0x4</alignment>
         <input_file_ref idref="fl-113"/>
      </object_component>
      <object_component id="oc-151">
         <name>.text.DL_Common_delayCycles</name>
         <load_address>0x2af4</load_address>
         <readonly>true</readonly>
         <executable>true</executable>
         <run_address>0x2af4</run_address>
         <size>0xa</size>
         <alignment>0x2</alignment>
         <input_file_ref idref="fl-17"/>
      </object_component>
      <object_component id="oc-14b">
         <name>.text._outc</name>
         <load_address>0x2afe</load_address>
         <readonly>true</readonly>
         <executable>true</executable>
         <run_address>0x2afe</run_address>
         <size>0xa</size>
         <alignment>0x2</alignment>
         <input_file_ref idref="fl-32"/>
      </object_component>
      <object_component id="oc-49">
         <name>.text.__aeabi_memcpy</name>
         <load_address>0x2b08</load_address>
         <readonly>true</readonly>
         <executable>true</executable>
         <run_address>0x2b08</run_address>
         <size>0x8</size>
         <alignment>0x4</alignment>
         <input_file_ref idref="fl-112"/>
      </object_component>
      <object_component id="oc-f9">
         <name>.text:abort</name>
         <load_address>0x2b10</load_address>
         <readonly>true</readonly>
         <executable>true</executable>
         <run_address>0x2b10</run_address>
         <size>0x6</size>
         <alignment>0x2</alignment>
         <input_file_ref idref="fl-3d"/>
      </object_component>
      <object_component id="oc-33">
         <name>.text.Default_Handler</name>
         <load_address>0x2b16</load_address>
         <readonly>true</readonly>
         <executable>true</executable>
         <run_address>0x2b16</run_address>
         <size>0x4</size>
         <alignment>0x2</alignment>
         <input_file_ref idref="fl-2"/>
      </object_component>
      <object_component id="oc-157">
         <name>.text.HOSTexit</name>
         <load_address>0x2b1a</load_address>
         <readonly>true</readonly>
         <executable>true</executable>
         <run_address>0x2b1a</run_address>
         <size>0x4</size>
         <alignment>0x2</alignment>
         <input_file_ref idref="fl-f0"/>
      </object_component>
[...]
      </symbol>
      <symbol id="sm-1c4">
         <name>limit_duty</name>
         <value>0x255d</value>
         <object_component_ref idref="oc-c6"/>
      </symbol>
      <symbol id="sm-1c5">
         <name>motor_set_duty</name>
         <value>0x1e39</value>
         <object_component_ref idref="oc-c7"/>
      </symbol>
      <symbol id="sm-1c6">
         <name>motor_set_direction</name>
         <value>0xa59</value>
         <object_component_ref idref="oc-99"/>
      </symbol>
      <symbol id="sm-1c7">
         <name>calculate_speed</name>
         <value>0x11dd</value>
         <object_component_ref idref="oc-71"/>
      </symbol>
      <symbol id="sm-1c8">
         <name>speed_1</name>
         <value>0x20200578</value>
         <object_component_ref idref="oc-b8"/>
      </symbol>
      <symbol id="sm-1c9">
         <name>speed_2</name>
         <value>0x2020057c</value>
         <object_component_ref idref="oc-b9"/>
      </symbol>
      <symbol id="sm-1ca">
         <name>DC_MOTOR_PID</name>
         <value>0x91d</value>
         <object_component_ref idref="oc-72"/>
      </symbol>
      <symbol id="sm-1cb">
         <name>target_speed_1</name>
         <value>0x20200584</value>
         <object_component_ref idref="oc-a0"/>
      </symbol>
      <symbol id="sm-1cc">
         <name>current_error_1</name>
         <value>0x20200560</value>
         <object_component_ref idref="oc-c8"/>
      </symbol>
      <symbol id="sm-1cd">
         <name>kp</name>
         <value>0x2020056c</value>
         <object_component_ref idref="oc-c9"/>
      </symbol>
      <symbol id="sm-1ce">
         <name>last_error_1</name>
         <value>0x20200570</value>
         <object_component_ref idref="oc-ca"/>
      </symbol>
      <symbol id="sm-1cf">
         <name>ki</name>
         <value>0x20200568</value>
         <object_component_ref idref="oc-cb"/>
      </symbol>
      <symbol id="sm-1d0">
         <name>PWM_1_duty</name>
         <value>0x2020058c</value>
         <object_component_ref idref="oc-cc"/>
      </symbol>
      <symbol id="sm-1d1">
         <name>target_speed_2</name>
         <value>0x20200588</value>
         <object_component_ref idref="oc-a1"/>
      </symbol>
      <symbol id="sm-1d2">
         <name>current_error_2</name>
         <value>0x20200564</value>
         <object_component_ref idref="oc-cd"/>
      </symbol>
      <symbol id="sm-1d3">
         <name>last_error_2</name>
         <value>0x20200574</value>
         <object_component_ref idref="oc-ce"/>
      </symbol>
      <symbol id="sm-1d4">
         <name>PWM_2_duty</name>
         <value>0x2020058e</value>
         <object_component_ref idref="oc-cf"/>
      </symbol>
      <symbol id="sm-1d5">
         <name>TIMA0_IRQHandler</name>
         <value>0x205d</value>
         <object_component_ref idref="oc-39"/>
      </symbol>
      <symbol id="sm-1f6">
         <name>OLED_ColorTurn</name>
         <value>0x21f9</value>
         <object_component_ref idref="oc-e4"/>
      </symbol>
      <symbol id="sm-1f7">
         <name>OLED_WR_Byte</name>
         <value>0x1819</value>
         <object_component_ref idref="oc-142"/>
      </symbol>
      <symbol id="sm-1f8">
         <name>OLED_DisplayTurn</name>
         <value>0x1ecd</value>
         <object_component_ref idref="oc-e5"/>
      </symbol>
      <symbol id="sm-1f9">
         <name>OLED_Refresh</name>
         <value>0x16a5</value>
         <object_component_ref idref="oc-145"/>
      </symbol>
      <symbol id="sm-1fa">
         <name>OLED_GRAM</name>
         <value>0x20200000</value>
      </symbol>
      <symbol id="sm-1fb">
         <name>OLED_Clear</name>
         <value>0x1b89</value>
         <object_component_ref idref="oc-e6"/>
      </symbol>
      <symbol id="sm-1fc">
         <name>OLED_Init</name>
         <value>0xd65</value>
         <object_component_ref idref="oc-df"/>
      </symbol>
      <symbol id="sm-207">
         <name>UART_send_char</name>
         <value>0x2709</value>
         <object_component_ref idref="oc-14e"/>
      </symbol>
      <symbol id="sm-208">
         <name>UART_send_string</name>
         <value>0x2349</value>
         <object_component_ref idref="oc-ef"/>
      </symbol>
      <symbol id="sm-209">
         <name>__TI_ATRegion0_src_addr</name>
         <value>0x0</value>
      </symbol>
      <symbol id="sm-20a">
         <name>__TI_ATRegion0_trg_addr</name>
         <value>0x0</value>
      </symbol>
      <symbol id="sm-20b">
         <name>__TI_ATRegion0_region_sz</name>
         <value>0x0</value>
      </symbol>
      <symbol id="sm-20c">
         <name>__TI_ATRegion1_src_addr</name>
         <value>0x0</value>
      </symbol>
      <symbol id="sm-20d">
         <name>__TI_ATRegion1_trg_addr</name>
         <value>0x0</value>
      </symbol>
      <symbol id="sm-20e">
         <name>__TI_ATRegion1_region_sz</name>
         <value>0x0</value>
      </symbol>
      <symbol id="sm-20f">
         <name>__TI_ATRegion2_src_addr</name>
         <value>0x0</value>
      </symbol>
      <symbol id="sm-210">
         <name>__TI_ATRegion2_trg_addr</name>
         <value>0x0</value>
      </symbol>
      <symbol id="sm-211">
         <name>__TI_ATRegion2_region_sz</name>
         <value>0x0</value>
      </symbol>
      <symbol id="sm-21a">
         <name>DL_Common_delayCycles</name>
         <value>0x2af5</value>
         <object_component_ref idref="oc-151"/>
      </symbol>
      <symbol id="sm-226">
         <name>DL_I2C_setClockConfig</name>
         <value>0x248b</value>
         <object_component_ref idref="oc-1a1"/>
      </symbol>
      <symbol id="sm-227">
         <name>DL_I2C_fillControllerTXFIFO</name>
         <value>0x1c49</value>
         <object_component_ref idref="oc-1bf"/>
      </symbol>
      <symbol id="sm-243">
         <name>DL_Timer_setClockConfig</name>
         <value>0x26d1</value>
         <object_component_ref idref="oc-194"/>
      </symbol>
      <symbol id="sm-244">
         <name>DL_Timer_initTimerMode</name>
         <value>0xc69</value>
         <object_component_ref idref="oc-19d"/>
      </symbol>
      <symbol id="sm-245">
         <name>DL_Timer_setCaptureCompareValue</name>
         <value>0x2a91</value>
         <object_component_ref idref="oc-12b"/>
      </symbol>
      <symbol id="sm-246">
         <name>DL_Timer_setCaptCompUpdateMethod</name>
         <value>0x26b5</value>
         <object_component_ref idref="oc-198"/>
      </symbol>
      <symbol id="sm-247">
         <name>DL_Timer_setCaptureCompareOutCtl</name>
         <value>0x28c1</value>
         <object_component_ref idref="oc-197"/>
      </symbol>
      <symbol id="sm-248">
         <name>DL_Timer_initFourCCPWMMode</name>
         <value>0xb65</value>
         <object_component_ref idref="oc-195"/>
      </symbol>
      <symbol id="sm-258">
         <name>DL_UART_init</name>
         <value>0x1e85</value>
         <object_component_ref idref="oc-1b7"/>
      </symbol>
      <symbol id="sm-259">
         <name>DL_UART_setClockConfig</name>
         <value>0x2a29</value>
         <object_component_ref idref="oc-1b1"/>
      </symbol>
      <symbol id="sm-25a">
         <name>DL_UART_transmitDataBlocking</name>
         <value>0x2295</value>
         <object_component_ref idref="oc-1c9"/>
      </symbol>
      <symbol id="sm-26e">
         <name>DL_SYSCTL_configSYSPLL</name>
         <value>0x1029</value>
         <object_component_ref idref="oc-18d"/>
      </symbol>
      <symbol id="sm-26f">
         <name>DL_SYSCTL_switchMCLKfromSYSOSCtoHSCLK</name>
         <value>0x1f5d</value>
         <object_component_ref idref="oc-192"/>
      </symbol>
      <symbol id="sm-270">
         <name>DL_SYSCTL_setHFCLKSourceHFXTParams</name>
         <value>0x1a5d</value>
         <object_component_ref idref="oc-187"/>
      </symbol>
      <symbol id="sm-271">
         <name>DL_SYSCTL_configFCC</name>
         <value>0x2629</value>
         <object_component_ref idref="oc-1dc"/>
      </symbol>
      <symbol id="sm-282">
         <name>sprintf</name>
         <value>0x21c1</value>
         <object_component_ref idref="oc-e9"/>
      </symbol>
      <symbol id="sm-28d">
         <name>_c_int00_noargs</name>
         <value>0x243d</value>
         <object_component_ref idref="oc-59"/>
      </symbol>
      <symbol id="sm-28e">
         <name>__stack</name>
         <value>0x20207e00</value>
         <object_component_ref idref="oc-1a"/>
      </symbol>
      <symbol id="sm-29a">
         <name>__TI_auto_init_nobinit_nopinit</name>
         <value>0x20d5</value>
         <object_component_ref idref="oc-100"/>
      </symbol>
      <symbol id="sm-2a2">
         <name>_system_pre_init</name>
         <value>0x2b23</value>
         <object_component_ref idref="oc-7e"/>
      </symbol>
      <symbol id="sm-2ad">
         <name>__TI_zero_init</name>
         <value>0x2aa1</value>
         <object_component_ref idref="oc-56"/>
      </symbol>
      <symbol id="sm-2b6">
         <name>__TI_decompress_none</name>
         <value>0x2a4d</value>
         <object_component_ref idref="oc-20"/>
      </symbol>
      <symbol id="sm-2c1">
         <name>__TI_decompress_lzss</name>
         <value>0x179d</value>
         <object_component_ref idref="oc-1c"/>
      </symbol>
      <symbol id="sm-2d7">
         <name>__TI_printfi_minimal</name>
         <value>0x4b5</value>
         <object_component_ref idref="oc-1c1"/>
      </symbol>
      <symbol id="sm-2e2">
         <name>abort</name>
         <value>0x2b11</value>
         <object_component_ref idref="oc-f9"/>
      </symbol>
      <symbol id="sm-2f1">
         <name>memccpy</name>
         <value>0x24f9</value>
         <object_component_ref idref="oc-1f3"/>
      </symbol>
      <symbol id="sm-304">
         <name>HOSTexit</name>
         <value>0x2b1b</value>
         <object_component_ref idref="oc-157"/>
      </symbol>
      <symbol id="sm-305">
         <name>C$$EXIT</name>
         <value>0x2b1a</value>
         <object_component_ref idref="oc-157"/>
      </symbol>
      <symbol id="sm-31a">
         <name>__aeabi_fadd</name>
         <value>0x110f</value>
         <object_component_ref idref="oc-ba"/>
      </symbol>
      <symbol id="sm-31b">
         <name>__addsf3</name>
         <value>0x110f</value>
         <object_component_ref idref="oc-ba"/>
      </symbol>
      <symbol id="sm-31c">
         <name>__aeabi_fsub</name>
         <value>0x1105</value>
         <object_component_ref idref="oc-ba"/>
      </symbol>
      <symbol id="sm-31d">
         <name>__subsf3</name>
         <value>0x1105</value>
         <object_component_ref idref="oc-ba"/>
      </symbol>
      <symbol id="sm-323">
         <name>__aeabi_dmul</name>
         <value>0xf45</value>
         <object_component_ref idref="oc-b0"/>
      </symbol>
      <symbol id="sm-324">
         <name>__muldf3</name>
         <value>0xf45</value>
         <object_component_ref idref="oc-b0"/>
      </symbol>
      <symbol id="sm-32a">
         <name>__muldsi3</name>
         <value>0x214d</value>
         <object_component_ref idref="oc-122"/>
      </symbol>
      <symbol id="sm-330">
         <name>__aeabi_fmul</name>
         <value>0x1509</value>
         <object_component_ref idref="oc-be"/>
      </symbol>
      <symbol id="sm-331">
         <name>__mulsf3</name>
         <value>0x1509</value>
         <object_component_ref idref="oc-be"/>
      </symbol>
      <symbol id="sm-337">
         <name>__aeabi_fdiv</name>
         <value>0x1621</value>
         <object_component_ref idref="oc-a8"/>
      </symbol>
      <symbol id="sm-338">
         <name>__divsf3</name>
         <value>0x1621</value>
         <object_component_ref idref="oc-a8"/>
      </symbol>
      <symbol id="sm-33e">
         <name>__aeabi_f2d</name>
         <value>0x1fe1</value>
         <object_component_ref idref="oc-ac"/>
      </symbol>
      <symbol id="sm-33f">
         <name>__extendsfdf2</name>
         <value>0x1fe1</value>
         <object_component_ref idref="oc-ac"/>
      </symbol>
      <symbol id="sm-345">
         <name>__aeabi_f2iz</name>
         <value>0x2189</value>
         <object_component_ref idref="oc-c2"/>
      </symbol>
      <symbol id="sm-346">
         <name>__fixsfsi</name>
         <value>0x2189</value>
         <object_component_ref idref="oc-c2"/>
      </symbol>
      <symbol id="sm-34c">
         <name>__aeabi_ui2d</name>
         <value>0x24d5</value>
         <object_component_ref idref="oc-1e4"/>
      </symbol>
      <symbol id="sm-34d">
         <name>__floatunsidf</name>
         <value>0x24d5</value>
         <object_component_ref idref="oc-1e4"/>
      </symbol>
      <symbol id="sm-353">
         <name>__aeabi_ui2f</name>
         <value>0x2415</value>
         <object_component_ref idref="oc-a4"/>
      </symbol>
      <symbol id="sm-354">
         <name>__floatunsisf</name>
         <value>0x2415</value>
         <object_component_ref idref="oc-a4"/>
      </symbol>
      <symbol id="sm-35b">
         <name>__aeabi_d2f</name>
         <value>0x1981</value>
         <object_component_ref idref="oc-b4"/>
      </symbol>
      <symbol id="sm-35c">
         <name>__truncdfsf2</name>
         <value>0x1981</value>
         <object_component_ref idref="oc-b4"/>
      </symbol>
      <symbol id="sm-362">
         <name>__aeabi_dcmpeq</name>
         <value>0x1ac1</value>
         <object_component_ref idref="oc-1e8"/>
      </symbol>
      <symbol id="sm-363">
         <name>__aeabi_dcmplt</name>
         <value>0x1ad5</value>
         <object_component_ref idref="oc-1e8"/>
      </symbol>
      <symbol id="sm-364">
         <name>__aeabi_dcmple</name>
         <value>0x1ae9</value>
         <object_component_ref idref="oc-1e8"/>
      </symbol>
      <symbol id="sm-365">
         <name>__aeabi_dcmpge</name>
         <value>0x1afd</value>
         <object_component_ref idref="oc-1e8"/>
      </symbol>
      <symbol id="sm-366">
         <name>__aeabi_dcmpgt</name>
         <value>0x1b11</value>
         <object_component_ref idref="oc-1e8"/>
      </symbol>
      <symbol id="sm-36c">
         <name>__aeabi_fcmpeq</name>
         <value>0x1b25</value>
         <object_component_ref idref="oc-9a"/>
      </symbol>
      <symbol id="sm-36d">
         <name>__aeabi_fcmplt</name>
         <value>0x1b39</value>
         <object_component_ref idref="oc-9a"/>
      </symbol>
      <symbol id="sm-36e">
         <name>__aeabi_fcmple</name>
         <value>0x1b4d</value>
         <object_component_ref idref="oc-9a"/>
      </symbol>
      <symbol id="sm-36f">
         <name>__aeabi_fcmpge</name>
         <value>0x1b61</value>
         <object_component_ref idref="oc-9a"/>
      </symbol>
      <symbol id="sm-370">
         <name>__aeabi_fcmpgt</name>
         <value>0x1b75</value>
         <object_component_ref idref="oc-9a"/>
      </symbol>
      <symbol id="sm-376">
         <name>__aeabi_idiv</name>
         <value>0x1ca9</value>
         <object_component_ref idref="oc-61"/>
      </symbol>
      <symbol id="sm-377">
         <name>__aeabi_idivmod</name>
         <value>0x1ca9</value>
         <object_component_ref idref="oc-61"/>
      </symbol>
      <symbol id="sm-37d">
         <name>__aeabi_memcpy</name>
         <value>0x2b09</value>
         <object_component_ref idref="oc-49"/>
      </symbol>
      <symbol id="sm-37e">
         <name>__aeabi_memcpy4</name>
         <value>0x2b09</value>
         <object_component_ref idref="oc-49"/>
      </symbol>
      <symbol id="sm-37f">
         <name>__aeabi_memcpy8</name>
         <value>0x2b09</value>
         <object_component_ref idref="oc-49"/>
      </symbol>
      <symbol id="sm-388">
         <name>__aeabi_memset</name>
         <value>0x2ab1</value>
         <object_component_ref idref="oc-1f2"/>
      </symbol>
      <symbol id="sm-389">
         <name>__aeabi_memset4</name>
         <value>0x2ab1</value>
         <object_component_ref idref="oc-1f2"/>
      </symbol>
      <symbol id="sm-38a">
         <name>__aeabi_memset8</name>
         <value>0x2ab1</value>
         <object_component_ref idref="oc-1f2"/>
      </symbol>
      <symbol id="sm-38b">
         <name>__aeabi_memclr</name>
         <value>0x2ae9</value>
         <object_component_ref idref="oc-79"/>
      </symbol>
      <symbol id="sm-38c">
         <name>__aeabi_memclr4</name>
         <value>0x2ae9</value>
         <object_component_ref idref="oc-79"/>
      </symbol>
      <symbol id="sm-38d">
         <name>__aeabi_memclr8</name>
         <value>0x2ae9</value>
         <object_component_ref idref="oc-79"/>
      </symbol>
      <symbol id="sm-393">
         <name>__aeabi_uidiv</name>
         <value>0x1fa1</value>
         <object_component_ref idref="oc-1e0"/>
      </symbol>
      <symbol id="sm-394">
         <name>__aeabi_uidivmod</name>
         <value>0x1fa1</value>
         <object_component_ref idref="oc-1e0"/>
      </symbol>
      <symbol id="sm-39d">
         <name>__eqsf2</name>
         <value>0x2111</value>
         <object_component_ref idref="oc-118"/>
      </symbol>
      <symbol id="sm-39e">
         <name>__lesf2</name>
         <value>0x2111</value>
         <object_component_ref idref="oc-118"/>
      </symbol>
      <symbol id="sm-39f">
         <name>__ltsf2</name>
         <value>0x2111</value>
         <object_component_ref idref="oc-118"/>
      </symbol>
      <symbol id="sm-3a0">
         <name>__nesf2</name>
         <value>0x2111</value>
         <object_component_ref idref="oc-118"/>
      </symbol>
      <symbol id="sm-3a1">
         <name>__cmpsf2</name>
         <value>0x2111</value>
         <object_component_ref idref="oc-118"/>
      </symbol>
      <symbol id="sm-3a2">
         <name>__gtsf2</name>
         <value>0x2099</value>
         <object_component_ref idref="oc-11d"/>
      </symbol>
      <symbol id="sm-3a3">
         <name>__gesf2</name>
         <value>0x2099</value>
         <object_component_ref idref="oc-11d"/>
      </symbol>
      <symbol id="sm-3b1">
         <name>__ledf2</name>
         <value>0x19f5</value>
         <object_component_ref idref="oc-216"/>
      </symbol>
      <symbol id="sm-3b2">
         <name>__gedf2</name>
         <value>0x1901</value>
         <object_component_ref idref="oc-21c"/>
      </symbol>
      <symbol id="sm-3b3">
         <name>__cmpdf2</name>
         <value>0x19f5</value>
         <object_component_ref idref="oc-216"/>
      </symbol>
      <symbol id="sm-3b4">
         <name>__eqdf2</name>
         <value>0x19f5</value>
         <object_component_ref idref="oc-216"/>
      </symbol>
      <symbol id="sm-3b5">
         <name>__ltdf2</name>
         <value>0x19f5</value>
         <object_component_ref idref="oc-216"/>
      </symbol>
      <symbol id="sm-3b6">
         <name>__nedf2</name>
         <value>0x19f5</value>
         <object_component_ref idref="oc-216"/>
      </symbol>
      <symbol id="sm-3b7">
         <name>__gtdf2</name>
         <value>0x1901</value>
         <object_component_ref idref="oc-21c"/>
      </symbol>
      <symbol id="sm-3c1">
         <name>__aeabi_idiv0</name>
         <value>0x16a3</value>
         <object_component_ref idref="oc-90"/>
      </symbol>
      <symbol id="sm-3cb">
         <name>TI_memcpy_small</name>
         <value>0x2a3b</value>
         <object_component_ref idref="oc-d0"/>
      </symbol>
      <symbol id="sm-3d4">
         <name>TI_memset_small</name>
         <value>0x2acd</value>
         <object_component_ref idref="oc-132"/>
      </symbol>
      <symbol id="sm-3d5">
         <name>__TI_static_base__</name>
         <value>0x0</value>
      </symbol>
      <symbol id="sm-3d8">
         <name>__mpu_init</name>
         <value>0x0</value>
      </symbol>
      <symbol id="sm-3d9">
         <name>_system_post_cinit</name>
         <value>0x0</value>
      </symbol>
   </symbol_table>
   <title>Link successful</title>
</link_info>
