<?xml version="1.0" encoding="ISO-8859-1" ?>
<link_info>
   <banner>TI ARM Clang Linker PC v4.0.4.LTS</banner>
   <copyright>Copyright (c) 1996-2018 Texas Instruments Incorporated</copyright>
   <command_line>E:\ti\ccs2050\ccs\tools\compiler\ti-cgt-armllvm_4.0.4.LTS\bin\tiarmlnk -IE:\ti\ccs2050\ccs\tools\compiler\ti-cgt-armllvm_4.0.4.LTS\lib -o 11_PID_car.out -m11_PID_car.map -iC:/TI/mspm0_sdk_2_10_00_04/source -iC:/Users/37558/workspace_ccstheia/11_PID_car -iC:/Users/37558/workspace_ccstheia/11_PID_car/Debug/syscfg -iE:/ti/ccs2050/ccs/tools/compiler/ti-cgt-armllvm_4.0.4.LTS/lib --diag_wrap=off --display_error_number --warn_sections --xml_link_info=11_PID_car_linkInfo.xml --rom_model ./ti_msp_dl_config.o ./startup_mspm0g350x_ticlang.o ./main.o ./user_driver/delay.o ./user_driver/huidu.o ./user_driver/key.o ./user_driver/motor.o ./user_driver/oled.o ./user_driver/uart.o -l./device_linker.cmd -ldevice.cmd.genlibs -llibc.a --start-group -llibc++.a -llibc++abi.a -llibc.a -llibsys.a -llibsysbm.a -llibclang_rt.builtins.a -llibclang_rt.profile.a --end-group --cg_opt_level=0</command_line>
   <link_time>0x6a09ca4a</link_time>
   <link_errors>0x0</link_errors>
   <output_file>C:\Users\37558\workspace_ccstheia\11_PID_car\Debug\11_PID_car.out</output_file>
   <entry_point>
      <name>_c_int00_noargs</name>
      <address>0x245d</address>
   </entry_point>
   <input_file_list>
      <input_file id="fl-1">
         <path>C:\Users\37558\workspace_ccstheia\11_PID_car\Debug\.\</path>
         <kind>object</kind>
         <file>ti_msp_dl_config.o</file>
         <name>ti_msp_dl_config.o</name>
      </input_file>
      <input_file id="fl-2">
         <path>C:\Users\37558\workspace_ccstheia\11_PID_car\Debug\.\</path>
         <kind>object</kind>
         <file>startup_mspm0g350x_ticlang.o</file>
         <name>startup_mspm0g350x_ticlang.o</name>
      </input_file>
      <input_file id="fl-3">
         <path>C:\Users\37558\workspace_ccstheia\11_PID_car\Debug\.\</path>
         <kind>object</kind>
         <file>main.o</file>
         <name>main.o</name>
      </input_file>
      <input_file id="fl-4">
         <path>C:\Users\37558\workspace_ccstheia\11_PID_car\Debug\.\user_driver\</path>
         <kind>object</kind>
         <file>delay.o</file>
         <name>delay.o</name>
      </input_file>
      <input_file id="fl-5">
         <path>C:\Users\37558\workspace_ccstheia\11_PID_car\Debug\.\user_driver\</path>
         <kind>object</kind>
         <file>huidu.o</file>
         <name>huidu.o</name>
      </input_file>
      <input_file id="fl-6">
         <path>C:\Users\37558\workspace_ccstheia\11_PID_car\Debug\.\user_driver\</path>
         <kind>object</kind>
         <file>key.o</file>
         <name>key.o</name>
      </input_file>
      <input_file id="fl-7">
         <path>C:\Users\37558\workspace_ccstheia\11_PID_car\Debug\.\user_driver\</path>
         <kind>object</kind>
         <file>motor.o</file>
         <name>motor.o</name>
      </input_file>
      <input_file id="fl-8">
         <path>C:\Users\37558\workspace_ccstheia\11_PID_car\Debug\.\user_driver\</path>
         <kind>object</kind>
         <file>oled.o</file>
         <name>oled.o</name>
      </input_file>
      <input_file id="fl-9">
         <path>C:\Users\37558\workspace_ccstheia\11_PID_car\Debug\.\user_driver\</path>
         <kind>object</kind>
         <file>uart.o</file>
         <name>uart.o</name>
      </input_file>
      <input_file id="fl-16">
         <path>C:\Users\37558\workspace_ccstheia\11_PID_car\Debug\</path>
         <kind>object</kind>
         <file>&lt;internal&gt;</file>
         <name>&lt;internal&gt;</name>
      </input_file>
      <input_file id="fl-17">
         <path>C:\TI\mspm0_sdk_2_10_00_04\source\ti\driverlib\lib\ticlang\m0p\mspm0g1x0x_g3x0x\</path>
         <kind>archive</kind>
         <file>driverlib.a</file>
         <name>dl_adc12.o</name>
      </input_file>
      <input_file id="fl-18">
         <path>C:\TI\mspm0_sdk_2_10_00_04\source\ti\driverlib\lib\ticlang\m0p\mspm0g1x0x_g3x0x\</path>
         <kind>archive</kind>
         <file>driverlib.a</file>
         <name>dl_common.o</name>
      </input_file>
      <input_file id="fl-19">
         <path>C:\TI\mspm0_sdk_2_10_00_04\source\ti\driverlib\lib\ticlang\m0p\mspm0g1x0x_g3x0x\</path>
         <kind>archive</kind>
         <file>driverlib.a</file>
         <name>dl_i2c.o</name>
      </input_file>
      <input_file id="fl-1a">
         <path>C:\TI\mspm0_sdk_2_10_00_04\source\ti\driverlib\lib\ticlang\m0p\mspm0g1x0x_g3x0x\</path>
         <kind>archive</kind>
         <file>driverlib.a</file>
         <name>dl_timer.o</name>
      </input_file>
      <input_file id="fl-1b">
         <path>C:\TI\mspm0_sdk_2_10_00_04\source\ti\driverlib\lib\ticlang\m0p\mspm0g1x0x_g3x0x\</path>
         <kind>archive</kind>
         <file>driverlib.a</file>
         <name>dl_uart.o</name>
      </input_file>
      <input_file id="fl-1c">
         <path>C:\TI\mspm0_sdk_2_10_00_04\source\ti\driverlib\lib\ticlang\m0p\mspm0g1x0x_g3x0x\</path>
         <kind>archive</kind>
         <file>driverlib.a</file>
         <name>dl_vref.o</name>
      </input_file>
      <input_file id="fl-1d">
         <path>C:\TI\mspm0_sdk_2_10_00_04\source\ti\driverlib\lib\ticlang\m0p\mspm0g1x0x_g3x0x\</path>
         <kind>archive</kind>
         <file>driverlib.a</file>
         <name>dl_sysctl_mspm0g1x0x_g3x0x.o</name>
      </input_file>
      <input_file id="fl-34">
         <path>E:\ti\ccs2050\ccs\tools\compiler\ti-cgt-armllvm_4.0.4.LTS\lib\armv6m-ti-none-eabi\c\</path>
         <kind>archive</kind>
         <file>libc.a</file>
         <name>sprintf.c.obj</name>
      </input_file>
      <input_file id="fl-35">
         <path>E:\ti\ccs2050\ccs\tools\compiler\ti-cgt-armllvm_4.0.4.LTS\lib\armv6m-ti-none-eabi\c\</path>
         <kind>archive</kind>
         <file>libc.a</file>
         <name>boot_cortex_m.c.obj</name>
      </input_file>
      <input_file id="fl-36">
         <path>E:\ti\ccs2050\ccs\tools\compiler\ti-cgt-armllvm_4.0.4.LTS\lib\armv6m-ti-none-eabi\c\</path>
         <kind>archive</kind>
         <file>libc.a</file>
         <name>mathacl_init.c.obj</name>
      </input_file>
      <input_file id="fl-37">
         <path>E:\ti\ccs2050\ccs\tools\compiler\ti-cgt-armllvm_4.0.4.LTS\lib\armv6m-ti-none-eabi\c\</path>
         <kind>archive</kind>
         <file>libc.a</file>
         <name>autoinit.c.obj</name>
      </input_file>
      <input_file id="fl-38">
         <path>E:\ti\ccs2050\ccs\tools\compiler\ti-cgt-armllvm_4.0.4.LTS\lib\armv6m-ti-none-eabi\c\</path>
         <kind>archive</kind>
         <file>libc.a</file>
         <name>pre_init.c.obj</name>
      </input_file>
      <input_file id="fl-39">
         <path>E:\ti\ccs2050\ccs\tools\compiler\ti-cgt-armllvm_4.0.4.LTS\lib\armv6m-ti-none-eabi\c\</path>
         <kind>archive</kind>
         <file>libc.a</file>
         <name>cpy_tbl.c.obj</name>
      </input_file>
      <input_file id="fl-3a">
         <path>E:\ti\ccs2050\ccs\tools\compiler\ti-cgt-armllvm_4.0.4.LTS\lib\armv6m-ti-none-eabi\c\</path>
         <kind>archive</kind>
         <file>libc.a</file>
         <name>copy_zero_init.c.obj</name>
      </input_file>
      <input_file id="fl-3b">
         <path>E:\ti\ccs2050\ccs\tools\compiler\ti-cgt-armllvm_4.0.4.LTS\lib\armv6m-ti-none-eabi\c\</path>
         <kind>archive</kind>
         <file>libc.a</file>
         <name>copy_decompress_none.c.obj</name>
      </input_file>
      <input_file id="fl-3c">
         <path>E:\ti\ccs2050\ccs\tools\compiler\ti-cgt-armllvm_4.0.4.LTS\lib\armv6m-ti-none-eabi\c\</path>
         <kind>archive</kind>
         <file>libc.a</file>
         <name>copy_decompress_lzss.c.obj</name>
      </input_file>
      <input_file id="fl-3d">
         <path>E:\ti\ccs2050\ccs\tools\compiler\ti-cgt-armllvm_4.0.4.LTS\lib\armv6m-ti-none-eabi\c\</path>
         <kind>archive</kind>
         <file>libc.a</file>
         <name>_printfi.c.obj</name>
      </input_file>
      <input_file id="fl-3e">
         <path>E:\ti\ccs2050\ccs\tools\compiler\ti-cgt-armllvm_4.0.4.LTS\lib\armv6m-ti-none-eabi\c\</path>
         <kind>archive</kind>
         <file>libc.a</file>
         <name>aeabi_portable.c.obj</name>
      </input_file>
      <input_file id="fl-3f">
         <path>E:\ti\ccs2050\ccs\tools\compiler\ti-cgt-armllvm_4.0.4.LTS\lib\armv6m-ti-none-eabi\c\</path>
         <kind>archive</kind>
         <file>libc.a</file>
         <name>exit.c.obj</name>
      </input_file>
      <input_file id="fl-40">
         <path>E:\ti\ccs2050\ccs\tools\compiler\ti-cgt-armllvm_4.0.4.LTS\lib\armv6m-ti-none-eabi\c\</path>
         <kind>archive</kind>
         <file>libc.a</file>
         <name>_lock.c.obj</name>
      </input_file>
      <input_file id="fl-41">
         <path>E:\ti\ccs2050\ccs\tools\compiler\ti-cgt-armllvm_4.0.4.LTS\lib\armv6m-ti-none-eabi\c\</path>
         <kind>archive</kind>
         <file>libc.a</file>
         <name>_ltoa.c.obj</name>
      </input_file>
      <input_file id="fl-42">
         <path>E:\ti\ccs2050\ccs\tools\compiler\ti-cgt-armllvm_4.0.4.LTS\lib\armv6m-ti-none-eabi\c\</path>
         <kind>archive</kind>
         <file>libc.a</file>
         <name>args_main.c.obj</name>
      </input_file>
      <input_file id="fl-43">
         <path>E:\ti\ccs2050\ccs\tools\compiler\ti-cgt-armllvm_4.0.4.LTS\lib\armv6m-ti-none-eabi\c\</path>
         <kind>archive</kind>
         <file>libc.a</file>
         <name>assert.c.obj</name>
      </input_file>
      <input_file id="fl-44">
         <path>E:\ti\ccs2050\ccs\tools\compiler\ti-cgt-armllvm_4.0.4.LTS\lib\armv6m-ti-none-eabi\c\</path>
         <kind>archive</kind>
         <file>libc.a</file>
         <name>atoi.c.obj</name>
      </input_file>
      <input_file id="fl-45">
         <path>E:\ti\ccs2050\ccs\tools\compiler\ti-cgt-armllvm_4.0.4.LTS\lib\armv6m-ti-none-eabi\c\</path>
         <kind>archive</kind>
         <file>libc.a</file>
         <name>defs.c.obj</name>
      </input_file>
      <input_file id="fl-46">
         <path>E:\ti\ccs2050\ccs\tools\compiler\ti-cgt-armllvm_4.0.4.LTS\lib\armv6m-ti-none-eabi\c\</path>
         <kind>archive</kind>
         <file>libc.a</file>
         <name>memccpy.c.obj</name>
      </input_file>
      <input_file id="fl-47">
         <path>E:\ti\ccs2050\ccs\tools\compiler\ti-cgt-armllvm_4.0.4.LTS\lib\armv6m-ti-none-eabi\c\</path>
         <kind>archive</kind>
         <file>libc.a</file>
         <name>memory.c.obj</name>
      </input_file>
      <input_file id="fl-48">
         <path>E:\ti\ccs2050\ccs\tools\compiler\ti-cgt-armllvm_4.0.4.LTS\lib\armv6m-ti-none-eabi\c\</path>
         <kind>archive</kind>
         <file>libc.a</file>
         <name>s_frexp.c.obj</name>
      </input_file>
      <input_file id="fl-49">
         <path>E:\ti\ccs2050\ccs\tools\compiler\ti-cgt-armllvm_4.0.4.LTS\lib\armv6m-ti-none-eabi\c\</path>
         <kind>archive</kind>
         <file>libc.a</file>
         <name>s_scalbn.c.obj</name>
      </input_file>
      <input_file id="fl-4a">
         <path>E:\ti\ccs2050\ccs\tools\compiler\ti-cgt-armllvm_4.0.4.LTS\lib\armv6m-ti-none-eabi\c\</path>
         <kind>archive</kind>
         <file>libc.a</file>
         <name>wcslen.c.obj</name>
      </input_file>
      <input_file id="fl-4b">
         <path>E:\ti\ccs2050\ccs\tools\compiler\ti-cgt-armllvm_4.0.4.LTS\lib\armv6m-ti-none-eabi\c\</path>
         <kind>archive</kind>
         <file>libc.a</file>
         <name>fflush.c.obj</name>
      </input_file>
      <input_file id="fl-4c">
         <path>E:\ti\ccs2050\ccs\tools\compiler\ti-cgt-armllvm_4.0.4.LTS\lib\armv6m-ti-none-eabi\c\</path>
         <kind>archive</kind>
         <file>libc.a</file>
         <name>fputs.c.obj</name>
      </input_file>
      <input_file id="fl-4d">
         <path>E:\ti\ccs2050\ccs\tools\compiler\ti-cgt-armllvm_4.0.4.LTS\lib\armv6m-ti-none-eabi\c\</path>
         <kind>archive</kind>
         <file>libc.a</file>
         <name>_io_perm.c.obj</name>
      </input_file>
      <input_file id="fl-4e">
         <path>E:\ti\ccs2050\ccs\tools\compiler\ti-cgt-armllvm_4.0.4.LTS\lib\armv6m-ti-none-eabi\c\</path>
         <kind>archive</kind>
         <file>libc.a</file>
         <name>setvbuf.c.obj</name>
      </input_file>
      <input_file id="fl-4f">
         <path>E:\ti\ccs2050\ccs\tools\compiler\ti-cgt-armllvm_4.0.4.LTS\lib\armv6m-ti-none-eabi\c\</path>
         <kind>archive</kind>
         <file>libc.a</file>
         <name>aeabi_ctype.S.obj</name>
      </input_file>
      <input_file id="fl-50">
         <path>E:\ti\ccs2050\ccs\tools\compiler\ti-cgt-armllvm_4.0.4.LTS\lib\armv6m-ti-none-eabi\c\</path>
         <kind>archive</kind>
         <file>libc.a</file>
         <name>fopen.c.obj</name>
      </input_file>
      <input_file id="fl-51">
         <path>E:\ti\ccs2050\ccs\tools\compiler\ti-cgt-armllvm_4.0.4.LTS\lib\armv6m-ti-none-eabi\c\</path>
         <kind>archive</kind>
         <file>libc.a</file>
         <name>fseek.c.obj</name>
      </input_file>
      <input_file id="fl-52">
         <path>E:\ti\ccs2050\ccs\tools\compiler\ti-cgt-armllvm_4.0.4.LTS\lib\armv6m-ti-none-eabi\c\</path>
         <kind>archive</kind>
         <file>libc.a</file>
         <name>fclose.c.obj</name>
      </input_file>
      <input_file id="fl-f2">
         <path>E:\ti\ccs2050\ccs\tools\compiler\ti-cgt-armllvm_4.0.4.LTS\lib\armv6m-ti-none-eabi\c\</path>
         <kind>archive</kind>
         <file>libsysbm.a</file>
         <name>hostexit.c.obj</name>
      </input_file>
      <input_file id="fl-f3">
         <path>E:\ti\ccs2050\ccs\tools\compiler\ti-cgt-armllvm_4.0.4.LTS\lib\armv6m-ti-none-eabi\c\</path>
         <kind>archive</kind>
         <file>libsysbm.a</file>
         <name>write.c.obj</name>
      </input_file>
      <input_file id="fl-f4">
         <path>E:\ti\ccs2050\ccs\tools\compiler\ti-cgt-armllvm_4.0.4.LTS\lib\armv6m-ti-none-eabi\c\</path>
         <kind>archive</kind>
         <file>libsysbm.a</file>
         <name>host_device.c.obj</name>
      </input_file>
      <input_file id="fl-f5">
         <path>E:\ti\ccs2050\ccs\tools\compiler\ti-cgt-armllvm_4.0.4.LTS\lib\armv6m-ti-none-eabi\c\</path>
         <kind>archive</kind>
         <file>libsysbm.a</file>
         <name>remove.c.obj</name>
      </input_file>
      <input_file id="fl-f6">
         <path>E:\ti\ccs2050\ccs\tools\compiler\ti-cgt-armllvm_4.0.4.LTS\lib\armv6m-ti-none-eabi\c\</path>
         <kind>archive</kind>
         <file>libsysbm.a</file>
         <name>open.c.obj</name>
      </input_file>
      <input_file id="fl-f7">
         <path>E:\ti\ccs2050\ccs\tools\compiler\ti-cgt-armllvm_4.0.4.LTS\lib\armv6m-ti-none-eabi\c\</path>
         <kind>archive</kind>
         <file>libsysbm.a</file>
         <name>lseek.c.obj</name>
      </input_file>
      <input_file id="fl-f8">
         <path>E:\ti\ccs2050\ccs\tools\compiler\ti-cgt-armllvm_4.0.4.LTS\lib\armv6m-ti-none-eabi\c\</path>
         <kind>archive</kind>
         <file>libsysbm.a</file>
         <name>close.c.obj</name>
      </input_file>
      <input_file id="fl-f9">
         <path>E:\ti\ccs2050\ccs\tools\compiler\ti-cgt-armllvm_4.0.4.LTS\lib\armv6m-ti-none-eabi\c\</path>
         <kind>archive</kind>
         <file>libsysbm.a</file>
         <name>unlink.c.obj</name>
      </input_file>
      <input_file id="fl-fa">
         <path>E:\ti\ccs2050\ccs\tools\compiler\ti-cgt-armllvm_4.0.4.LTS\lib\armv6m-ti-none-eabi\c\</path>
         <kind>archive</kind>
         <file>libsysbm.a</file>
         <name>hostclose.c.obj</name>
      </input_file>
      <input_file id="fl-fb">
         <path>E:\ti\ccs2050\ccs\tools\compiler\ti-cgt-armllvm_4.0.4.LTS\lib\armv6m-ti-none-eabi\c\</path>
         <kind>archive</kind>
         <file>libsysbm.a</file>
         <name>hostlseek.c.obj</name>
      </input_file>
      <input_file id="fl-fc">
         <path>E:\ti\ccs2050\ccs\tools\compiler\ti-cgt-armllvm_4.0.4.LTS\lib\armv6m-ti-none-eabi\c\</path>
         <kind>archive</kind>
         <file>libsysbm.a</file>
         <name>hostopen.c.obj</name>
      </input_file>
      <input_file id="fl-fd">
         <path>E:\ti\ccs2050\ccs\tools\compiler\ti-cgt-armllvm_4.0.4.LTS\lib\armv6m-ti-none-eabi\c\</path>
         <kind>archive</kind>
         <file>libsysbm.a</file>
         <name>hostread.c.obj</name>
      </input_file>
      <input_file id="fl-fe">
         <path>E:\ti\ccs2050\ccs\tools\compiler\ti-cgt-armllvm_4.0.4.LTS\lib\armv6m-ti-none-eabi\c\</path>
         <kind>archive</kind>
         <file>libsysbm.a</file>
         <name>hostrename.c.obj</name>
      </input_file>
      <input_file id="fl-ff">
         <path>E:\ti\ccs2050\ccs\tools\compiler\ti-cgt-armllvm_4.0.4.LTS\lib\armv6m-ti-none-eabi\c\</path>
         <kind>archive</kind>
         <file>libsysbm.a</file>
         <name>hostunlink.c.obj</name>
      </input_file>
      <input_file id="fl-100">
         <path>E:\ti\ccs2050\ccs\tools\compiler\ti-cgt-armllvm_4.0.4.LTS\lib\armv6m-ti-none-eabi\c\</path>
         <kind>archive</kind>
         <file>libsysbm.a</file>
         <name>hostwrite.c.obj</name>
      </input_file>
      <input_file id="fl-101">
         <path>E:\ti\ccs2050\ccs\tools\compiler\ti-cgt-armllvm_4.0.4.LTS\lib\armv6m-ti-none-eabi\c\</path>
         <kind>archive</kind>
         <file>libsysbm.a</file>
         <name>trgmsg.c.obj</name>
      </input_file>
      <input_file id="fl-102">
         <path>E:\ti\ccs2050\ccs\tools\compiler\ti-cgt-armllvm_4.0.4.LTS\lib\armv6m-ti-none-eabi\</path>
         <kind>archive</kind>
         <file>libclang_rt.builtins.a</file>
         <name>addsf3.S.obj</name>
      </input_file>
      <input_file id="fl-103">
         <path>E:\ti\ccs2050\ccs\tools\compiler\ti-cgt-armllvm_4.0.4.LTS\lib\armv6m-ti-none-eabi\</path>
         <kind>archive</kind>
         <file>libclang_rt.builtins.a</file>
         <name>adddf3.S.obj</name>
      </input_file>
      <input_file id="fl-104">
         <path>E:\ti\ccs2050\ccs\tools\compiler\ti-cgt-armllvm_4.0.4.LTS\lib\armv6m-ti-none-eabi\</path>
         <kind>archive</kind>
         <file>libclang_rt.builtins.a</file>
         <name>muldf3.S.obj</name>
      </input_file>
      <input_file id="fl-105">
         <path>E:\ti\ccs2050\ccs\tools\compiler\ti-cgt-armllvm_4.0.4.LTS\lib\armv6m-ti-none-eabi\</path>
         <kind>archive</kind>
         <file>libclang_rt.builtins.a</file>
         <name>muldsi3.S.obj</name>
      </input_file>
      <input_file id="fl-106">
         <path>E:\ti\ccs2050\ccs\tools\compiler\ti-cgt-armllvm_4.0.4.LTS\lib\armv6m-ti-none-eabi\</path>
         <kind>archive</kind>
         <file>libclang_rt.builtins.a</file>
         <name>mulsf3.S.obj</name>
      </input_file>
      <input_file id="fl-107">
         <path>E:\ti\ccs2050\ccs\tools\compiler\ti-cgt-armllvm_4.0.4.LTS\lib\armv6m-ti-none-eabi\</path>
         <kind>archive</kind>
         <file>libclang_rt.builtins.a</file>
         <name>divsf3.S.obj</name>
      </input_file>
      <input_file id="fl-108">
         <path>E:\ti\ccs2050\ccs\tools\compiler\ti-cgt-armllvm_4.0.4.LTS\lib\armv6m-ti-none-eabi\</path>
         <kind>archive</kind>
         <file>libclang_rt.builtins.a</file>
         <name>divdf3.S.obj</name>
      </input_file>
      <input_file id="fl-109">
         <path>E:\ti\ccs2050\ccs\tools\compiler\ti-cgt-armllvm_4.0.4.LTS\lib\armv6m-ti-none-eabi\</path>
         <kind>archive</kind>
         <file>libclang_rt.builtins.a</file>
         <name>extendsfdf2.S.obj</name>
      </input_file>
      <input_file id="fl-10a">
         <path>E:\ti\ccs2050\ccs\tools\compiler\ti-cgt-armllvm_4.0.4.LTS\lib\armv6m-ti-none-eabi\</path>
         <kind>archive</kind>
         <file>libclang_rt.builtins.a</file>
         <name>fixdfsi.S.obj</name>
      </input_file>
      <input_file id="fl-10b">
         <path>E:\ti\ccs2050\ccs\tools\compiler\ti-cgt-armllvm_4.0.4.LTS\lib\armv6m-ti-none-eabi\</path>
         <kind>archive</kind>
         <file>libclang_rt.builtins.a</file>
         <name>fixsfsi.S.obj</name>
      </input_file>
      <input_file id="fl-10c">
         <path>E:\ti\ccs2050\ccs\tools\compiler\ti-cgt-armllvm_4.0.4.LTS\lib\armv6m-ti-none-eabi\</path>
         <kind>archive</kind>
         <file>libclang_rt.builtins.a</file>
         <name>floatsidf.S.obj</name>
      </input_file>
      <input_file id="fl-10d">
         <path>E:\ti\ccs2050\ccs\tools\compiler\ti-cgt-armllvm_4.0.4.LTS\lib\armv6m-ti-none-eabi\</path>
         <kind>archive</kind>
         <file>libclang_rt.builtins.a</file>
         <name>floatunsidf.S.obj</name>
      </input_file>
      <input_file id="fl-10e">
         <path>E:\ti\ccs2050\ccs\tools\compiler\ti-cgt-armllvm_4.0.4.LTS\lib\armv6m-ti-none-eabi\</path>
         <kind>archive</kind>
         <file>libclang_rt.builtins.a</file>
         <name>floatunsisf.S.obj</name>
      </input_file>
      <input_file id="fl-10f">
         <path>E:\ti\ccs2050\ccs\tools\compiler\ti-cgt-armllvm_4.0.4.LTS\lib\armv6m-ti-none-eabi\</path>
         <kind>archive</kind>
         <file>libclang_rt.builtins.a</file>
         <name>muldi3.S.obj</name>
      </input_file>
      <input_file id="fl-110">
         <path>E:\ti\ccs2050\ccs\tools\compiler\ti-cgt-armllvm_4.0.4.LTS\lib\armv6m-ti-none-eabi\</path>
         <kind>archive</kind>
         <file>libclang_rt.builtins.a</file>
         <name>truncdfsf2.S.obj</name>
      </input_file>
      <input_file id="fl-111">
         <path>E:\ti\ccs2050\ccs\tools\compiler\ti-cgt-armllvm_4.0.4.LTS\lib\armv6m-ti-none-eabi\</path>
         <kind>archive</kind>
         <file>libclang_rt.builtins.a</file>
         <name>aeabi_dcmp.S.obj</name>
      </input_file>
      <input_file id="fl-112">
         <path>E:\ti\ccs2050\ccs\tools\compiler\ti-cgt-armllvm_4.0.4.LTS\lib\armv6m-ti-none-eabi\</path>
         <kind>archive</kind>
         <file>libclang_rt.builtins.a</file>
         <name>aeabi_fcmp.S.obj</name>
      </input_file>
      <input_file id="fl-113">
         <path>E:\ti\ccs2050\ccs\tools\compiler\ti-cgt-armllvm_4.0.4.LTS\lib\armv6m-ti-none-eabi\</path>
         <kind>archive</kind>
         <file>libclang_rt.builtins.a</file>
         <name>aeabi_idivmod.S.obj</name>
      </input_file>
      <input_file id="fl-114">
         <path>E:\ti\ccs2050\ccs\tools\compiler\ti-cgt-armllvm_4.0.4.LTS\lib\armv6m-ti-none-eabi\</path>
         <kind>archive</kind>
         <file>libclang_rt.builtins.a</file>
         <name>aeabi_memcpy.S.obj</name>
      </input_file>
      <input_file id="fl-115">
         <path>E:\ti\ccs2050\ccs\tools\compiler\ti-cgt-armllvm_4.0.4.LTS\lib\armv6m-ti-none-eabi\</path>
         <kind>archive</kind>
         <file>libclang_rt.builtins.a</file>
         <name>aeabi_memset.S.obj</name>
      </input_file>
      <input_file id="fl-116">
         <path>E:\ti\ccs2050\ccs\tools\compiler\ti-cgt-armllvm_4.0.4.LTS\lib\armv6m-ti-none-eabi\</path>
         <kind>archive</kind>
         <file>libclang_rt.builtins.a</file>
         <name>aeabi_uidivmod.S.obj</name>
      </input_file>
      <input_file id="fl-117">
         <path>E:\ti\ccs2050\ccs\tools\compiler\ti-cgt-armllvm_4.0.4.LTS\lib\armv6m-ti-none-eabi\</path>
         <kind>archive</kind>
         <file>libclang_rt.builtins.a</file>
         <name>aeabi_uldivmod.S.obj</name>
      </input_file>
      <input_file id="fl-118">
         <path>E:\ti\ccs2050\ccs\tools\compiler\ti-cgt-armllvm_4.0.4.LTS\lib\armv6m-ti-none-eabi\</path>
         <kind>archive</kind>
         <file>libclang_rt.builtins.a</file>
         <name>comparesf2.S.obj</name>
      </input_file>
      <input_file id="fl-119">
         <path>E:\ti\ccs2050\ccs\tools\compiler\ti-cgt-armllvm_4.0.4.LTS\lib\armv6m-ti-none-eabi\</path>
         <kind>archive</kind>
         <file>libclang_rt.builtins.a</file>
         <name>udivmoddi4.S.obj</name>
      </input_file>
      <input_file id="fl-11a">
         <path>E:\ti\ccs2050\ccs\tools\compiler\ti-cgt-armllvm_4.0.4.LTS\lib\armv6m-ti-none-eabi\</path>
         <kind>archive</kind>
         <file>libclang_rt.builtins.a</file>
         <name>ashldi3.S.obj</name>
      </input_file>
      <input_file id="fl-11b">
         <path>E:\ti\ccs2050\ccs\tools\compiler\ti-cgt-armllvm_4.0.4.LTS\lib\armv6m-ti-none-eabi\</path>
         <kind>archive</kind>
         <file>libclang_rt.builtins.a</file>
         <name>comparedf2.c.obj</name>
      </input_file>
      <input_file id="fl-11c">
         <path>E:\ti\ccs2050\ccs\tools\compiler\ti-cgt-armllvm_4.0.4.LTS\lib\armv6m-ti-none-eabi\</path>
         <kind>archive</kind>
         <file>libclang_rt.builtins.a</file>
         <name>aeabi_div0.c.obj</name>
      </input_file>
      <input_file id="fl-11d">
         <path>E:\ti\ccs2050\ccs\tools\compiler\ti-cgt-armllvm_4.0.4.LTS\lib\armv6m-ti-none-eabi\c\</path>
         <kind>archive</kind>
         <file>libc.a</file>
         <name>getdevice.c.obj</name>
      </input_file>
      <input_file id="fl-11e">
         <path>E:\ti\ccs2050\ccs\tools\compiler\ti-cgt-armllvm_4.0.4.LTS\lib\armv6m-ti-none-eabi\c\</path>
         <kind>archive</kind>
         <file>libc.a</file>
         <name>memcpy16.S.obj</name>
      </input_file>
      <input_file id="fl-11f">
         <path>E:\ti\ccs2050\ccs\tools\compiler\ti-cgt-armllvm_4.0.4.LTS\lib\armv6m-ti-none-eabi\c\</path>
         <kind>archive</kind>
         <file>libc.a</file>
         <name>memset16.S.obj</name>
      </input_file>
      <input_file id="fl-120">
         <path>E:\ti\ccs2050\ccs\tools\compiler\ti-cgt-armllvm_4.0.4.LTS\lib\armv6m-ti-none-eabi\c\</path>
         <kind>archive</kind>
         <file>libc.a</file>
         <name>strcmp-armv6m.S.obj</name>
      </input_file>
   </input_file_list>
   <object_component_list>
      <object_component id="oc-18">
         <name>.intvecs</name>
         <load_address>0x0</load_address>
         <readonly>true</readonly>
         <run_address>0x0</run_address>
         <size>0xc0</size>
         <alignment>0x4</alignment>
         <input_file_ref idref="fl-2"/>
      </object_component>
      <object_component id="oc-1e0">
         <name>.text:__TI_printfi_minimal</name>
         <load_address>0xc0</load_address>
         <readonly>true</readonly>
         <executable>true</executable>
         <run_address>0xc0</run_address>
         <size>0x284</size>
         <alignment>0x4</alignment>
         <input_file_ref idref="fl-3d"/>
      </object_component>
      <object_component id="oc-6c">
         <name>.text.adjust_motor</name>
         <load_address>0x344</load_address>
         <readonly>true</readonly>
         <executable>true</executable>
         <run_address>0x344</run_address>
         <size>0x220</size>
         <alignment>0x4</alignment>
         <input_file_ref idref="fl-5"/>
      </object_component>
      <object_component id="oc-13b">
         <name>.text.SYSCFG_DL_GPIO_init</name>
         <load_address>0x564</load_address>
         <readonly>true</readonly>
         <executable>true</executable>
         <run_address>0x564</run_address>
         <size>0x1e4</size>
         <alignment>0x4</alignment>
         <input_file_ref idref="fl-1"/>
      </object_component>
      <object_component id="oc-72">
         <name>.text.DC_MOTOR_PID</name>
         <load_address>0x748</load_address>
         <readonly>true</readonly>
         <executable>true</executable>
         <run_address>0x748</run_address>
         <size>0x13c</size>
         <alignment>0x4</alignment>
         <input_file_ref idref="fl-7"/>
      </object_component>
      <object_component id="oc-19f">
         <name>.text.DL_Timer_initFourCCPWMMode</name>
         <load_address>0x884</load_address>
         <readonly>true</readonly>
         <executable>true</executable>
         <run_address>0x884</run_address>
         <size>0x104</size>
         <alignment>0x4</alignment>
         <input_file_ref idref="fl-1a"/>
      </object_component>
      <object_component id="oc-99">
         <name>.text.motor_set_direction</name>
         <load_address>0x988</load_address>
         <readonly>true</readonly>
         <executable>true</executable>
         <run_address>0x988</run_address>
         <size>0x100</size>
         <alignment>0x4</alignment>
         <input_file_ref idref="fl-7"/>
      </object_component>
      <object_component id="oc-1a9">
         <name>.text.DL_Timer_initTimerMode</name>
         <load_address>0xa88</load_address>
         <readonly>true</readonly>
         <executable>true</executable>
         <run_address>0xa88</run_address>
         <size>0xfc</size>
         <alignment>0x4</alignment>
         <input_file_ref idref="fl-1a"/>
      </object_component>
      <object_component id="oc-df">
         <name>.text.OLED_Init</name>
         <load_address>0xb84</load_address>
         <readonly>true</readonly>
         <executable>true</executable>
         <run_address>0xb84</run_address>
         <size>0xf8</size>
         <alignment>0x2</alignment>
         <input_file_ref idref="fl-8"/>
      </object_component>
      <object_component id="oc-198">
         <name>.text.SYSCFG_DL_SYSCTL_SYSPLL_init</name>
         <load_address>0xc7c</load_address>
         <readonly>true</readonly>
         <executable>true</executable>
         <run_address>0xc7c</run_address>
         <size>0xe8</size>
         <alignment>0x4</alignment>
         <input_file_ref idref="fl-1"/>
      </object_component>
      <object_component id="oc-b0">
         <name>.text.__muldf3</name>
         <load_address>0xd64</load_address>
         <readonly>true</readonly>
         <executable>true</executable>
         <run_address>0xd64</run_address>
         <size>0xe4</size>
         <alignment>0x4</alignment>
         <input_file_ref idref="fl-104"/>
      </object_component>
      <object_component id="oc-197">
         <name>.text.DL_SYSCTL_configSYSPLL</name>
         <load_address>0xe48</load_address>
         <readonly>true</readonly>
         <executable>true</executable>
         <run_address>0xe48</run_address>
         <size>0xdc</size>
         <alignment>0x4</alignment>
         <input_file_ref idref="fl-1d"/>
      </object_component>
      <object_component id="oc-ba">
         <name>.text</name>
         <load_address>0xf24</load_address>
         <readonly>true</readonly>
         <executable>true</executable>
         <run_address>0xf24</run_address>
         <size>0xd8</size>
         <alignment>0x4</alignment>
         <input_file_ref idref="fl-102"/>
      </object_component>
      <object_component id="oc-82">
         <name>.text.main</name>
         <load_address>0xffc</load_address>
         <readonly>true</readonly>
         <executable>true</executable>
         <run_address>0xffc</run_address>
         <size>0xcc</size>
         <alignment>0x4</alignment>
         <input_file_ref idref="fl-3"/>
      </object_component>
      <object_component id="oc-71">
         <name>.text.calculate_speed</name>
         <load_address>0x10c8</load_address>
         <readonly>true</readonly>
         <executable>true</executable>
         <run_address>0x10c8</run_address>
         <size>0xc4</size>
         <alignment>0x4</alignment>
         <input_file_ref idref="fl-7"/>
      </object_component>
      <object_component id="oc-13a">
         <name>.text.SYSCFG_DL_initPower</name>
         <load_address>0x118c</load_address>
         <readonly>true</readonly>
         <executable>true</executable>
         <run_address>0x118c</run_address>
         <size>0xb0</size>
         <alignment>0x4</alignment>
         <input_file_ref idref="fl-1"/>
      </object_component>
      <object_component id="oc-f0">
         <name>.text.motor_init</name>
         <load_address>0x123c</load_address>
         <readonly>true</readonly>
         <executable>true</executable>
         <run_address>0x123c</run_address>
         <size>0x94</size>
         <alignment>0x4</alignment>
         <input_file_ref idref="fl-7"/>
      </object_component>
      <object_component id="oc-13e">
         <name>.text.SYSCFG_DL_PWMAB_init</name>
         <load_address>0x12d0</load_address>
         <readonly>true</readonly>
         <executable>true</executable>
         <run_address>0x12d0</run_address>
         <size>0x8c</size>
         <alignment>0x4</alignment>
         <input_file_ref idref="fl-1"/>
      </object_component>
      <object_component id="oc-be">
         <name>.text.__mulsf3</name>
         <load_address>0x135c</load_address>
         <readonly>true</readonly>
         <executable>true</executable>
         <run_address>0x135c</run_address>
         <size>0x8c</size>
         <alignment>0x4</alignment>
         <input_file_ref idref="fl-106"/>
      </object_component>
      <object_component id="oc-34">
         <name>.text.GROUP1_IRQHandler</name>
         <load_address>0x13e8</load_address>
         <readonly>true</readonly>
         <executable>true</executable>
         <run_address>0x13e8</run_address>
         <size>0x88</size>
         <alignment>0x4</alignment>
         <input_file_ref idref="fl-6"/>
      </object_component>
      <object_component id="oc-a8">
         <name>.text.__divsf3</name>
         <load_address>0x1470</load_address>
         <readonly>true</readonly>
         <executable>true</executable>
         <run_address>0x1470</run_address>
         <size>0x82</size>
         <alignment>0x4</alignment>
         <input_file_ref idref="fl-107"/>
      </object_component>
      <object_component id="oc-90">
         <name>.text.__aeabi_idiv0</name>
         <load_address>0x14f2</load_address>
         <readonly>true</readonly>
         <executable>true</executable>
         <run_address>0x14f2</run_address>
         <size>0x2</size>
         <alignment>0x2</alignment>
         <input_file_ref idref="fl-11c"/>
      </object_component>
      <object_component id="oc-14b">
         <name>.text.OLED_Refresh</name>
         <load_address>0x14f4</load_address>
         <readonly>true</readonly>
         <executable>true</executable>
         <run_address>0x14f4</run_address>
         <size>0x7c</size>
         <alignment>0x4</alignment>
         <input_file_ref idref="fl-8"/>
      </object_component>
      <object_component id="oc-1c">
         <name>.text:decompress:lzss</name>
         <load_address>0x1570</load_address>
         <readonly>true</readonly>
         <executable>true</executable>
         <run_address>0x1570</run_address>
         <size>0x7c</size>
         <alignment>0x4</alignment>
         <input_file_ref idref="fl-3c"/>
      </object_component>
      <object_component id="oc-148">
         <name>.text.OLED_WR_Byte</name>
         <load_address>0x15ec</load_address>
         <readonly>true</readonly>
         <executable>true</executable>
         <run_address>0x15ec</run_address>
         <size>0x74</size>
         <alignment>0x4</alignment>
         <input_file_ref idref="fl-8"/>
      </object_component>
      <object_component id="oc-13c">
         <name>.text.SYSCFG_DL_SYSCTL_init</name>
         <load_address>0x1660</load_address>
         <readonly>true</readonly>
         <executable>true</executable>
         <run_address>0x1660</run_address>
         <size>0x74</size>
         <alignment>0x4</alignment>
         <input_file_ref idref="fl-1"/>
      </object_component>
      <object_component id="oc-23f">
         <name>.text.__gedf2</name>
         <load_address>0x16d4</load_address>
         <readonly>true</readonly>
         <executable>true</executable>
         <run_address>0x16d4</run_address>
         <size>0x74</size>
         <alignment>0x4</alignment>
         <input_file_ref idref="fl-11b"/>
      </object_component>
      <object_component id="oc-49">
         <name>.text.__aeabi_memcpy</name>
         <load_address>0x1748</load_address>
         <readonly>true</readonly>
         <executable>true</executable>
         <run_address>0x1748</run_address>
         <size>0x8</size>
         <alignment>0x4</alignment>
         <input_file_ref idref="fl-114"/>
      </object_component>
      <object_component id="oc-b4">
         <name>.text.__truncdfsf2</name>
         <load_address>0x1750</load_address>
         <readonly>true</readonly>
         <executable>true</executable>
         <run_address>0x1750</run_address>
         <size>0x74</size>
         <alignment>0x10</alignment>
         <input_file_ref idref="fl-110"/>
      </object_component>
      <object_component id="oc-13d">
         <name>.text.SYSCFG_DL_SERVO_init</name>
         <load_address>0x17c4</load_address>
         <readonly>true</readonly>
         <executable>true</executable>
         <run_address>0x17c4</run_address>
         <size>0x6c</size>
         <alignment>0x4</alignment>
         <input_file_ref idref="fl-1"/>
      </object_component>
      <object_component id="oc-239">
         <name>.text.__ledf2</name>
         <load_address>0x1830</load_address>
         <readonly>true</readonly>
         <executable>true</executable>
         <run_address>0x1830</run_address>
         <size>0x68</size>
         <alignment>0x4</alignment>
         <input_file_ref idref="fl-11b"/>
      </object_component>
      <object_component id="oc-98">
         <name>.text.huidu_get_value</name>
         <load_address>0x1898</load_address>
         <readonly>true</readonly>
         <executable>true</executable>
         <run_address>0x1898</run_address>
         <size>0x68</size>
         <alignment>0x4</alignment>
         <input_file_ref idref="fl-5"/>
      </object_component>
      <object_component id="oc-1d0">
         <name>.text.DL_ADC12_initSingleSample</name>
         <load_address>0x1900</load_address>
         <readonly>true</readonly>
         <executable>true</executable>
         <run_address>0x1900</run_address>
         <size>0x64</size>
         <alignment>0x4</alignment>
         <input_file_ref idref="fl-1"/>
      </object_component>
      <object_component id="oc-191">
         <name>.text.DL_SYSCTL_setHFCLKSourceHFXTParams</name>
         <load_address>0x1964</load_address>
         <readonly>true</readonly>
         <executable>true</executable>
         <run_address>0x1964</run_address>
         <size>0x64</size>
         <alignment>0x4</alignment>
         <input_file_ref idref="fl-1d"/>
      </object_component>
      <object_component id="oc-207">
         <name>.text.__aeabi_dcmp</name>
         <load_address>0x19c8</load_address>
         <readonly>true</readonly>
         <executable>true</executable>
         <run_address>0x19c8</run_address>
         <size>0x62</size>
         <alignment>0x4</alignment>
         <input_file_ref idref="fl-111"/>
      </object_component>
      <object_component id="oc-9a">
         <name>.text.__aeabi_fcmp</name>
         <load_address>0x1a2c</load_address>
         <readonly>true</readonly>
         <executable>true</executable>
         <run_address>0x1a2c</run_address>
         <size>0x62</size>
         <alignment>0x4</alignment>
         <input_file_ref idref="fl-112"/>
      </object_component>
      <object_component id="oc-e6">
         <name>.text.OLED_Clear</name>
         <load_address>0x1a90</load_address>
         <readonly>true</readonly>
         <executable>true</executable>
         <run_address>0x1a90</run_address>
         <size>0x60</size>
         <alignment>0x4</alignment>
         <input_file_ref idref="fl-8"/>
      </object_component>
      <object_component id="oc-140">
         <name>.text.SYSCFG_DL_OLED_init</name>
         <load_address>0x1af0</load_address>
         <readonly>true</readonly>
         <executable>true</executable>
         <run_address>0x1af0</run_address>
         <size>0x60</size>
         <alignment>0x4</alignment>
         <input_file_ref idref="fl-1"/>
      </object_component>
      <object_component id="oc-1de">
         <name>.text.DL_I2C_fillControllerTXFIFO</name>
         <load_address>0x1b50</load_address>
         <readonly>true</readonly>
         <executable>true</executable>
         <run_address>0x1b50</run_address>
         <size>0x5e</size>
         <alignment>0x2</alignment>
         <input_file_ref idref="fl-19"/>
      </object_component>
      <object_component id="oc-61">
         <name>.text.__aeabi_idivmod</name>
         <load_address>0x1bb0</load_address>
         <readonly>true</readonly>
         <executable>true</executable>
         <run_address>0x1bb0</run_address>
         <size>0x56</size>
         <alignment>0x4</alignment>
         <input_file_ref idref="fl-113"/>
      </object_component>
      <object_component id="oc-182">
         <name>.text.DL_GPIO_initPeripheralInputFunctionFeatures</name>
         <load_address>0x1c08</load_address>
         <readonly>true</readonly>
         <executable>true</executable>
         <run_address>0x1c08</run_address>
         <size>0x50</size>
         <alignment>0x4</alignment>
         <input_file_ref idref="fl-1"/>
      </object_component>
      <object_component id="oc-1df">
         <name>.text.DL_I2C_startControllerTransfer</name>
         <load_address>0x1c58</load_address>
         <readonly>true</readonly>
         <executable>true</executable>
         <run_address>0x1c58</run_address>
         <size>0x50</size>
         <alignment>0x4</alignment>
         <input_file_ref idref="fl-8"/>
      </object_component>
      <object_component id="oc-186">
         <name>.text.DL_GPIO_initDigitalInputFeatures</name>
         <load_address>0x1ca8</load_address>
         <readonly>true</readonly>
         <executable>true</executable>
         <run_address>0x1ca8</run_address>
         <size>0x4c</size>
         <alignment>0x4</alignment>
         <input_file_ref idref="fl-1"/>
      </object_component>
      <object_component id="oc-1c5">
         <name>.text.DL_UART_setBaudRateDivisor</name>
         <load_address>0x1cf4</load_address>
         <readonly>true</readonly>
         <executable>true</executable>
         <run_address>0x1cf4</run_address>
         <size>0x4c</size>
         <alignment>0x4</alignment>
         <input_file_ref idref="fl-1"/>
      </object_component>
      <object_component id="oc-142">
         <name>.text.SYSCFG_DL_xuanniu_init</name>
         <load_address>0x1d40</load_address>
         <readonly>true</readonly>
         <executable>true</executable>
         <run_address>0x1d40</run_address>
         <size>0x4c</size>
         <alignment>0x4</alignment>
         <input_file_ref idref="fl-1"/>
      </object_component>
      <object_component id="oc-c7">
         <name>.text.motor_set_duty</name>
         <load_address>0x1d8c</load_address>
         <readonly>true</readonly>
         <executable>true</executable>
         <run_address>0x1d8c</run_address>
         <size>0x4c</size>
         <alignment>0x4</alignment>
         <input_file_ref idref="fl-7"/>
      </object_component>
      <object_component id="oc-1d1">
         <name>.text.DL_ADC12_configConversionMem</name>
         <load_address>0x1dd8</load_address>
         <readonly>true</readonly>
         <executable>true</executable>
         <run_address>0x1dd8</run_address>
         <size>0x4a</size>
         <alignment>0x2</alignment>
         <input_file_ref idref="fl-1"/>
      </object_component>
      <object_component id="oc-1c3">
         <name>.text.DL_UART_init</name>
         <load_address>0x1e24</load_address>
         <readonly>true</readonly>
         <executable>true</executable>
         <run_address>0x1e24</run_address>
         <size>0x48</size>
         <alignment>0x4</alignment>
         <input_file_ref idref="fl-1b"/>
      </object_component>
      <object_component id="oc-e5">
         <name>.text.OLED_DisplayTurn</name>
         <load_address>0x1e6c</load_address>
         <readonly>true</readonly>
         <executable>true</executable>
         <run_address>0x1e6c</run_address>
         <size>0x48</size>
         <alignment>0x2</alignment>
         <input_file_ref idref="fl-8"/>
      </object_component>
      <object_component id="oc-141">
         <name>.text.SYSCFG_DL_DEBUG_init</name>
         <load_address>0x1eb4</load_address>
         <readonly>true</readonly>
         <executable>true</executable>
         <run_address>0x1eb4</run_address>
         <size>0x48</size>
         <alignment>0x4</alignment>
         <input_file_ref idref="fl-1"/>
      </object_component>
      <object_component id="oc-19c">
         <name>.text.DL_SYSCTL_switchMCLKfromSYSOSCtoHSCLK</name>
         <load_address>0x1efc</load_address>
         <readonly>true</readonly>
         <executable>true</executable>
         <run_address>0x1efc</run_address>
         <size>0x44</size>
         <alignment>0x4</alignment>
         <input_file_ref idref="fl-1d"/>
      </object_component>
      <object_component id="oc-da">
         <name>.text.SYSCFG_DL_init</name>
         <load_address>0x1f40</load_address>
         <readonly>true</readonly>
         <executable>true</executable>
         <run_address>0x1f40</run_address>
         <size>0x44</size>
         <alignment>0x4</alignment>
         <input_file_ref idref="fl-1"/>
      </object_component>
      <object_component id="oc-1ca">
         <name>.text.DL_ADC12_setClockConfig</name>
         <load_address>0x1f84</load_address>
         <readonly>true</readonly>
         <executable>true</executable>
         <run_address>0x1f84</run_address>
         <size>0x40</size>
         <alignment>0x4</alignment>
         <input_file_ref idref="fl-17"/>
      </object_component>
      <object_component id="oc-1ff">
         <name>.text.__aeabi_uidivmod</name>
         <load_address>0x1fc4</load_address>
         <readonly>true</readonly>
         <executable>true</executable>
         <run_address>0x1fc4</run_address>
         <size>0x40</size>
         <alignment>0x4</alignment>
         <input_file_ref idref="fl-116"/>
      </object_component>
      <object_component id="oc-ac">
         <name>.text.__extendsfdf2</name>
         <load_address>0x2004</load_address>
         <readonly>true</readonly>
         <executable>true</executable>
         <run_address>0x2004</run_address>
         <size>0x40</size>
         <alignment>0x4</alignment>
         <input_file_ref idref="fl-109"/>
      </object_component>
      <object_component id="oc-1a0">
         <name>.text.DL_Timer_setCounterControl</name>
         <load_address>0x2044</load_address>
         <readonly>true</readonly>
         <executable>true</executable>
         <run_address>0x2044</run_address>
         <size>0x3c</size>
         <alignment>0x4</alignment>
         <input_file_ref idref="fl-1"/>
      </object_component>
      <object_component id="oc-39">
         <name>.text.TIMA0_IRQHandler</name>
         <load_address>0x2080</load_address>
         <readonly>true</readonly>
         <executable>true</executable>
         <run_address>0x2080</run_address>
         <size>0x3c</size>
         <alignment>0x4</alignment>
         <input_file_ref idref="fl-7"/>
      </object_component>
      <object_component id="oc-125">
         <name>.text.__gtsf2</name>
         <load_address>0x20bc</load_address>
         <readonly>true</readonly>
         <executable>true</executable>
         <run_address>0x20bc</run_address>
         <size>0x3c</size>
         <alignment>0x4</alignment>
         <input_file_ref idref="fl-118"/>
      </object_component>
      <object_component id="oc-108">
         <name>.text:__TI_auto_init_nobinit_nopinit</name>
         <load_address>0x20f8</load_address>
         <readonly>true</readonly>
         <executable>true</executable>
         <run_address>0x20f8</run_address>
         <size>0x3c</size>
         <alignment>0x4</alignment>
         <input_file_ref idref="fl-37"/>
      </object_component>
      <object_component id="oc-120">
         <name>.text.__eqsf2</name>
         <load_address>0x2134</load_address>
         <readonly>true</readonly>
         <executable>true</executable>
         <run_address>0x2134</run_address>
         <size>0x3a</size>
         <alignment>0x4</alignment>
         <input_file_ref idref="fl-118"/>
      </object_component>
      <object_component id="oc-12a">
         <name>.text.__muldsi3</name>
         <load_address>0x2170</load_address>
         <readonly>true</readonly>
         <executable>true</executable>
         <run_address>0x2170</run_address>
         <size>0x3a</size>
         <alignment>0x4</alignment>
         <input_file_ref idref="fl-105"/>
      </object_component>
      <object_component id="oc-c2">
         <name>.text.__fixsfsi</name>
         <load_address>0x21ac</load_address>
         <readonly>true</readonly>
         <executable>true</executable>
         <run_address>0x21ac</run_address>
         <size>0x38</size>
         <alignment>0x4</alignment>
         <input_file_ref idref="fl-10b"/>
      </object_component>
      <object_component id="oc-f1">
         <name>.text.sprintf</name>
         <load_address>0x21e4</load_address>
         <readonly>true</readonly>
         <executable>true</executable>
         <run_address>0x21e4</run_address>
         <size>0x38</size>
         <alignment>0x4</alignment>
         <input_file_ref idref="fl-34"/>
      </object_component>
      <object_component id="oc-e4">
         <name>.text.OLED_ColorTurn</name>
         <load_address>0x221c</load_address>
         <readonly>true</readonly>
         <executable>true</executable>
         <run_address>0x221c</run_address>
         <size>0x34</size>
         <alignment>0x2</alignment>
         <input_file_ref idref="fl-8"/>
      </object_component>
      <object_component id="oc-13f">
         <name>.text.SYSCFG_DL_MOTOR_PID_init</name>
         <load_address>0x2250</load_address>
         <readonly>true</readonly>
         <executable>true</executable>
         <run_address>0x2250</run_address>
         <size>0x34</size>
         <alignment>0x4</alignment>
         <input_file_ref idref="fl-1"/>
      </object_component>
      <object_component id="oc-11d">
         <name>.text.get_gpio_state</name>
         <load_address>0x2284</load_address>
         <readonly>true</readonly>
         <executable>true</executable>
         <run_address>0x2284</run_address>
         <size>0x34</size>
         <alignment>0x2</alignment>
         <input_file_ref idref="fl-5"/>
      </object_component>
      <object_component id="oc-1e8">
         <name>.text.DL_UART_transmitDataBlocking</name>
         <load_address>0x22b8</load_address>
         <readonly>true</readonly>
         <executable>true</executable>
         <run_address>0x22b8</run_address>
         <size>0x30</size>
         <alignment>0x4</alignment>
         <input_file_ref idref="fl-1b"/>
      </object_component>
      <object_component id="oc-e7">
         <name>.text.__NVIC_EnableIRQ</name>
         <load_address>0x22e8</load_address>
         <readonly>true</readonly>
         <executable>true</executable>
         <run_address>0x22e8</run_address>
         <size>0x2c</size>
         <alignment>0x4</alignment>
         <input_file_ref idref="fl-3"/>
      </object_component>
      <object_component id="oc-150">
         <name>.text.__NVIC_EnableIRQ</name>
         <load_address>0x2314</load_address>
         <readonly>true</readonly>
         <executable>true</executable>
         <run_address>0x2314</run_address>
         <size>0x2c</size>
         <alignment>0x4</alignment>
         <input_file_ref idref="fl-7"/>
      </object_component>
      <object_component id="oc-f7">
         <name>.text.UART_send_string</name>
         <load_address>0x2340</load_address>
         <readonly>true</readonly>
         <executable>true</executable>
         <run_address>0x2340</run_address>
         <size>0x2a</size>
         <alignment>0x2</alignment>
         <input_file_ref idref="fl-9"/>
      </object_component>
      <object_component id="oc-213">
         <name>.text.DL_Common_updateReg</name>
         <load_address>0x236a</load_address>
         <readonly>true</readonly>
         <executable>true</executable>
         <run_address>0x236a</run_address>
         <size>0x28</size>
         <alignment>0x2</alignment>
         <input_file_ref idref="fl-8"/>
      </object_component>
      <object_component id="oc-1f7">
         <name>.text.DL_Common_updateReg</name>
         <load_address>0x2392</load_address>
         <readonly>true</readonly>
         <executable>true</executable>
         <run_address>0x2392</run_address>
         <size>0x28</size>
         <alignment>0x2</alignment>
         <input_file_ref idref="fl-1"/>
      </object_component>
      <object_component id="oc-1b9">
         <name>.text.DL_I2C_setControllerRXFIFOThreshold</name>
         <load_address>0x23bc</load_address>
         <readonly>true</readonly>
         <executable>true</executable>
         <run_address>0x23bc</run_address>
         <size>0x28</size>
         <alignment>0x4</alignment>
         <input_file_ref idref="fl-1"/>
      </object_component>
      <object_component id="oc-1b8">
         <name>.text.DL_I2C_setControllerTXFIFOThreshold</name>
         <load_address>0x23e4</load_address>
         <readonly>true</readonly>
         <executable>true</executable>
         <run_address>0x23e4</run_address>
         <size>0x28</size>
         <alignment>0x4</alignment>
         <input_file_ref idref="fl-1"/>
      </object_component>
      <object_component id="oc-143">
         <name>.text.SYSCFG_DL_VREF_init</name>
         <load_address>0x240c</load_address>
         <readonly>true</readonly>
         <executable>true</executable>
         <run_address>0x240c</run_address>
         <size>0x28</size>
         <alignment>0x4</alignment>
         <input_file_ref idref="fl-1"/>
      </object_component>
      <object_component id="oc-a4">
         <name>.text.__floatunsisf</name>
         <load_address>0x2434</load_address>
         <readonly>true</readonly>
         <executable>true</executable>
         <run_address>0x2434</run_address>
         <size>0x28</size>
         <alignment>0x4</alignment>
         <input_file_ref idref="fl-10e"/>
      </object_component>
      <object_component id="oc-59">
         <name>.text:_c_int00_noargs</name>
         <load_address>0x245c</load_address>
         <readonly>true</readonly>
         <executable>true</executable>
         <run_address>0x245c</run_address>
         <size>0x28</size>
         <alignment>0x4</alignment>
         <input_file_ref idref="fl-35"/>
      </object_component>
      <object_component id="oc-1b3">
         <name>.text.DL_I2C_setAnalogGlitchFilterPulseWidth</name>
         <load_address>0x2484</load_address>
         <readonly>true</readonly>
         <executable>true</executable>
         <run_address>0x2484</run_address>
         <size>0x26</size>
         <alignment>0x2</alignment>
         <input_file_ref idref="fl-1"/>
      </object_component>
      <object_component id="oc-1ad">
         <name>.text.DL_I2C_setClockConfig</name>
         <load_address>0x24aa</load_address>
         <readonly>true</readonly>
         <executable>true</executable>
         <run_address>0x24aa</run_address>
         <size>0x26</size>
         <alignment>0x2</alignment>
         <input_file_ref idref="fl-19"/>
      </object_component>
      <object_component id="oc-1b5">
         <name>.text.DL_I2C_setDigitalGlitchFilterPulseWidth</name>
         <load_address>0x24d0</load_address>
         <readonly>true</readonly>
         <executable>true</executable>
         <run_address>0x24d0</run_address>
         <size>0x24</size>
         <alignment>0x2</alignment>
         <input_file_ref idref="fl-1"/>
      </object_component>
      <object_component id="oc-203">
         <name>.text.__floatunsidf</name>
         <load_address>0x24f4</load_address>
         <readonly>true</readonly>
         <executable>true</executable>
         <run_address>0x24f4</run_address>
         <size>0x24</size>
         <alignment>0x4</alignment>
         <input_file_ref idref="fl-10d"/>
      </object_component>
      <object_component id="oc-1da">
         <name>.text.DL_VREF_configReference</name>
         <load_address>0x2518</load_address>
         <readonly>true</readonly>
         <executable>true</executable>
         <run_address>0x2518</run_address>
         <size>0x22</size>
         <alignment>0x2</alignment>
         <input_file_ref idref="fl-1c"/>
      </object_component>
      <object_component id="oc-216">
         <name>.text.memccpy</name>
         <load_address>0x253a</load_address>
         <readonly>true</readonly>
         <executable>true</executable>
         <run_address>0x253a</run_address>
         <size>0x22</size>
         <alignment>0x2</alignment>
         <input_file_ref idref="fl-46"/>
      </object_component>
      <object_component id="oc-184">
         <name>.text.DL_GPIO_initPeripheralInputFunction</name>
         <load_address>0x255c</load_address>
         <readonly>true</readonly>
         <executable>true</executable>
         <run_address>0x255c</run_address>
         <size>0x20</size>
         <alignment>0x4</alignment>
         <input_file_ref idref="fl-1"/>
      </object_component>
      <object_component id="oc-18d">
         <name>.text.DL_SYSCTL_setFlashWaitState</name>
         <load_address>0x257c</load_address>
         <readonly>true</readonly>
         <executable>true</executable>
         <run_address>0x257c</run_address>
         <size>0x20</size>
         <alignment>0x4</alignment>
         <input_file_ref idref="fl-1"/>
      </object_component>
      <object_component id="oc-c6">
         <name>.text.limit_duty</name>
         <load_address>0x259c</load_address>
         <readonly>true</readonly>
         <executable>true</executable>
         <run_address>0x259c</run_address>
         <size>0x20</size>
         <alignment>0x4</alignment>
         <input_file_ref idref="fl-7"/>
      </object_component>
      <object_component id="oc-1c4">
         <name>.text.DL_UART_setOversampling</name>
         <load_address>0x25bc</load_address>
         <readonly>true</readonly>
         <executable>true</executable>
         <run_address>0x25bc</run_address>
         <size>0x1e</size>
         <alignment>0x2</alignment>
         <input_file_ref idref="fl-1"/>
      </object_component>
      <object_component id="oc-189">
         <name>.text.DL_GPIO_clearInterruptStatus</name>
         <load_address>0x25dc</load_address>
         <readonly>true</readonly>
         <executable>true</executable>
         <run_address>0x25dc</run_address>
         <size>0x1c</size>
         <alignment>0x4</alignment>
         <input_file_ref idref="fl-1"/>
      </object_component>
      <object_component id="oc-183">
         <name>.text.DL_GPIO_enableHiZ</name>
         <load_address>0x25f8</load_address>
         <readonly>true</readonly>
         <executable>true</executable>
         <run_address>0x25f8</run_address>
         <size>0x1c</size>
         <alignment>0x4</alignment>
         <input_file_ref idref="fl-1"/>
      </object_component>
      <object_component id="oc-18a">
         <name>.text.DL_GPIO_enableInterrupt</name>
         <load_address>0x2614</load_address>
         <readonly>true</readonly>
         <executable>true</executable>
         <run_address>0x2614</run_address>
         <size>0x1c</size>
         <alignment>0x4</alignment>
         <input_file_ref idref="fl-1"/>
      </object_component>
      <object_component id="oc-180">
         <name>.text.DL_GPIO_initPeripheralOutputFunction</name>
         <load_address>0x2630</load_address>
         <readonly>true</readonly>
         <executable>true</executable>
         <run_address>0x2630</run_address>
         <size>0x1c</size>
         <alignment>0x4</alignment>
         <input_file_ref idref="fl-1"/>
      </object_component>
      <object_component id="oc-18b">
         <name>.text.DL_GPIO_setLowerPinsPolarity</name>
         <load_address>0x264c</load_address>
         <readonly>true</readonly>
         <executable>true</executable>
         <run_address>0x264c</run_address>
         <size>0x1c</size>
         <alignment>0x4</alignment>
         <input_file_ref idref="fl-1"/>
      </object_component>
      <object_component id="oc-1fb">
         <name>.text.DL_SYSCTL_configFCC</name>
         <load_address>0x2668</load_address>
         <readonly>true</readonly>
         <executable>true</executable>
         <run_address>0x2668</run_address>
         <size>0x1c</size>
         <alignment>0x4</alignment>
         <input_file_ref idref="fl-1d"/>
      </object_component>
      <object_component id="oc-1fa">
         <name>.text.DL_SYSCTL_setFCCPeriods</name>
         <load_address>0x2684</load_address>
         <readonly>true</readonly>
         <executable>true</executable>
         <run_address>0x2684</run_address>
         <size>0x1c</size>
         <alignment>0x4</alignment>
         <input_file_ref idref="fl-1"/>
      </object_component>
      <object_component id="oc-18e">
         <name>.text.DL_SYSCTL_setSYSOSCFreq</name>
         <load_address>0x26a0</load_address>
         <readonly>true</readonly>
         <executable>true</executable>
         <run_address>0x26a0</run_address>
         <size>0x1c</size>
         <alignment>0x4</alignment>
         <input_file_ref idref="fl-1"/>
      </object_component>
      <object_component id="oc-19b">
         <name>.text.DL_SYSCTL_setULPCLKDivider</name>
         <load_address>0x26bc</load_address>
         <readonly>true</readonly>
         <executable>true</executable>
         <run_address>0x26bc</run_address>
         <size>0x1c</size>
         <alignment>0x4</alignment>
         <input_file_ref idref="fl-1"/>
      </object_component>
      <object_component id="oc-1aa">
         <name>.text.DL_Timer_enableInterrupt</name>
         <load_address>0x26d8</load_address>
         <readonly>true</readonly>
         <executable>true</executable>
         <run_address>0x26d8</run_address>
         <size>0x1c</size>
         <alignment>0x4</alignment>
         <input_file_ref idref="fl-1"/>
      </object_component>
      <object_component id="oc-1a2">
         <name>.text.DL_Timer_setCaptCompUpdateMethod</name>
         <load_address>0x26f4</load_address>
         <readonly>true</readonly>
         <executable>true</executable>
         <run_address>0x26f4</run_address>
         <size>0x1c</size>
         <alignment>0x4</alignment>
         <input_file_ref idref="fl-1a"/>
      </object_component>
      <object_component id="oc-19e">
         <name>.text.DL_Timer_setClockConfig</name>
         <load_address>0x2710</load_address>
         <readonly>true</readonly>
         <executable>true</executable>
         <run_address>0x2710</run_address>
         <size>0x1c</size>
         <alignment>0x4</alignment>
         <input_file_ref idref="fl-1a"/>
      </object_component>
      <object_component id="oc-1c6">
         <name>.text.DL_UART_enableInterrupt</name>
         <load_address>0x272c</load_address>
         <readonly>true</readonly>
         <executable>true</executable>
         <run_address>0x272c</run_address>
         <size>0x1c</size>
         <alignment>0x4</alignment>
         <input_file_ref idref="fl-1"/>
      </object_component>
      <object_component id="oc-156">
         <name>.text.UART_send_char</name>
         <load_address>0x2748</load_address>
         <readonly>true</readonly>
         <executable>true</executable>
         <run_address>0x2748</run_address>
         <size>0x1c</size>
         <alignment>0x2</alignment>
         <input_file_ref idref="fl-9"/>
      </object_component>
      <object_component id="oc-fc">
         <name>.text.delay_ms</name>
         <load_address>0x2764</load_address>
         <readonly>true</readonly>
         <executable>true</executable>
         <run_address>0x2764</run_address>
         <size>0x1c</size>
         <alignment>0x4</alignment>
         <input_file_ref idref="fl-4"/>
      </object_component>
      <object_component id="oc-17d">
         <name>.text.DL_ADC12_enablePower</name>
         <load_address>0x2780</load_address>
         <readonly>true</readonly>
         <executable>true</executable>
         <run_address>0x2780</run_address>
         <size>0x18</size>
         <alignment>0x4</alignment>
         <input_file_ref idref="fl-1"/>
      </object_component>
      <object_component id="oc-177">
         <name>.text.DL_ADC12_reset</name>
         <load_address>0x2798</load_address>
         <readonly>true</readonly>
         <executable>true</executable>
         <run_address>0x2798</run_address>
         <size>0x18</size>
         <alignment>0x4</alignment>
         <input_file_ref idref="fl-1"/>
      </object_component>
      <object_component id="oc-181">
         <name>.text.DL_GPIO_enableOutput</name>
         <load_address>0x27b0</load_address>
         <readonly>true</readonly>
         <executable>true</executable>
         <run_address>0x27b0</run_address>
         <size>0x18</size>
         <alignment>0x4</alignment>
         <input_file_ref idref="fl-1"/>
      </object_component>
      <object_component id="oc-179">
         <name>.text.DL_GPIO_enablePower</name>
         <load_address>0x27c8</load_address>
         <readonly>true</readonly>
         <executable>true</executable>
         <run_address>0x27c8</run_address>
         <size>0x18</size>
         <alignment>0x4</alignment>
         <input_file_ref idref="fl-1"/>
      </object_component>
      <object_component id="oc-185">
         <name>.text.DL_GPIO_initDigitalOutput</name>
         <load_address>0x27e0</load_address>
         <readonly>true</readonly>
         <executable>true</executable>
         <run_address>0x27e0</run_address>
         <size>0x18</size>
         <alignment>0x4</alignment>
         <input_file_ref idref="fl-1"/>
      </object_component>
      <object_component id="oc-17f">
         <name>.text.DL_GPIO_initPeripheralAnalogFunction</name>
         <load_address>0x27f8</load_address>
         <readonly>true</readonly>
         <executable>true</executable>
         <run_address>0x27f8</run_address>
         <size>0x18</size>
         <alignment>0x4</alignment>
         <input_file_ref idref="fl-1"/>
      </object_component>
      <object_component id="oc-173">
         <name>.text.DL_GPIO_reset</name>
         <load_address>0x2810</load_address>
         <readonly>true</readonly>
         <executable>true</executable>
         <run_address>0x2810</run_address>
         <size>0x18</size>
         <alignment>0x4</alignment>
         <input_file_ref idref="fl-1"/>
      </object_component>
      <object_component id="oc-11e">
         <name>.text.DL_GPIO_setPins</name>
         <load_address>0x2828</load_address>
         <readonly>true</readonly>
         <executable>true</executable>
         <run_address>0x2828</run_address>
         <size>0x18</size>
         <alignment>0x4</alignment>
         <input_file_ref idref="fl-7"/>
      </object_component>
      <object_component id="oc-188">
         <name>.text.DL_GPIO_setUpperPinsPolarity</name>
         <load_address>0x2840</load_address>
         <readonly>true</readonly>
         <executable>true</executable>
         <run_address>0x2840</run_address>
         <size>0x18</size>
         <alignment>0x2</alignment>
         <input_file_ref idref="fl-1"/>
      </object_component>
      <object_component id="oc-1b4">
         <name>.text.DL_I2C_enableAnalogGlitchFilter</name>
         <load_address>0x2858</load_address>
         <readonly>true</readonly>
         <executable>true</executable>
         <run_address>0x2858</run_address>
         <size>0x18</size>
         <alignment>0x2</alignment>
         <input_file_ref idref="fl-1"/>
      </object_component>
      <object_component id="oc-1bb">
         <name>.text.DL_I2C_enableController</name>
         <load_address>0x2870</load_address>
         <readonly>true</readonly>
         <executable>true</executable>
         <run_address>0x2870</run_address>
         <size>0x18</size>
         <alignment>0x4</alignment>
         <input_file_ref idref="fl-1"/>
      </object_component>
      <object_component id="oc-1ba">
         <name>.text.DL_I2C_enableControllerClockStretching</name>
         <load_address>0x2888</load_address>
         <readonly>true</readonly>
         <executable>true</executable>
         <run_address>0x2888</run_address>
         <size>0x18</size>
         <alignment>0x4</alignment>
         <input_file_ref idref="fl-1"/>
      </object_component>
      <object_component id="oc-17b">
         <name>.text.DL_I2C_enablePower</name>
         <load_address>0x28a0</load_address>
         <readonly>true</readonly>
         <executable>true</executable>
         <run_address>0x28a0</run_address>
         <size>0x18</size>
         <alignment>0x4</alignment>
         <input_file_ref idref="fl-1"/>
      </object_component>
      <object_component id="oc-175">
         <name>.text.DL_I2C_reset</name>
         <load_address>0x28b8</load_address>
         <readonly>true</readonly>
         <executable>true</executable>
         <run_address>0x28b8</run_address>
         <size>0x18</size>
         <alignment>0x4</alignment>
         <input_file_ref idref="fl-1"/>
      </object_component>
      <object_component id="oc-1b7">
         <name>.text.DL_I2C_setTimerPeriod</name>
         <load_address>0x28d0</load_address>
         <readonly>true</readonly>
         <executable>true</executable>
         <run_address>0x28d0</run_address>
         <size>0x18</size>
         <alignment>0x4</alignment>
         <input_file_ref idref="fl-1"/>
      </object_component>
      <object_component id="oc-18c">
         <name>.text.DL_SYSCTL_setBORThreshold</name>
         <load_address>0x28e8</load_address>
         <readonly>true</readonly>
         <executable>true</executable>
         <run_address>0x28e8</run_address>
         <size>0x18</size>
         <alignment>0x4</alignment>
         <input_file_ref idref="fl-1"/>
      </object_component>
      <object_component id="oc-17a">
         <name>.text.DL_Timer_enablePower</name>
         <load_address>0x2900</load_address>
         <readonly>true</readonly>
         <executable>true</executable>
         <run_address>0x2900</run_address>
         <size>0x18</size>
         <alignment>0x4</alignment>
         <input_file_ref idref="fl-1"/>
      </object_component>
      <object_component id="oc-174">
         <name>.text.DL_Timer_reset</name>
         <load_address>0x2918</load_address>
         <readonly>true</readonly>
         <executable>true</executable>
         <run_address>0x2918</run_address>
         <size>0x18</size>
         <alignment>0x4</alignment>
         <input_file_ref idref="fl-1"/>
      </object_component>
      <object_component id="oc-1a1">
         <name>.text.DL_Timer_setCaptureCompareOutCtl</name>
         <load_address>0x2930</load_address>
         <readonly>true</readonly>
         <executable>true</executable>
         <run_address>0x2930</run_address>
         <size>0x18</size>
         <alignment>0x4</alignment>
         <input_file_ref idref="fl-1a"/>
      </object_component>
      <object_component id="oc-e9">
         <name>.text.DL_Timer_startCounter</name>
         <load_address>0x2948</load_address>
         <readonly>true</readonly>
         <executable>true</executable>
         <run_address>0x2948</run_address>
         <size>0x18</size>
         <alignment>0x4</alignment>
         <input_file_ref idref="fl-3"/>
      </object_component>
      <object_component id="oc-14f">
         <name>.text.DL_Timer_startCounter</name>
         <load_address>0x2960</load_address>
         <readonly>true</readonly>
         <executable>true</executable>
         <run_address>0x2960</run_address>
         <size>0x18</size>
         <alignment>0x4</alignment>
         <input_file_ref idref="fl-7"/>
      </object_component>
      <object_component id="oc-17c">
         <name>.text.DL_UART_enablePower</name>
         <load_address>0x2978</load_address>
         <readonly>true</readonly>
         <executable>true</executable>
         <run_address>0x2978</run_address>
         <size>0x18</size>
         <alignment>0x4</alignment>
         <input_file_ref idref="fl-1"/>
      </object_component>
      <object_component id="oc-176">
         <name>.text.DL_UART_reset</name>
         <load_address>0x2990</load_address>
         <readonly>true</readonly>
         <executable>true</executable>
         <run_address>0x2990</run_address>
         <size>0x18</size>
         <alignment>0x4</alignment>
         <input_file_ref idref="fl-1"/>
      </object_component>
      <object_component id="oc-17e">
         <name>.text.DL_VREF_enablePower</name>
         <load_address>0x29a8</load_address>
         <readonly>true</readonly>
         <executable>true</executable>
         <run_address>0x29a8</run_address>
         <size>0x18</size>
         <alignment>0x4</alignment>
         <input_file_ref idref="fl-1"/>
      </object_component>
      <object_component id="oc-178">
         <name>.text.DL_VREF_reset</name>
         <load_address>0x29c0</load_address>
         <readonly>true</readonly>
         <executable>true</executable>
         <run_address>0x29c0</run_address>
         <size>0x18</size>
         <alignment>0x4</alignment>
         <input_file_ref idref="fl-1"/>
      </object_component>
      <object_component id="oc-152">
         <name>.text._outs</name>
         <load_address>0x29d8</load_address>
         <readonly>true</readonly>
         <executable>true</executable>
         <run_address>0x29d8</run_address>
         <size>0x18</size>
         <alignment>0x2</alignment>
         <input_file_ref idref="fl-34"/>
      </object_component>
      <object_component id="oc-e8">
         <name>.text.DL_ADC12_enableConversions</name>
         <load_address>0x29f0</load_address>
         <readonly>true</readonly>
         <executable>true</executable>
         <run_address>0x29f0</run_address>
         <size>0x16</size>
         <alignment>0x2</alignment>
         <input_file_ref idref="fl-3"/>
      </object_component>
      <object_component id="oc-1d2">
         <name>.text.DL_ADC12_enableConversions</name>
         <load_address>0x2a06</load_address>
         <readonly>true</readonly>
         <executable>true</executable>
         <run_address>0x2a06</run_address>
         <size>0x16</size>
         <alignment>0x2</alignment>
         <input_file_ref idref="fl-1"/>
      </object_component>
      <object_component id="oc-16f">
         <name>.text.DL_GPIO_readPins</name>
         <load_address>0x2a1c</load_address>
         <readonly>true</readonly>
         <executable>true</executable>
         <run_address>0x2a1c</run_address>
         <size>0x16</size>
         <alignment>0x2</alignment>
         <input_file_ref idref="fl-5"/>
      </object_component>
      <object_component id="oc-1c7">
         <name>.text.DL_UART_enable</name>
         <load_address>0x2a32</load_address>
         <readonly>true</readonly>
         <executable>true</executable>
         <run_address>0x2a32</run_address>
         <size>0x16</size>
         <alignment>0x2</alignment>
         <input_file_ref idref="fl-1"/>
      </object_component>
      <object_component id="oc-11f">
         <name>.text.DL_GPIO_clearPins</name>
         <load_address>0x2a48</load_address>
         <readonly>true</readonly>
         <executable>true</executable>
         <run_address>0x2a48</run_address>
         <size>0x14</size>
         <alignment>0x2</alignment>
         <input_file_ref idref="fl-7"/>
      </object_component>
      <object_component id="oc-187">
         <name>.text.DL_GPIO_clearPins</name>
         <load_address>0x2a5c</load_address>
         <readonly>true</readonly>
         <executable>true</executable>
         <run_address>0x2a5c</run_address>
         <size>0x14</size>
         <alignment>0x2</alignment>
         <input_file_ref idref="fl-1"/>
      </object_component>
      <object_component id="oc-1dd">
         <name>.text.DL_I2C_getControllerStatus</name>
         <load_address>0x2a70</load_address>
         <readonly>true</readonly>
         <executable>true</executable>
         <run_address>0x2a70</run_address>
         <size>0x14</size>
         <alignment>0x4</alignment>
         <input_file_ref idref="fl-8"/>
      </object_component>
      <object_component id="oc-1b6">
         <name>.text.DL_I2C_resetControllerTransfer</name>
         <load_address>0x2a84</load_address>
         <readonly>true</readonly>
         <executable>true</executable>
         <run_address>0x2a84</run_address>
         <size>0x14</size>
         <alignment>0x4</alignment>
         <input_file_ref idref="fl-1"/>
      </object_component>
      <object_component id="oc-190">
         <name>.text.DL_SYSCTL_disableSYSPLL</name>
         <load_address>0x2a98</load_address>
         <readonly>true</readonly>
         <executable>true</executable>
         <run_address>0x2a98</run_address>
         <size>0x14</size>
         <alignment>0x4</alignment>
         <input_file_ref idref="fl-1"/>
      </object_component>
      <object_component id="oc-199">
         <name>.text.DL_SYSCTL_enableSYSPLL</name>
         <load_address>0x2aac</load_address>
         <readonly>true</readonly>
         <executable>true</executable>
         <run_address>0x2aac</run_address>
         <size>0x14</size>
         <alignment>0x4</alignment>
         <input_file_ref idref="fl-1"/>
      </object_component>
      <object_component id="oc-1a3">
         <name>.text.DL_Timer_enableClock</name>
         <load_address>0x2ac0</load_address>
         <readonly>true</readonly>
         <executable>true</executable>
         <run_address>0x2ac0</run_address>
         <size>0x14</size>
         <alignment>0x4</alignment>
         <input_file_ref idref="fl-1"/>
      </object_component>
      <object_component id="oc-1a4">
         <name>.text.DL_Timer_setCCPDirection</name>
         <load_address>0x2ad4</load_address>
         <readonly>true</readonly>
         <executable>true</executable>
         <run_address>0x2ad4</run_address>
         <size>0x14</size>
         <alignment>0x2</alignment>
         <input_file_ref idref="fl-1"/>
      </object_component>
      <object_component id="oc-60">
         <name>.text.DL_GPIO_getPendingInterrupt</name>
         <load_address>0x2ae8</load_address>
         <readonly>true</readonly>
         <executable>true</executable>
         <run_address>0x2ae8</run_address>
         <size>0x12</size>
         <alignment>0x2</alignment>
         <input_file_ref idref="fl-6"/>
      </object_component>
      <object_component id="oc-6b">
         <name>.text.DL_Timer_getPendingInterrupt</name>
         <load_address>0x2afa</load_address>
         <readonly>true</readonly>
         <executable>true</executable>
         <run_address>0x2afa</run_address>
         <size>0x12</size>
         <alignment>0x2</alignment>
         <input_file_ref idref="fl-7"/>
      </object_component>
      <object_component id="oc-1bd">
         <name>.text.DL_UART_setClockConfig</name>
         <load_address>0x2b0c</load_address>
         <readonly>true</readonly>
         <executable>true</executable>
         <run_address>0x2b0c</run_address>
         <size>0x12</size>
         <alignment>0x2</alignment>
         <input_file_ref idref="fl-1b"/>
      </object_component>
      <object_component id="oc-1d4">
         <name>.text.DL_VREF_setClockConfig</name>
         <load_address>0x2b1e</load_address>
         <readonly>true</readonly>
         <executable>true</executable>
         <run_address>0x2b1e</run_address>
         <size>0x12</size>
         <alignment>0x2</alignment>
         <input_file_ref idref="fl-1c"/>
      </object_component>
      <object_component id="oc-d0">
         <name>.text:TI_memcpy_small</name>
[...]
      </symbol>
      <symbol id="sm-1ff">
         <name>calculate_speed</name>
         <value>0x10c9</value>
         <object_component_ref idref="oc-71"/>
      </symbol>
      <symbol id="sm-200">
         <name>speed_1</name>
         <value>0x20200618</value>
         <object_component_ref idref="oc-b8"/>
      </symbol>
      <symbol id="sm-201">
         <name>speed_2</name>
         <value>0x2020061c</value>
         <object_component_ref idref="oc-b9"/>
      </symbol>
      <symbol id="sm-202">
         <name>DC_MOTOR_PID</name>
         <value>0x749</value>
         <object_component_ref idref="oc-72"/>
      </symbol>
      <symbol id="sm-203">
         <name>target_speed_1</name>
         <value>0x20200624</value>
         <object_component_ref idref="oc-a0"/>
      </symbol>
      <symbol id="sm-204">
         <name>current_error_1</name>
         <value>0x20200600</value>
         <object_component_ref idref="oc-c8"/>
      </symbol>
      <symbol id="sm-205">
         <name>kp</name>
         <value>0x2020060c</value>
         <object_component_ref idref="oc-c9"/>
      </symbol>
      <symbol id="sm-206">
         <name>last_error_1</name>
         <value>0x20200610</value>
         <object_component_ref idref="oc-ca"/>
      </symbol>
      <symbol id="sm-207">
         <name>ki</name>
         <value>0x20200608</value>
         <object_component_ref idref="oc-cb"/>
      </symbol>
      <symbol id="sm-208">
         <name>PWM_1_duty</name>
         <value>0x202005f6</value>
         <object_component_ref idref="oc-cc"/>
      </symbol>
      <symbol id="sm-209">
         <name>target_speed_2</name>
         <value>0x20200628</value>
         <object_component_ref idref="oc-a1"/>
      </symbol>
      <symbol id="sm-20a">
         <name>current_error_2</name>
         <value>0x20200604</value>
         <object_component_ref idref="oc-cd"/>
      </symbol>
      <symbol id="sm-20b">
         <name>last_error_2</name>
         <value>0x20200614</value>
         <object_component_ref idref="oc-ce"/>
      </symbol>
      <symbol id="sm-20c">
         <name>PWM_2_duty</name>
         <value>0x2020062c</value>
         <object_component_ref idref="oc-cf"/>
      </symbol>
      <symbol id="sm-20d">
         <name>TIMA0_IRQHandler</name>
         <value>0x2081</value>
         <object_component_ref idref="oc-39"/>
      </symbol>
      <symbol id="sm-22e">
         <name>OLED_ColorTurn</name>
         <value>0x221d</value>
         <object_component_ref idref="oc-e4"/>
      </symbol>
      <symbol id="sm-22f">
         <name>OLED_WR_Byte</name>
         <value>0x15ed</value>
         <object_component_ref idref="oc-148"/>
      </symbol>
      <symbol id="sm-230">
         <name>OLED_DisplayTurn</name>
         <value>0x1e6d</value>
         <object_component_ref idref="oc-e5"/>
      </symbol>
      <symbol id="sm-231">
         <name>OLED_Refresh</name>
         <value>0x14f5</value>
         <object_component_ref idref="oc-14b"/>
      </symbol>
      <symbol id="sm-232">
         <name>OLED_GRAM</name>
         <value>0x20200000</value>
      </symbol>
      <symbol id="sm-233">
         <name>OLED_Clear</name>
         <value>0x1a91</value>
         <object_component_ref idref="oc-e6"/>
      </symbol>
      <symbol id="sm-234">
         <name>OLED_Init</name>
         <value>0xb85</value>
         <object_component_ref idref="oc-df"/>
      </symbol>
      <symbol id="sm-23f">
         <name>UART_send_char</name>
         <value>0x2749</value>
         <object_component_ref idref="oc-156"/>
      </symbol>
      <symbol id="sm-240">
         <name>UART_send_string</name>
         <value>0x2341</value>
         <object_component_ref idref="oc-f7"/>
      </symbol>
      <symbol id="sm-241">
         <name>__TI_ATRegion0_src_addr</name>
         <value>0x0</value>
      </symbol>
      <symbol id="sm-242">
         <name>__TI_ATRegion0_trg_addr</name>
         <value>0x0</value>
      </symbol>
      <symbol id="sm-243">
         <name>__TI_ATRegion0_region_sz</name>
         <value>0x0</value>
      </symbol>
      <symbol id="sm-244">
         <name>__TI_ATRegion1_src_addr</name>
         <value>0x0</value>
      </symbol>
      <symbol id="sm-245">
         <name>__TI_ATRegion1_trg_addr</name>
         <value>0x0</value>
      </symbol>
      <symbol id="sm-246">
         <name>__TI_ATRegion1_region_sz</name>
         <value>0x0</value>
      </symbol>
      <symbol id="sm-247">
         <name>__TI_ATRegion2_src_addr</name>
         <value>0x0</value>
      </symbol>
      <symbol id="sm-248">
         <name>__TI_ATRegion2_trg_addr</name>
         <value>0x0</value>
      </symbol>
      <symbol id="sm-249">
         <name>__TI_ATRegion2_region_sz</name>
         <value>0x0</value>
      </symbol>
      <symbol id="sm-254">
         <name>DL_ADC12_setClockConfig</name>
         <value>0x1f85</value>
         <object_component_ref idref="oc-1ca"/>
      </symbol>
      <symbol id="sm-25d">
         <name>DL_Common_delayCycles</name>
         <value>0x2bf5</value>
         <object_component_ref idref="oc-159"/>
      </symbol>
      <symbol id="sm-269">
         <name>DL_I2C_setClockConfig</name>
         <value>0x24ab</value>
         <object_component_ref idref="oc-1ad"/>
      </symbol>
      <symbol id="sm-26a">
         <name>DL_I2C_fillControllerTXFIFO</name>
         <value>0x1b51</value>
         <object_component_ref idref="oc-1de"/>
      </symbol>
      <symbol id="sm-286">
         <name>DL_Timer_setClockConfig</name>
         <value>0x2711</value>
         <object_component_ref idref="oc-19e"/>
      </symbol>
      <symbol id="sm-287">
         <name>DL_Timer_initTimerMode</name>
         <value>0xa89</value>
         <object_component_ref idref="oc-1a9"/>
      </symbol>
      <symbol id="sm-288">
         <name>DL_Timer_setCaptureCompareValue</name>
         <value>0x2b85</value>
         <object_component_ref idref="oc-ea"/>
      </symbol>
      <symbol id="sm-289">
         <name>DL_Timer_setCaptCompUpdateMethod</name>
         <value>0x26f5</value>
         <object_component_ref idref="oc-1a2"/>
      </symbol>
      <symbol id="sm-28a">
         <name>DL_Timer_setCaptureCompareOutCtl</name>
         <value>0x2931</value>
         <object_component_ref idref="oc-1a1"/>
      </symbol>
      <symbol id="sm-28b">
         <name>DL_Timer_initFourCCPWMMode</name>
         <value>0x885</value>
         <object_component_ref idref="oc-19f"/>
      </symbol>
      <symbol id="sm-29b">
         <name>DL_UART_init</name>
         <value>0x1e25</value>
         <object_component_ref idref="oc-1c3"/>
      </symbol>
      <symbol id="sm-29c">
         <name>DL_UART_setClockConfig</name>
         <value>0x2b0d</value>
         <object_component_ref idref="oc-1bd"/>
      </symbol>
      <symbol id="sm-29d">
         <name>DL_UART_transmitDataBlocking</name>
         <value>0x22b9</value>
         <object_component_ref idref="oc-1e8"/>
      </symbol>
      <symbol id="sm-2a9">
         <name>DL_VREF_configReference</name>
         <value>0x2519</value>
         <object_component_ref idref="oc-1da"/>
      </symbol>
      <symbol id="sm-2aa">
         <name>DL_VREF_setClockConfig</name>
         <value>0x2b1f</value>
         <object_component_ref idref="oc-1d4"/>
      </symbol>
      <symbol id="sm-2be">
         <name>DL_SYSCTL_configSYSPLL</name>
         <value>0xe49</value>
         <object_component_ref idref="oc-197"/>
      </symbol>
      <symbol id="sm-2bf">
         <name>DL_SYSCTL_switchMCLKfromSYSOSCtoHSCLK</name>
         <value>0x1efd</value>
         <object_component_ref idref="oc-19c"/>
      </symbol>
      <symbol id="sm-2c0">
         <name>DL_SYSCTL_setHFCLKSourceHFXTParams</name>
         <value>0x1965</value>
         <object_component_ref idref="oc-191"/>
      </symbol>
      <symbol id="sm-2c1">
         <name>DL_SYSCTL_configFCC</name>
         <value>0x2669</value>
         <object_component_ref idref="oc-1fb"/>
      </symbol>
      <symbol id="sm-2d2">
         <name>sprintf</name>
         <value>0x21e5</value>
         <object_component_ref idref="oc-f1"/>
      </symbol>
      <symbol id="sm-2dd">
         <name>_c_int00_noargs</name>
         <value>0x245d</value>
         <object_component_ref idref="oc-59"/>
      </symbol>
      <symbol id="sm-2de">
         <name>__stack</name>
         <value>0x20207e00</value>
         <object_component_ref idref="oc-1a"/>
      </symbol>
      <symbol id="sm-2ea">
         <name>__TI_auto_init_nobinit_nopinit</name>
         <value>0x20f9</value>
         <object_component_ref idref="oc-108"/>
      </symbol>
      <symbol id="sm-2f2">
         <name>_system_pre_init</name>
         <value>0x2c1b</value>
         <object_component_ref idref="oc-7e"/>
      </symbol>
      <symbol id="sm-2fd">
         <name>__TI_zero_init</name>
         <value>0x2b95</value>
         <object_component_ref idref="oc-56"/>
      </symbol>
      <symbol id="sm-306">
         <name>__TI_decompress_none</name>
         <value>0x2b43</value>
         <object_component_ref idref="oc-20"/>
      </symbol>
      <symbol id="sm-311">
         <name>__TI_decompress_lzss</name>
         <value>0x1571</value>
         <object_component_ref idref="oc-1c"/>
      </symbol>
      <symbol id="sm-327">
         <name>__TI_printfi_minimal</name>
         <value>0xc1</value>
         <object_component_ref idref="oc-1e0"/>
      </symbol>
      <symbol id="sm-332">
         <name>abort</name>
         <value>0x2c09</value>
         <object_component_ref idref="oc-101"/>
      </symbol>
      <symbol id="sm-341">
         <name>memccpy</name>
         <value>0x253b</value>
         <object_component_ref idref="oc-216"/>
      </symbol>
      <symbol id="sm-354">
         <name>HOSTexit</name>
         <value>0x2c13</value>
         <object_component_ref idref="oc-15f"/>
      </symbol>
      <symbol id="sm-355">
         <name>C$$EXIT</name>
         <value>0x2c12</value>
         <object_component_ref idref="oc-15f"/>
      </symbol>
      <symbol id="sm-36a">
         <name>__aeabi_fadd</name>
         <value>0xf2f</value>
         <object_component_ref idref="oc-ba"/>
      </symbol>
      <symbol id="sm-36b">
         <name>__addsf3</name>
         <value>0xf2f</value>
         <object_component_ref idref="oc-ba"/>
      </symbol>
      <symbol id="sm-36c">
         <name>__aeabi_fsub</name>
         <value>0xf25</value>
         <object_component_ref idref="oc-ba"/>
      </symbol>
      <symbol id="sm-36d">
         <name>__subsf3</name>
         <value>0xf25</value>
         <object_component_ref idref="oc-ba"/>
      </symbol>
      <symbol id="sm-373">
         <name>__aeabi_dmul</name>
         <value>0xd65</value>
         <object_component_ref idref="oc-b0"/>
      </symbol>
      <symbol id="sm-374">
         <name>__muldf3</name>
         <value>0xd65</value>
         <object_component_ref idref="oc-b0"/>
      </symbol>
      <symbol id="sm-37a">
         <name>__muldsi3</name>
         <value>0x2171</value>
         <object_component_ref idref="oc-12a"/>
      </symbol>
      <symbol id="sm-380">
         <name>__aeabi_fmul</name>
         <value>0x135d</value>
         <object_component_ref idref="oc-be"/>
      </symbol>
      <symbol id="sm-381">
         <name>__mulsf3</name>
         <value>0x135d</value>
         <object_component_ref idref="oc-be"/>
      </symbol>
      <symbol id="sm-387">
         <name>__aeabi_fdiv</name>
         <value>0x1471</value>
         <object_component_ref idref="oc-a8"/>
      </symbol>
      <symbol id="sm-388">
         <name>__divsf3</name>
         <value>0x1471</value>
         <object_component_ref idref="oc-a8"/>
      </symbol>
      <symbol id="sm-38e">
         <name>__aeabi_f2d</name>
         <value>0x2005</value>
         <object_component_ref idref="oc-ac"/>
      </symbol>
      <symbol id="sm-38f">
         <name>__extendsfdf2</name>
         <value>0x2005</value>
         <object_component_ref idref="oc-ac"/>
      </symbol>
      <symbol id="sm-395">
         <name>__aeabi_f2iz</name>
         <value>0x21ad</value>
         <object_component_ref idref="oc-c2"/>
      </symbol>
      <symbol id="sm-396">
         <name>__fixsfsi</name>
         <value>0x21ad</value>
         <object_component_ref idref="oc-c2"/>
      </symbol>
      <symbol id="sm-39c">
         <name>__aeabi_ui2d</name>
         <value>0x24f5</value>
         <object_component_ref idref="oc-203"/>
      </symbol>
      <symbol id="sm-39d">
         <name>__floatunsidf</name>
         <value>0x24f5</value>
         <object_component_ref idref="oc-203"/>
      </symbol>
      <symbol id="sm-3a3">
         <name>__aeabi_ui2f</name>
         <value>0x2435</value>
         <object_component_ref idref="oc-a4"/>
      </symbol>
      <symbol id="sm-3a4">
         <name>__floatunsisf</name>
         <value>0x2435</value>
         <object_component_ref idref="oc-a4"/>
      </symbol>
      <symbol id="sm-3ab">
         <name>__aeabi_d2f</name>
         <value>0x1751</value>
         <object_component_ref idref="oc-b4"/>
      </symbol>
      <symbol id="sm-3ac">
         <name>__truncdfsf2</name>
         <value>0x1751</value>
         <object_component_ref idref="oc-b4"/>
      </symbol>
      <symbol id="sm-3b2">
         <name>__aeabi_dcmpeq</name>
         <value>0x19c9</value>
         <object_component_ref idref="oc-207"/>
      </symbol>
      <symbol id="sm-3b3">
         <name>__aeabi_dcmplt</name>
         <value>0x19dd</value>
         <object_component_ref idref="oc-207"/>
      </symbol>
      <symbol id="sm-3b4">
         <name>__aeabi_dcmple</name>
         <value>0x19f1</value>
         <object_component_ref idref="oc-207"/>
      </symbol>
      <symbol id="sm-3b5">
         <name>__aeabi_dcmpge</name>
         <value>0x1a05</value>
         <object_component_ref idref="oc-207"/>
      </symbol>
      <symbol id="sm-3b6">
         <name>__aeabi_dcmpgt</name>
         <value>0x1a19</value>
         <object_component_ref idref="oc-207"/>
      </symbol>
      <symbol id="sm-3bc">
         <name>__aeabi_fcmpeq</name>
         <value>0x1a2d</value>
         <object_component_ref idref="oc-9a"/>
      </symbol>
      <symbol id="sm-3bd">
         <name>__aeabi_fcmplt</name>
         <value>0x1a41</value>
         <object_component_ref idref="oc-9a"/>
      </symbol>
      <symbol id="sm-3be">
         <name>__aeabi_fcmple</name>
         <value>0x1a55</value>
         <object_component_ref idref="oc-9a"/>
      </symbol>
      <symbol id="sm-3bf">
         <name>__aeabi_fcmpge</name>
         <value>0x1a69</value>
         <object_component_ref idref="oc-9a"/>
      </symbol>
      <symbol id="sm-3c0">
         <name>__aeabi_fcmpgt</name>
         <value>0x1a7d</value>
         <object_component_ref idref="oc-9a"/>
      </symbol>
      <symbol id="sm-3c6">
         <name>__aeabi_idiv</name>
         <value>0x1bb1</value>
         <object_component_ref idref="oc-61"/>
      </symbol>
      <symbol id="sm-3c7">
         <name>__aeabi_idivmod</name>
         <value>0x1bb1</value>
         <object_component_ref idref="oc-61"/>
      </symbol>
      <symbol id="sm-3cd">
         <name>__aeabi_memcpy</name>
         <value>0x1749</value>
         <object_component_ref idref="oc-49"/>
      </symbol>
      <symbol id="sm-3ce">
         <name>__aeabi_memcpy4</name>
         <value>0x1749</value>
         <object_component_ref idref="oc-49"/>
      </symbol>
      <symbol id="sm-3cf">
         <name>__aeabi_memcpy8</name>
         <value>0x1749</value>
         <object_component_ref idref="oc-49"/>
      </symbol>
      <symbol id="sm-3d8">
         <name>__aeabi_memset</name>
         <value>0x2ba5</value>
         <object_component_ref idref="oc-215"/>
      </symbol>
      <symbol id="sm-3d9">
         <name>__aeabi_memset4</name>
         <value>0x2ba5</value>
         <object_component_ref idref="oc-215"/>
      </symbol>
      <symbol id="sm-3da">
         <name>__aeabi_memset8</name>
         <value>0x2ba5</value>
         <object_component_ref idref="oc-215"/>
      </symbol>
      <symbol id="sm-3db">
         <name>__aeabi_memclr</name>
         <value>0x2be9</value>
         <object_component_ref idref="oc-79"/>
      </symbol>
      <symbol id="sm-3dc">
         <name>__aeabi_memclr4</name>
         <value>0x2be9</value>
         <object_component_ref idref="oc-79"/>
      </symbol>
      <symbol id="sm-3dd">
         <name>__aeabi_memclr8</name>
         <value>0x2be9</value>
         <object_component_ref idref="oc-79"/>
      </symbol>
      <symbol id="sm-3e3">
         <name>__aeabi_uidiv</name>
         <value>0x1fc5</value>
         <object_component_ref idref="oc-1ff"/>
      </symbol>
      <symbol id="sm-3e4">
         <name>__aeabi_uidivmod</name>
         <value>0x1fc5</value>
         <object_component_ref idref="oc-1ff"/>
      </symbol>
      <symbol id="sm-3ed">
         <name>__eqsf2</name>
         <value>0x2135</value>
         <object_component_ref idref="oc-120"/>
      </symbol>
      <symbol id="sm-3ee">
         <name>__lesf2</name>
         <value>0x2135</value>
         <object_component_ref idref="oc-120"/>
      </symbol>
      <symbol id="sm-3ef">
         <name>__ltsf2</name>
         <value>0x2135</value>
         <object_component_ref idref="oc-120"/>
      </symbol>
      <symbol id="sm-3f0">
         <name>__nesf2</name>
         <value>0x2135</value>
         <object_component_ref idref="oc-120"/>
      </symbol>
      <symbol id="sm-3f1">
         <name>__cmpsf2</name>
         <value>0x2135</value>
         <object_component_ref idref="oc-120"/>
      </symbol>
      <symbol id="sm-3f2">
         <name>__gtsf2</name>
         <value>0x20bd</value>
         <object_component_ref idref="oc-125"/>
      </symbol>
      <symbol id="sm-3f3">
         <name>__gesf2</name>
         <value>0x20bd</value>
         <object_component_ref idref="oc-125"/>
      </symbol>
      <symbol id="sm-401">
         <name>__ledf2</name>
         <value>0x1831</value>
         <object_component_ref idref="oc-239"/>
      </symbol>
      <symbol id="sm-402">
         <name>__gedf2</name>
         <value>0x16d5</value>
         <object_component_ref idref="oc-23f"/>
      </symbol>
      <symbol id="sm-403">
         <name>__cmpdf2</name>
         <value>0x1831</value>
         <object_component_ref idref="oc-239"/>
      </symbol>
      <symbol id="sm-404">
         <name>__eqdf2</name>
         <value>0x1831</value>
         <object_component_ref idref="oc-239"/>
      </symbol>
      <symbol id="sm-405">
         <name>__ltdf2</name>
         <value>0x1831</value>
         <object_component_ref idref="oc-239"/>
      </symbol>
      <symbol id="sm-406">
         <name>__nedf2</name>
         <value>0x1831</value>
         <object_component_ref idref="oc-239"/>
      </symbol>
      <symbol id="sm-407">
         <name>__gtdf2</name>
         <value>0x16d5</value>
         <object_component_ref idref="oc-23f"/>
      </symbol>
      <symbol id="sm-411">
         <name>__aeabi_idiv0</name>
         <value>0x14f3</value>
         <object_component_ref idref="oc-90"/>
      </symbol>
      <symbol id="sm-41b">
         <name>TI_memcpy_small</name>
         <value>0x2b31</value>
         <object_component_ref idref="oc-d0"/>
      </symbol>
      <symbol id="sm-424">
         <name>TI_memset_small</name>
         <value>0x2bc1</value>
         <object_component_ref idref="oc-134"/>
      </symbol>
      <symbol id="sm-425">
         <name>__TI_static_base__</name>
         <value>0x0</value>
      </symbol>
      <symbol id="sm-428">
         <name>__mpu_init</name>
         <value>0x0</value>
      </symbol>
      <symbol id="sm-429">
         <name>_system_post_cinit</name>
         <value>0x0</value>
      </symbol>
   </symbol_table>
   <title>Link successful</title>
</link_info>
