******************************************************************************
            TI ARM Clang Linker PC v4.0.4                      
******************************************************************************
>> Linked Sat Jul 18 17:35:18 2026

OUTPUT FILE NAME:   <11_PID_car.out>
ENTRY POINT SYMBOL: "_c_int00_noargs"  address: 00002335


MEMORY CONFIGURATION

         name            origin    length      used     unused   attr    fill
----------------------  --------  ---------  --------  --------  ----  --------
  FLASH                 00000000   00020000  00002b00  0001d500  R  X
  SRAM                  20200000   00008000  00000778  00007888  RW X
  BCR_CONFIG            41c00000   000000ff  00000000  000000ff  R   
  BSL_CONFIG            41c00100   00000080  00000000  00000080  R   


SEGMENT ALLOCATION MAP

run origin  load origin   length   init length attrs members
----------  ----------- ---------- ----------- ----- -------
00000000    00000000    00002b00   00002b00    r-x
  00000000    00000000    000000c0   000000c0    r-- .intvecs
  000000c0    000000c0    00002970   00002970    r-x .text
  00002a30    00002a30    00000098   00000098    r-- .rodata
  00002ac8    00002ac8    00000038   00000038    r-- .cinit
20200000    20200000    00000578   00000000    rw-
  20200000    20200000    0000053c   00000000    rw- .bss
  2020053c    2020053c    0000003c   00000000    rw- .data
20207e00    20207e00    00000200   00000000    rw-
  20207e00    20207e00    00000200   00000000    rw- .stack


SECTION ALLOCATION MAP

 output                                  attributes/
section   page    origin      length       input sections
--------  ----  ----------  ----------   ----------------
.intvecs   0    00000000    000000c0     
                  00000000    000000c0     startup_mspm0g350x_ticlang.o (.intvecs)

.text      0    000000c0    00002970     
                  000000c0    00000284     libc.a : _printfi.c.obj (.text:__TI_printfi_minimal)
                  00000344    000001e4     ti_msp_dl_config.o (.text.SYSCFG_DL_GPIO_init)
                  00000528    000001bc     motor.o (.text.DC_MOTOR_PID)
                  000006e4    00000194     huidu.o (.text.adjust_motor)
                  00000878    00000130     main.o (.text.main)
                  000009a8    0000010c     motor.o (.text.motor_set_direction)
                  00000ab4    00000104     driverlib.a : dl_timer.o (.text.DL_Timer_initFourCCPWMMode)
                  00000bb8    000000fc                 : dl_timer.o (.text.DL_Timer_initTimerMode)
                  00000cb4    000000f8     oled.o (.text.OLED_Init)
                  00000dac    000000e8     ti_msp_dl_config.o (.text.SYSCFG_DL_SYSCTL_SYSPLL_init)
                  00000e94    000000e4     libclang_rt.builtins.a : muldf3.S.obj (.text.__muldf3)
                  00000f78    000000dc     driverlib.a : dl_sysctl_mspm0g1x0x_g3x0x.o (.text.DL_SYSCTL_configSYSPLL)
                  00001054    000000d8     libclang_rt.builtins.a : addsf3.S.obj (.text)
                  0000112c    000000c4     motor.o (.text.calculate_speed)
                  000011f0    00000098     huidu.o (.text.huidu_get_value)
                  00001288    0000008c     key.o (.text.GROUP1_IRQHandler)
                  00001314    0000008c     ti_msp_dl_config.o (.text.SYSCFG_DL_PWMAB_init)
                  000013a0    0000008c     libclang_rt.builtins.a : mulsf3.S.obj (.text.__mulsf3)
                  0000142c    00000082                            : divsf3.S.obj (.text.__divsf3)
                  000014ae    00000002                            : aeabi_div0.c.obj (.text.__aeabi_idiv0)
                  000014b0    0000007c     oled.o (.text.OLED_Refresh)
                  0000152c    0000007c     ti_msp_dl_config.o (.text.SYSCFG_DL_initPower)
                  000015a8    0000007c     motor.o (.text.motor_init)
                  00001624    0000007c     libc.a : copy_decompress_lzss.c.obj (.text:decompress:lzss)
                  000016a0    00000074     oled.o (.text.OLED_WR_Byte)
                  00001714    00000074     ti_msp_dl_config.o (.text.SYSCFG_DL_SYSCTL_init)
                  00001788    00000074     libclang_rt.builtins.a : comparedf2.c.obj (.text.__gedf2)
                  000017fc    00000004     startup_mspm0g350x_ticlang.o (.text.Default_Handler)
                  00001800    00000074     libclang_rt.builtins.a : truncdfsf2.S.obj (.text.__truncdfsf2)
                  00001874    00000068                            : comparedf2.c.obj (.text.__ledf2)
                  000018dc    00000064     driverlib.a : dl_sysctl_mspm0g1x0x_g3x0x.o (.text.DL_SYSCTL_setHFCLKSourceHFXTParams)
                  00001940    00000062     libclang_rt.builtins.a : aeabi_dcmp.S.obj (.text.__aeabi_dcmp)
                  000019a2    00000002     --HOLE-- [fill = 0]
                  000019a4    00000062                            : aeabi_fcmp.S.obj (.text.__aeabi_fcmp)
                  00001a06    00000002     --HOLE-- [fill = 0]
                  00001a08    00000060     oled.o (.text.OLED_Clear)
                  00001a68    00000060     ti_msp_dl_config.o (.text.SYSCFG_DL_OLED_init)
                  00001ac8    0000005e     driverlib.a : dl_i2c.o (.text.DL_I2C_fillControllerTXFIFO)
                  00001b26    00000002     --HOLE-- [fill = 0]
                  00001b28    00000058     motor.o (.text.motor_set_duty)
                  00001b80    00000056     libclang_rt.builtins.a : aeabi_idivmod.S.obj (.text.__aeabi_idivmod)
                  00001bd6    00000002     --HOLE-- [fill = 0]
                  00001bd8    00000050     ti_msp_dl_config.o (.text.DL_GPIO_initPeripheralInputFunctionFeatures)
                  00001c28    00000050     oled.o (.text.DL_I2C_startControllerTransfer)
                  00001c78    0000004c     ti_msp_dl_config.o (.text.DL_GPIO_initDigitalInputFeatures)
                  00001cc4    0000004c     ti_msp_dl_config.o (.text.DL_UART_setBaudRateDivisor)
                  00001d10    00000048     driverlib.a : dl_uart.o (.text.DL_UART_init)
                  00001d58    00000048     oled.o (.text.OLED_DisplayTurn)
                  00001da0    00000048     ti_msp_dl_config.o (.text.SYSCFG_DL_DEBUG_init)
                  00001de8    00000044     driverlib.a : dl_sysctl_mspm0g1x0x_g3x0x.o (.text.DL_SYSCTL_switchMCLKfromSYSOSCtoHSCLK)
                  00001e2c    00000040     libclang_rt.builtins.a : aeabi_uidivmod.S.obj (.text.__aeabi_uidivmod)
                  00001e6c    00000040                            : extendsfdf2.S.obj (.text.__extendsfdf2)
                  00001eac    0000003c     ti_msp_dl_config.o (.text.DL_Timer_setCounterControl)
                  00001ee8    0000003c     motor.o (.text.TIMA0_IRQHandler)
                  00001f24    0000003c     libclang_rt.builtins.a : floatsisf.S.obj (.text.__floatsisf)
                  00001f60    0000003c                            : comparesf2.S.obj (.text.__gtsf2)
                  00001f9c    0000003c     libc.a : autoinit.c.obj (.text:__TI_auto_init_nobinit_nopinit)
                  00001fd8    0000003a     libclang_rt.builtins.a : comparesf2.S.obj (.text.__eqsf2)
                  00002012    00000002     --HOLE-- [fill = 0]
                  00002014    0000003a                            : muldsi3.S.obj (.text.__muldsi3)
                  0000204e    00000002     --HOLE-- [fill = 0]
                  00002050    00000038                            : fixsfsi.S.obj (.text.__fixsfsi)
                  00002088    00000038     libc.a : sprintf.c.obj (.text.sprintf)
                  000020c0    00000034     oled.o (.text.OLED_ColorTurn)
                  000020f4    00000034     ti_msp_dl_config.o (.text.SYSCFG_DL_MOTOR_PID_init)
                  00002128    00000034     huidu.o (.text.get_gpio_state)
                  0000215c    00000030     driverlib.a : dl_uart.o (.text.DL_UART_transmitDataBlocking)
                  0000218c    00000030     motor.o (.text.limit_duty)
                  000021bc    0000002c     ti_msp_dl_config.o (.text.SYSCFG_DL_init)
                  000021e8    0000002c     main.o (.text.__NVIC_EnableIRQ)
                  00002214    0000002c     motor.o (.text.__NVIC_EnableIRQ)
                  00002240    0000002a     uart.o (.text.UART_send_string)
                  0000226a    00000028     oled.o (.text.DL_Common_updateReg)
                  00002292    00000028     ti_msp_dl_config.o (.text.DL_Common_updateReg)
                  000022ba    00000002     --HOLE-- [fill = 0]
                  000022bc    00000028     ti_msp_dl_config.o (.text.DL_I2C_setControllerRXFIFOThreshold)
                  000022e4    00000028     ti_msp_dl_config.o (.text.DL_I2C_setControllerTXFIFOThreshold)
                  0000230c    00000028     libclang_rt.builtins.a : floatunsisf.S.obj (.text.__floatunsisf)
                  00002334    00000028     libc.a : boot_cortex_m.c.obj (.text:_c_int00_noargs)
                  0000235c    00000026     ti_msp_dl_config.o (.text.DL_I2C_setAnalogGlitchFilterPulseWidth)
                  00002382    00000026     driverlib.a : dl_i2c.o (.text.DL_I2C_setClockConfig)
                  000023a8    00000024     ti_msp_dl_config.o (.text.DL_I2C_setDigitalGlitchFilterPulseWidth)
                  000023cc    00000024     libclang_rt.builtins.a : floatunsidf.S.obj (.text.__floatunsidf)
                  000023f0    00000022     libc.a : memccpy.c.obj (.text.memccpy)
                  00002412    00000002     --HOLE-- [fill = 0]
                  00002414    00000020     ti_msp_dl_config.o (.text.DL_GPIO_initPeripheralInputFunction)
                  00002434    00000020     ti_msp_dl_config.o (.text.DL_SYSCTL_setFlashWaitState)
                  00002454    0000001e     ti_msp_dl_config.o (.text.DL_UART_setOversampling)
                  00002472    00000002     --HOLE-- [fill = 0]
                  00002474    0000001c     ti_msp_dl_config.o (.text.DL_GPIO_clearInterruptStatus)
                  00002490    0000001c     ti_msp_dl_config.o (.text.DL_GPIO_enableHiZ)
                  000024ac    0000001c     ti_msp_dl_config.o (.text.DL_GPIO_enableInterrupt)
                  000024c8    0000001c     ti_msp_dl_config.o (.text.DL_GPIO_initPeripheralOutputFunction)
                  000024e4    0000001c     ti_msp_dl_config.o (.text.DL_GPIO_setLowerPinsPolarity)
                  00002500    0000001c     driverlib.a : dl_sysctl_mspm0g1x0x_g3x0x.o (.text.DL_SYSCTL_configFCC)
                  0000251c    0000001c     ti_msp_dl_config.o (.text.DL_SYSCTL_setFCCPeriods)
                  00002538    0000001c     ti_msp_dl_config.o (.text.DL_SYSCTL_setSYSOSCFreq)
                  00002554    0000001c     ti_msp_dl_config.o (.text.DL_SYSCTL_setULPCLKDivider)
                  00002570    0000001c     ti_msp_dl_config.o (.text.DL_Timer_enableInterrupt)
                  0000258c    0000001c     driverlib.a : dl_timer.o (.text.DL_Timer_setCaptCompUpdateMethod)
                  000025a8    0000001c                 : dl_timer.o (.text.DL_Timer_setClockConfig)
                  000025c4    0000001c     ti_msp_dl_config.o (.text.DL_UART_enableInterrupt)
                  000025e0    0000001c     uart.o (.text.UART_send_char)
                  000025fc    0000001c     delay.o (.text.delay_ms)
                  00002618    00000018     ti_msp_dl_config.o (.text.DL_GPIO_enableOutput)
                  00002630    00000018     ti_msp_dl_config.o (.text.DL_GPIO_enablePower)
                  00002648    00000018     ti_msp_dl_config.o (.text.DL_GPIO_initDigitalOutput)
                  00002660    00000018     ti_msp_dl_config.o (.text.DL_GPIO_initPeripheralAnalogFunction)
                  00002678    00000018     ti_msp_dl_config.o (.text.DL_GPIO_reset)
                  00002690    00000018     motor.o (.text.DL_GPIO_setPins)
                  000026a8    00000018     ti_msp_dl_config.o (.text.DL_GPIO_setUpperPinsPolarity)
                  000026c0    00000018     ti_msp_dl_config.o (.text.DL_I2C_enableAnalogGlitchFilter)
                  000026d8    00000018     ti_msp_dl_config.o (.text.DL_I2C_enableController)
                  000026f0    00000018     ti_msp_dl_config.o (.text.DL_I2C_enableControllerClockStretching)
                  00002708    00000018     ti_msp_dl_config.o (.text.DL_I2C_enablePower)
                  00002720    00000018     ti_msp_dl_config.o (.text.DL_I2C_reset)
                  00002738    00000018     ti_msp_dl_config.o (.text.DL_I2C_setTimerPeriod)
                  00002750    00000018     ti_msp_dl_config.o (.text.DL_SYSCTL_setBORThreshold)
                  00002768    00000018     ti_msp_dl_config.o (.text.DL_Timer_enablePower)
                  00002780    00000018     ti_msp_dl_config.o (.text.DL_Timer_reset)
                  00002798    00000018     driverlib.a : dl_timer.o (.text.DL_Timer_setCaptureCompareOutCtl)
                  000027b0    00000018     motor.o (.text.DL_Timer_startCounter)
                  000027c8    00000018     ti_msp_dl_config.o (.text.DL_UART_enablePower)
                  000027e0    00000018     ti_msp_dl_config.o (.text.DL_UART_reset)
                  000027f8    00000018     libc.a : sprintf.c.obj (.text._outs)
                  00002810    00000016     huidu.o (.text.DL_GPIO_readPins)
                  00002826    00000016     ti_msp_dl_config.o (.text.DL_UART_enable)
                  0000283c    00000014     motor.o (.text.DL_GPIO_clearPins)
                  00002850    00000014     ti_msp_dl_config.o (.text.DL_GPIO_clearPins)
                  00002864    00000014     oled.o (.text.DL_I2C_getControllerStatus)
                  00002878    00000014     ti_msp_dl_config.o (.text.DL_I2C_resetControllerTransfer)
                  0000288c    00000014     ti_msp_dl_config.o (.text.DL_SYSCTL_disableSYSPLL)
                  000028a0    00000014     ti_msp_dl_config.o (.text.DL_SYSCTL_enableSYSPLL)
                  000028b4    00000014     ti_msp_dl_config.o (.text.DL_Timer_enableClock)
                  000028c8    00000014     ti_msp_dl_config.o (.text.DL_Timer_setCCPDirection)
                  000028dc    00000014     motor.o (.text.motor_pid_start)
                  000028f0    00000012     key.o (.text.DL_GPIO_getPendingInterrupt)
                  00002902    00000012     motor.o (.text.DL_Timer_getPendingInterrupt)
                  00002914    00000012     driverlib.a : dl_uart.o (.text.DL_UART_setClockConfig)
                  00002926    00000012     huidu.o (.text.is_on_line)
                  00002938    00000012     libc.a : memcpy16.S.obj (.text:TI_memcpy_small)
                  0000294a    00000012            : copy_decompress_none.c.obj (.text:decompress:none)
                  0000295c    00000010     ti_msp_dl_config.o (.text.DL_SYSCTL_disableHFXT)
                  0000296c    00000010     ti_msp_dl_config.o (.text.DL_SYSCTL_isFCCDone)
                  0000297c    00000010     ti_msp_dl_config.o (.text.DL_SYSCTL_startFCC)
                  0000298c    00000010     driverlib.a : dl_timer.o (.text.DL_Timer_setCaptureCompareValue)
                  0000299c    00000010     libc.a : copy_zero_init.c.obj (.text:decompress:ZI)
                  000029ac    0000000e     libclang_rt.builtins.a : aeabi_memset.S.obj (.text.__aeabi_memset)
                  000029ba    0000000e     libc.a : _printfi.c.obj (.text.strlen)
                  000029c8    0000000e            : memset16.S.obj (.text:TI_memset_small)
                  000029d6    00000002     --HOLE-- [fill = 0]
                  000029d8    0000000c     ti_msp_dl_config.o (.text.DL_SYSCTL_getClockStatus)
                  000029e4    0000000c     ti_msp_dl_config.o (.text.DL_SYSCTL_readFCC)
                  000029f0    0000000c     libclang_rt.builtins.a : aeabi_memset.S.obj (.text.__aeabi_memclr)
                  000029fc    0000000a     driverlib.a : dl_common.o (.text.DL_Common_delayCycles)
                  00002a06    0000000a     libc.a : sprintf.c.obj (.text._outc)
                  00002a10    00000008     libclang_rt.builtins.a : aeabi_memcpy.S.obj (.text.__aeabi_memcpy)
                  00002a18    00000006     libc.a : exit.c.obj (.text:abort)
                  00002a1e    00000004     libsysbm.a : hostexit.c.obj (.text.HOSTexit)
                  00002a22    00000004     startup_mspm0g350x_ticlang.o (.text.Reset_Handler)
                  00002a26    00000004     libc.a : pre_init.c.obj (.text._system_pre_init)
                  00002a2a    00000006     --HOLE-- [fill = 0]

.cinit     0    00002ac8    00000038     
                  00002ac8    00000014     (.cinit..data.load) [load image, compression = lzss]
                  00002adc    0000000c     (__TI_handler_table)
                  00002ae8    00000008     (.cinit..bss.load) [load image, compression = zero_init]
                  00002af0    00000010     (__TI_cinit_table)

.rodata    0    00002a30    00000098     
                  00002a30    00000028     ti_msp_dl_config.o (.rodata.gSYSPLLConfig)
                  00002a58    00000028     main.o (.rodata.str1.15159059442110792349.1)
                  00002a80    00000014     ti_msp_dl_config.o (.rodata.gMOTOR_PIDTimerConfig)
                  00002a94    00000011     libc.a : _printfi.c.obj (.rodata.str1.15363888844622738466.1)
                  00002aa5    00000001     --HOLE-- [fill = 0]
                  00002aa6    0000000a     ti_msp_dl_config.o (.rodata.gDEBUGConfig)
                  00002ab0    00000008     ti_msp_dl_config.o (.rodata.gPWMABConfig)
                  00002ab8    00000003     ti_msp_dl_config.o (.rodata.gMOTOR_PIDClockConfig)
                  00002abb    00000003     ti_msp_dl_config.o (.rodata.gPWMABClockConfig)
                  00002abe    00000002     ti_msp_dl_config.o (.rodata.gDEBUGClockConfig)
                  00002ac0    00000002     ti_msp_dl_config.o (.rodata.gOLEDClockConfig)
                  00002ac2    00000006     --HOLE-- [fill = 0]

.init_array 
*          0    00000000    00000000     UNINITIALIZED

.binit     0    00000000    00000000     

.bss       0    20200000    0000053c     UNINITIALIZED
                  20200000    00000480     (.common:OLED_GRAM)
                  20200480    000000bc     (.common:gMOTOR_PIDBackup)

.data      0    2020053c    0000003c     UNINITIALIZED
                  2020053c    00000008     huidu.o (.data.huidu_value)
                  20200544    00000004     motor.o (.data.PWM_1_duty)
                  20200548    00000004     motor.o (.data.PWM_2_duty)
                  2020054c    00000004     key.o (.data.counter_1_A)
                  20200550    00000004     key.o (.data.counter_2_A)
                  20200554    00000004     motor.o (.data.integral_1)
                  20200558    00000004     motor.o (.data.integral_2)
                  2020055c    00000004     motor.o (.data.ki)
                  20200560    00000004     motor.o (.data.kp)
                  20200564    00000004     motor.o (.data.speed_1)
                  20200568    00000004     motor.o (.data.speed_2)
                  2020056c    00000004     main.o (.data.status)
                  20200570    00000004     motor.o (.data.target_speed_1)
                  20200574    00000004     motor.o (.data.target_speed_2)

.stack     0    20207e00    00000200     UNINITIALIZED
                  20207e00    00000004     libc.a : boot_cortex_m.c.obj (.stack)
                  20207e04    000001fc     --HOLE--

__llvm_prf_cnts 
*          0    20200000    00000000     UNINITIALIZED

__llvm_prf_bits 
*          0    20200000    00000000     UNINITIALIZED

MODULE SUMMARY

       Module                         code    ro data   rw data
       ------                         ----    -------   -------
    .\
       ti_msp_dl_config.o             2842    88        188    
       main.o                         348     40        4      
       startup_mspm0g350x_ticlang.o   8       192       0      
    +--+------------------------------+-------+---------+---------+
       Total:                         3198    320       192    
                                                               
    .\user_driver\
       oled.o                         848     0         1152   
       motor.o                        1378    0         40     
       huidu.o                        648     0         8      
       key.o                          158     0         8      
       uart.o                         70      0         0      
       delay.o                        28      0         0      
    +--+------------------------------+-------+---------+---------+
       Total:                         3130    0         1208   
                                                               
    C:/TI/mspm0_sdk_2_10_00_04/source/ti/driverlib/lib/ticlang/m0p/mspm0g1x0x_g3x0x/driverlib.a
       dl_timer.o                     608     0         0      
       dl_sysctl_mspm0g1x0x_g3x0x.o   416     0         0      
       dl_uart.o                      138     0         0      
       dl_i2c.o                       132     0         0      
       dl_common.o                    10      0         0      
    +--+------------------------------+-------+---------+---------+
       Total:                         1304    0         0      
                                                               
    D:\vscode\ccs\tools\compiler\ti-cgt-armllvm_4.0.4.LTS\lib\armv6m-ti-none-eabi/c/libc.a
       _printfi.c.obj                 658     17        0      
       copy_decompress_lzss.c.obj     124     0         0      
       sprintf.c.obj                  90      0         0      
       autoinit.c.obj                 60      0         0      
       boot_cortex_m.c.obj            40      0         0      
       memccpy.c.obj                  34      0         0      
       copy_decompress_none.c.obj     18      0         0      
       memcpy16.S.obj                 18      0         0      
       copy_zero_init.c.obj           16      0         0      
       memset16.S.obj                 14      0         0      
       exit.c.obj                     6       0         0      
       pre_init.c.obj                 4       0         0      
    +--+------------------------------+-------+---------+---------+
       Total:                         1082    17        0      
                                                               
    D:\vscode\ccs\tools\compiler\ti-cgt-armllvm_4.0.4.LTS\lib\armv6m-ti-none-eabi/c/libsysbm.a
       hostexit.c.obj                 4       0         0      
    +--+------------------------------+-------+---------+---------+
       Total:                         4       0         0      
                                                               
    D:\vscode\ccs\tools\compiler\ti-cgt-armllvm_4.0.4.LTS\lib\armv6m-ti-none-eabi/libclang_rt.builtins.a
       muldf3.S.obj                   228     0         0      
       comparedf2.c.obj               220     0         0      
       addsf3.S.obj                   216     0         0      
       mulsf3.S.obj                   140     0         0      
       divsf3.S.obj                   130     0         0      
       comparesf2.S.obj               118     0         0      
       truncdfsf2.S.obj               116     0         0      
       aeabi_dcmp.S.obj               98      0         0      
       aeabi_fcmp.S.obj               98      0         0      
       aeabi_idivmod.S.obj            86      0         0      
       aeabi_uidivmod.S.obj           64      0         0      
       extendsfdf2.S.obj              64      0         0      
       floatsisf.S.obj                60      0         0      
       muldsi3.S.obj                  58      0         0      
       fixsfsi.S.obj                  56      0         0      
       floatunsisf.S.obj              40      0         0      
       floatunsidf.S.obj              36      0         0      
       aeabi_memset.S.obj             26      0         0      
       aeabi_memcpy.S.obj             8       0         0      
       aeabi_div0.c.obj               2       0         0      
    +--+------------------------------+-------+---------+---------+
       Total:                         1864    0         0      
                                                               
       Stack:                         0       0         512    
       Linker Generated:              0       56        0      
    +--+------------------------------+-------+---------+---------+
       Grand Total:                   10582   393       1912   


LINKER GENERATED COPY TABLES

__TI_cinit_table @ 00002af0 records: 2, size/record: 8, table size: 16
	.data: load addr=00002ac8, load size=00000014 bytes, run addr=2020053c, run size=0000003c bytes, compression=lzss
	.bss: load addr=00002ae8, load size=00000008 bytes, run addr=20200000, run size=0000053c bytes, compression=zero_init


LINKER GENERATED HANDLER TABLE

__TI_handler_table @ 00002adc records: 3, size/record: 4, table size: 12
	index: 0, handler: __TI_decompress_lzss
	index: 1, handler: __TI_decompress_none
	index: 2, handler: __TI_zero_init


GLOBAL SYMBOLS: SORTED ALPHABETICALLY BY Name 

address   name                                 
-------   ----                                 
000017fd  ADC0_IRQHandler                      
000017fd  ADC1_IRQHandler                      
000017fd  AES_IRQHandler                       
00002a1e  C$$EXIT                              
000017fd  CANFD0_IRQHandler                    
000017fd  DAC0_IRQHandler                      
00000529  DC_MOTOR_PID                         
000029fd  DL_Common_delayCycles                
00001ac9  DL_I2C_fillControllerTXFIFO          
00002383  DL_I2C_setClockConfig                
00002501  DL_SYSCTL_configFCC                  
00000f79  DL_SYSCTL_configSYSPLL               
000018dd  DL_SYSCTL_setHFCLKSourceHFXTParams   
00001de9  DL_SYSCTL_switchMCLKfromSYSOSCtoHSCLK
00000ab5  DL_Timer_initFourCCPWMMode           
00000bb9  DL_Timer_initTimerMode               
0000258d  DL_Timer_setCaptCompUpdateMethod     
00002799  DL_Timer_setCaptureCompareOutCtl     
0000298d  DL_Timer_setCaptureCompareValue      
000025a9  DL_Timer_setClockConfig              
00001d11  DL_UART_init                         
00002915  DL_UART_setClockConfig               
0000215d  DL_UART_transmitDataBlocking         
000017fd  DMA_IRQHandler                       
000017fd  Default_Handler                      
000017fd  GROUP0_IRQHandler                    
00001289  GROUP1_IRQHandler                    
00002a1f  HOSTexit                             
000017fd  HardFault_Handler                    
000017fd  I2C0_IRQHandler                      
000017fd  I2C1_IRQHandler                      
000017fd  NMI_Handler                          
00001a09  OLED_Clear                           
000020c1  OLED_ColorTurn                       
00001d59  OLED_DisplayTurn                     
20200000  OLED_GRAM                            
00000cb5  OLED_Init                            
000014b1  OLED_Refresh                         
000016a1  OLED_WR_Byte                         
20200544  PWM_1_duty                           
20200548  PWM_2_duty                           
000017fd  PendSV_Handler                       
000017fd  RTC_IRQHandler                       
00002a23  Reset_Handler                        
000017fd  SPI0_IRQHandler                      
000017fd  SPI1_IRQHandler                      
000017fd  SVC_Handler                          
00001da1  SYSCFG_DL_DEBUG_init                 
00000345  SYSCFG_DL_GPIO_init                  
000020f5  SYSCFG_DL_MOTOR_PID_init             
00001a69  SYSCFG_DL_OLED_init                  
00001315  SYSCFG_DL_PWMAB_init                 
00000dad  SYSCFG_DL_SYSCTL_SYSPLL_init         
00001715  SYSCFG_DL_SYSCTL_init                
000021bd  SYSCFG_DL_init                       
0000152d  SYSCFG_DL_initPower                  
000017fd  SysTick_Handler                      
00001ee9  TIMA0_IRQHandler                     
000017fd  TIMA1_IRQHandler                     
000017fd  TIMG0_IRQHandler                     
000017fd  TIMG12_IRQHandler                    
000017fd  TIMG6_IRQHandler                     
000017fd  TIMG7_IRQHandler                     
000017fd  TIMG8_IRQHandler                     
00002939  TI_memcpy_small                      
000029c9  TI_memset_small                      
000017fd  UART0_IRQHandler                     
000017fd  UART1_IRQHandler                     
000017fd  UART2_IRQHandler                     
000017fd  UART3_IRQHandler                     
000025e1  UART_send_char                       
00002241  UART_send_string                     
20208000  __STACK_END                          
00000200  __STACK_SIZE                         
00000000  __TI_ATRegion0_region_sz             
00000000  __TI_ATRegion0_src_addr              
00000000  __TI_ATRegion0_trg_addr              
00000000  __TI_ATRegion1_region_sz             
00000000  __TI_ATRegion1_src_addr              
00000000  __TI_ATRegion1_trg_addr              
00000000  __TI_ATRegion2_region_sz             
00000000  __TI_ATRegion2_src_addr              
00000000  __TI_ATRegion2_trg_addr              
00002af0  __TI_CINIT_Base                      
00002b00  __TI_CINIT_Limit                     
00002b00  __TI_CINIT_Warm                      
00002adc  __TI_Handler_Table_Base              
00002ae8  __TI_Handler_Table_Limit             
00001f9d  __TI_auto_init_nobinit_nopinit       
00001625  __TI_decompress_lzss                 
0000294b  __TI_decompress_none                 
ffffffff  __TI_pprof_out_hndl                  
000000c1  __TI_printfi_minimal                 
ffffffff  __TI_prof_data_size                  
ffffffff  __TI_prof_data_start                 
00000000  __TI_static_base__                   
0000299d  __TI_zero_init                       
0000105f  __addsf3                             
00001801  __aeabi_d2f                          
00001941  __aeabi_dcmpeq                       
0000197d  __aeabi_dcmpge                       
00001991  __aeabi_dcmpgt                       
00001969  __aeabi_dcmple                       
00001955  __aeabi_dcmplt                       
00000e95  __aeabi_dmul                         
00001e6d  __aeabi_f2d                          
00002051  __aeabi_f2iz                         
0000105f  __aeabi_fadd                         
000019a5  __aeabi_fcmpeq                       
000019e1  __aeabi_fcmpge                       
000019f5  __aeabi_fcmpgt                       
000019cd  __aeabi_fcmple                       
000019b9  __aeabi_fcmplt                       
0000142d  __aeabi_fdiv                         
000013a1  __aeabi_fmul                         
00001055  __aeabi_fsub                         
00001f25  __aeabi_i2f                          
00001b81  __aeabi_idiv                         
000014af  __aeabi_idiv0                        
00001b81  __aeabi_idivmod                      
000029f1  __aeabi_memclr                       
000029f1  __aeabi_memclr4                      
000029f1  __aeabi_memclr8                      
00002a11  __aeabi_memcpy                       
00002a11  __aeabi_memcpy4                      
00002a11  __aeabi_memcpy8                      
000029ad  __aeabi_memset                       
000029ad  __aeabi_memset4                      
000029ad  __aeabi_memset8                      
000023cd  __aeabi_ui2d                         
0000230d  __aeabi_ui2f                         
00001e2d  __aeabi_uidiv                        
00001e2d  __aeabi_uidivmod                     
ffffffff  __binit__                            
00001875  __cmpdf2                             
00001fd9  __cmpsf2                             
0000142d  __divsf3                             
00001875  __eqdf2                              
00001fd9  __eqsf2                              
00001e6d  __extendsfdf2                        
00002051  __fixsfsi                            
00001f25  __floatsisf                          
000023cd  __floatunsidf                        
0000230d  __floatunsisf                        
00001789  __gedf2                              
00001f61  __gesf2                              
00001789  __gtdf2                              
00001f61  __gtsf2                              
00001875  __ledf2                              
00001fd9  __lesf2                              
00001875  __ltdf2                              
00001fd9  __ltsf2                              
UNDEFED   __mpu_init                           
00000e95  __muldf3                             
00002015  __muldsi3                            
000013a1  __mulsf3                             
00001875  __nedf2                              
00001fd9  __nesf2                              
20207e00  __stack                              
20200000  __start___llvm_prf_bits              
20200000  __start___llvm_prf_cnts              
20200000  __stop___llvm_prf_bits               
20200000  __stop___llvm_prf_cnts               
00001055  __subsf3                             
00001801  __truncdfsf2                         
00002335  _c_int00_noargs                      
UNDEFED   _system_post_cinit                   
00002a27  _system_pre_init                     
00002a19  abort                                
000006e5  adjust_motor                         
ffffffff  binit                                
0000112d  calculate_speed                      
2020054c  counter_1_A                          
20200550  counter_2_A                          
000025fd  delay_ms                             
20200480  gMOTOR_PIDBackup                     
00002129  get_gpio_state                       
000011f1  huidu_get_value                      
2020053c  huidu_value                          
20200554  integral_1                           
20200558  integral_2                           
00000000  interruptVectors                     
2020055c  ki                                   
20200560  kp                                   
0000218d  limit_duty                           
00000879  main                                 
000023f1  memccpy                              
000015a9  motor_init                           
000028dd  motor_pid_start                      
000009a9  motor_set_direction                  
00001b29  motor_set_duty                       
20200564  speed_1                              
20200568  speed_2                              
00002089  sprintf                              
2020056c  status                               
20200570  target_speed_1                       
20200574  target_speed_2                       


GLOBAL SYMBOLS: SORTED BY Symbol Address 

address   name                                 
-------   ----                                 
00000000  __TI_ATRegion0_region_sz             
00000000  __TI_ATRegion0_src_addr              
00000000  __TI_ATRegion0_trg_addr              
00000000  __TI_ATRegion1_region_sz             
00000000  __TI_ATRegion1_src_addr              
00000000  __TI_ATRegion1_trg_addr              
00000000  __TI_ATRegion2_region_sz             
00000000  __TI_ATRegion2_src_addr              
00000000  __TI_ATRegion2_trg_addr              
00000000  __TI_static_base__                   
00000000  interruptVectors                     
000000c1  __TI_printfi_minimal                 
00000200  __STACK_SIZE                         
00000345  SYSCFG_DL_GPIO_init                  
00000529  DC_MOTOR_PID                         
000006e5  adjust_motor                         
00000879  main                                 
000009a9  motor_set_direction                  
00000ab5  DL_Timer_initFourCCPWMMode           
00000bb9  DL_Timer_initTimerMode               
00000cb5  OLED_Init                            
00000dad  SYSCFG_DL_SYSCTL_SYSPLL_init         
00000e95  __aeabi_dmul                         
00000e95  __muldf3                             
00000f79  DL_SYSCTL_configSYSPLL               
00001055  __aeabi_fsub                         
00001055  __subsf3                             
0000105f  __addsf3                             
0000105f  __aeabi_fadd                         
0000112d  calculate_speed                      
000011f1  huidu_get_value                      
00001289  GROUP1_IRQHandler                    
00001315  SYSCFG_DL_PWMAB_init                 
000013a1  __aeabi_fmul                         
000013a1  __mulsf3                             
0000142d  __aeabi_fdiv                         
0000142d  __divsf3                             
000014af  __aeabi_idiv0                        
000014b1  OLED_Refresh                         
0000152d  SYSCFG_DL_initPower                  
000015a9  motor_init                           
00001625  __TI_decompress_lzss                 
000016a1  OLED_WR_Byte                         
00001715  SYSCFG_DL_SYSCTL_init                
00001789  __gedf2                              
00001789  __gtdf2                              
000017fd  ADC0_IRQHandler                      
000017fd  ADC1_IRQHandler                      
000017fd  AES_IRQHandler                       
000017fd  CANFD0_IRQHandler                    
000017fd  DAC0_IRQHandler                      
000017fd  DMA_IRQHandler                       
000017fd  Default_Handler                      
000017fd  GROUP0_IRQHandler                    
000017fd  HardFault_Handler                    
000017fd  I2C0_IRQHandler                      
000017fd  I2C1_IRQHandler                      
000017fd  NMI_Handler                          
000017fd  PendSV_Handler                       
000017fd  RTC_IRQHandler                       
000017fd  SPI0_IRQHandler                      
000017fd  SPI1_IRQHandler                      
000017fd  SVC_Handler                          
000017fd  SysTick_Handler                      
000017fd  TIMA1_IRQHandler                     
000017fd  TIMG0_IRQHandler                     
000017fd  TIMG12_IRQHandler                    
000017fd  TIMG6_IRQHandler                     
000017fd  TIMG7_IRQHandler                     
000017fd  TIMG8_IRQHandler                     
000017fd  UART0_IRQHandler                     
000017fd  UART1_IRQHandler                     
000017fd  UART2_IRQHandler                     
000017fd  UART3_IRQHandler                     
00001801  __aeabi_d2f                          
00001801  __truncdfsf2                         
00001875  __cmpdf2                             
00001875  __eqdf2                              
00001875  __ledf2                              
00001875  __ltdf2                              
00001875  __nedf2                              
000018dd  DL_SYSCTL_setHFCLKSourceHFXTParams   
00001941  __aeabi_dcmpeq                       
00001955  __aeabi_dcmplt                       
00001969  __aeabi_dcmple                       
0000197d  __aeabi_dcmpge                       
00001991  __aeabi_dcmpgt                       
000019a5  __aeabi_fcmpeq                       
000019b9  __aeabi_fcmplt                       
000019cd  __aeabi_fcmple                       
000019e1  __aeabi_fcmpge                       
000019f5  __aeabi_fcmpgt                       
00001a09  OLED_Clear                           
00001a69  SYSCFG_DL_OLED_init                  
00001ac9  DL_I2C_fillControllerTXFIFO          
00001b29  motor_set_duty                       
00001b81  __aeabi_idiv                         
00001b81  __aeabi_idivmod                      
00001d11  DL_UART_init                         
00001d59  OLED_DisplayTurn                     
00001da1  SYSCFG_DL_DEBUG_init                 
00001de9  DL_SYSCTL_switchMCLKfromSYSOSCtoHSCLK
00001e2d  __aeabi_uidiv                        
00001e2d  __aeabi_uidivmod                     
00001e6d  __aeabi_f2d                          
00001e6d  __extendsfdf2                        
00001ee9  TIMA0_IRQHandler                     
00001f25  __aeabi_i2f                          
00001f25  __floatsisf                          
00001f61  __gesf2                              
00001f61  __gtsf2                              
00001f9d  __TI_auto_init_nobinit_nopinit       
00001fd9  __cmpsf2                             
00001fd9  __eqsf2                              
00001fd9  __lesf2                              
00001fd9  __ltsf2                              
00001fd9  __nesf2                              
00002015  __muldsi3                            
00002051  __aeabi_f2iz                         
00002051  __fixsfsi                            
00002089  sprintf                              
000020c1  OLED_ColorTurn                       
000020f5  SYSCFG_DL_MOTOR_PID_init             
00002129  get_gpio_state                       
0000215d  DL_UART_transmitDataBlocking         
0000218d  limit_duty                           
000021bd  SYSCFG_DL_init                       
00002241  UART_send_string                     
0000230d  __aeabi_ui2f                         
0000230d  __floatunsisf                        
00002335  _c_int00_noargs                      
00002383  DL_I2C_setClockConfig                
000023cd  __aeabi_ui2d                         
000023cd  __floatunsidf                        
000023f1  memccpy                              
00002501  DL_SYSCTL_configFCC                  
0000258d  DL_Timer_setCaptCompUpdateMethod     
000025a9  DL_Timer_setClockConfig              
000025e1  UART_send_char                       
000025fd  delay_ms                             
00002799  DL_Timer_setCaptureCompareOutCtl     
000028dd  motor_pid_start                      
00002915  DL_UART_setClockConfig               
00002939  TI_memcpy_small                      
0000294b  __TI_decompress_none                 
0000298d  DL_Timer_setCaptureCompareValue      
0000299d  __TI_zero_init                       
000029ad  __aeabi_memset                       
000029ad  __aeabi_memset4                      
000029ad  __aeabi_memset8                      
000029c9  TI_memset_small                      
000029f1  __aeabi_memclr                       
000029f1  __aeabi_memclr4                      
000029f1  __aeabi_memclr8                      
000029fd  DL_Common_delayCycles                
00002a11  __aeabi_memcpy                       
00002a11  __aeabi_memcpy4                      
00002a11  __aeabi_memcpy8                      
00002a19  abort                                
00002a1e  C$$EXIT                              
00002a1f  HOSTexit                             
00002a23  Reset_Handler                        
00002a27  _system_pre_init                     
00002adc  __TI_Handler_Table_Base              
00002ae8  __TI_Handler_Table_Limit             
00002af0  __TI_CINIT_Base                      
00002b00  __TI_CINIT_Limit                     
00002b00  __TI_CINIT_Warm                      
20200000  OLED_GRAM                            
20200000  __start___llvm_prf_bits              
20200000  __start___llvm_prf_cnts              
20200000  __stop___llvm_prf_bits               
20200000  __stop___llvm_prf_cnts               
20200480  gMOTOR_PIDBackup                     
2020053c  huidu_value                          
20200544  PWM_1_duty                           
20200548  PWM_2_duty                           
2020054c  counter_1_A                          
20200550  counter_2_A                          
20200554  integral_1                           
20200558  integral_2                           
2020055c  ki                                   
20200560  kp                                   
20200564  speed_1                              
20200568  speed_2                              
2020056c  status                               
20200570  target_speed_1                       
20200574  target_speed_2                       
20207e00  __stack                              
20208000  __STACK_END                          
ffffffff  __TI_pprof_out_hndl                  
ffffffff  __TI_prof_data_size                  
ffffffff  __TI_prof_data_start                 
ffffffff  __binit__                            
ffffffff  binit                                
UNDEFED   __mpu_init                           
UNDEFED   _system_post_cinit                   

[197 symbols]
